<html>
<body>
<pre>
<h1>µVision Build Log</h1>
<h2>Tool Versions:</h2>
IDE-Version: µVision V5.33.0.0
Copyright (C) 2020 ARM Ltd and ARM Germany GmbH. All rights reserved.
License Information: D M, CDC, LIC=----
 
Tool Versions:
Toolchain:       MDK-Lite  Version: 5.33.0.0
Toolchain Path:  C:\Keil_v5\ARM\ARMCC\Bin
C Compiler:      Armcc.exe V5.06 update 7 (build 960)
Assembler:       Armasm.exe V5.06 update 7 (build 960)
Linker/Locator:  ArmLink.exe V5.06 update 7 (build 960)
Library Manager: ArmAr.exe V5.06 update 7 (build 960)
Hex Converter:   FromElf.exe V5.06 update 7 (build 960)
CPU DLL:         SARMCM3.DLL V5.33.0.0
Dialog DLL:      DARMCM1.DLL V1.19.4.0
Target DLL:      STLink\ST-LINKIII-KEIL_SWO.dll V3.0.8.0
Dialog DLL:      TARMCM1.DLL V1.14.3.0
 
<h2>Project:</h2>
D:\UBUNTU-VBOX-SHARED-FOLDER\GITHUB\EMBEDDED_C_CPP\STM32CUBEMXWorkSpace\STM32_BLE_PROJ\0_GETTING_STARTED\MDK-ARM\0_GETTING_STARTED.uvprojx
Project File Date:  04/07/2021

<h2>Output:</h2>
*** Using Compiler 'V5.06 update 7 (build 960)', folder: 'C:\Keil_v5\ARM\ARMCC\Bin'
Build target '0_GETTING_STARTED'
assembling startup_stm32f091xc.s...
compiling main.c...
compiling stm32f0xx_hal_spi.c...
compiling hci_tl_interface.c...
compiling stm32f0xx_hal_msp.c...
compiling stm32f0xx_hal_spi_ex.c...
compiling gpio.c...
compiling stm32f0xx_hal_gpio.c...
compiling stm32f0xx_hal_i2c.c...
compiling stm32f0xx_hal_i2c_ex.c...
compiling stm32f0xx_hal_rcc_ex.c...
compiling stm32f0xx_nucleo_bus.c...
compiling usart.c...
compiling stm32f0xx_it.c...
compiling stm32f0xx_hal.c...
compiling stm32f0xx_hal_rcc.c...
compiling stm32f0xx_hal_cortex.c...
compiling stm32f0xx_hal_dma.c...
compiling bluenrg_IFR.c...
../Middlewares/ST/BlueNRG-MS/hci/controller/bluenrg_IFR.c(356): warning:  #1215-D: #warning directive: BLUENRG_CONFIG not valid
  #warning BLUENRG_CONFIG not valid
../Middlewares/ST/BlueNRG-MS/hci/controller/bluenrg_IFR.c: 1 warning, 0 errors
compiling stm32f0xx_hal_flash_ex.c...
compiling stm32f0xx_hal_flash.c...
compiling stm32f0xx_hal_pwr.c...
compiling stm32f0xx_hal_tim.c...
compiling stm32f0xx_hal_uart_ex.c...
compiling system_stm32f0xx.c...
compiling ble_list.c...
compiling stm32f0xx_hal_pwr_ex.c...
compiling stm32f0xx_hal_exti.c...
compiling stm32f0xx_hal_tim_ex.c...
compiling stm32f0xx_hal_uart.c...
compiling bluenrg_gap_aci.c...
compiling bluenrg_gatt_aci.c...
compiling bluenrg_hal_aci.c...
compiling hci_tl.c...
compiling hci_le.c...
compiling bluenrg_updater_aci.c...
compiling bluenrg_l2cap_aci.c...
compiling bluenrg_utils_small.c...
linking...
Program Size: Code=4384 RO-data=244 RW-data=24 ZI-data=1160  
FromELF: creating hex file...
"0_GETTING_STARTED\0_GETTING_STARTED.axf" - 0 Error(s), 1 Warning(s).

<h2>Software Packages used:</h2>

Package Vendor: ARM
                http://www.keil.com/pack/ARM.CMSIS.5.7.0.pack
                ARM.CMSIS.5.7.0
                CMSIS (Cortex Microcontroller Software Interface Standard)
   * Component: CORE Version: 5.4.0

Package Vendor: Keil
                http://www.keil.com/pack/Keil.STM32F0xx_DFP.2.1.0.pack
                Keil.STM32F0xx_DFP.2.1.0
                STMicroelectronics STM32F0 Series Device Support, Drivers and Examples

<h2>Collection of Component include folders:</h2>
  .\RTE\_0_GETTING_STARTED
  C:\Users\erdma\AppData\Local\Arm\Packs\ARM\CMSIS\5.7.0\CMSIS\Core\Include
  C:\Users\erdma\AppData\Local\Arm\Packs\Keil\STM32F0xx_DFP\2.1.0\Drivers\CMSIS\Device\ST\STM32F0xx\Include

<h2>Collection of Component Files used:</h2>

   * Component: ARM::CMSIS:CORE:5.4.0
      Include file:  CMSIS\Core\Include\tz_context.h
Build Time Elapsed:  00:00:17
</pre>
</body>
</html>
