18:21:28 **** Build of configuration Debug for project Button_STM32F407VG_DISC ****
make all 
Building file: ../startup/startup_stm32f407xx.s
Invoking: MCU GCC Assembler
F:\OpenSTM32Workspace\STM32F407VG_DISC\Button_STM32F407VG_DISC\Debug
arm-none-eabi-as -mcpu=cortex-m4 -mthumb -mfloat-abi=hard -mfpu=fpv4-sp-d16 -g -o "startup/startup_stm32f407xx.o" "../startup/startup_stm32f407xx.s"
Finished building: ../startup/startup_stm32f407xx.s
 
Building file: ../Src/main.c
Invoking: MCU GCC Compiler
F:\OpenSTM32Workspace\STM32F407VG_DISC\Button_STM32F407VG_DISC\Debug
arm-none-eabi-gcc -mcpu=cortex-m4 -mthumb -mfloat-abi=hard -mfpu=fpv4-sp-d16 -DUSE_HAL_DRIVER -DSTM32F407xx -I"F:/OpenSTM32Workspace/STM32F407VG_DISC/Button_STM32F407VG_DISC/Inc" -I"F:/OpenSTM32Workspace/STM32F407VG_DISC/Button_STM32F407VG_DISC/Drivers/STM32F4xx_HAL_Driver/Inc" -I"F:/OpenSTM32Workspace/STM32F407VG_DISC/Button_STM32F407VG_DISC/Drivers/STM32F4xx_HAL_Driver/Inc/Legacy" -I"F:/OpenSTM32Workspace/STM32F407VG_DISC/Button_STM32F407VG_DISC/Middlewares/ST/STM32_USB_Host_Library/Core/Inc" -I"F:/OpenSTM32Workspace/STM32F407VG_DISC/Button_STM32F407VG_DISC/Middlewares/ST/STM32_USB_Host_Library/Class/CDC/Inc" -I"F:/OpenSTM32Workspace/STM32F407VG_DISC/Button_STM32F407VG_DISC/Drivers/CMSIS/Device/ST/STM32F4xx/Include" -I"F:/OpenSTM32Workspace/STM32F407VG_DISC/Button_STM32F407VG_DISC/Drivers/CMSIS/Include"  -Og -g3 -Wall -fmessage-length=0 -ffunction-sections -c -fmessage-length=0 -MMD -MP -MF"Src/main.d" -MT"Src/main.o" -o "Src/main.o" "../Src/main.c"
Finished building: ../Src/main.c
 
Building file: ../Src/stm32f4xx_hal_msp.c
Invoking: MCU GCC Compiler
F:\OpenSTM32Workspace\STM32F407VG_DISC\Button_STM32F407VG_DISC\Debug
arm-none-eabi-gcc -mcpu=cortex-m4 -mthumb -mfloat-abi=hard -mfpu=fpv4-sp-d16 -DUSE_HAL_DRIVER -DSTM32F407xx -I"F:/OpenSTM32Workspace/STM32F407VG_DISC/Button_STM32F407VG_DISC/Inc" -I"F:/OpenSTM32Workspace/STM32F407VG_DISC/Button_STM32F407VG_DISC/Drivers/STM32F4xx_HAL_Driver/Inc" -I"F:/OpenSTM32Workspace/STM32F407VG_DISC/Button_STM32F407VG_DISC/Drivers/STM32F4xx_HAL_Driver/Inc/Legacy" -I"F:/OpenSTM32Workspace/STM32F407VG_DISC/Button_STM32F407VG_DISC/Middlewares/ST/STM32_USB_Host_Library/Core/Inc" -I"F:/OpenSTM32Workspace/STM32F407VG_DISC/Button_STM32F407VG_DISC/Middlewares/ST/STM32_USB_Host_Library/Class/CDC/Inc" -I"F:/OpenSTM32Workspace/STM32F407VG_DISC/Button_STM32F407VG_DISC/Drivers/CMSIS/Device/ST/STM32F4xx/Include" -I"F:/OpenSTM32Workspace/STM32F407VG_DISC/Button_STM32F407VG_DISC/Drivers/CMSIS/Include"  -Og -g3 -Wall -fmessage-length=0 -ffunction-sections -c -fmessage-length=0 -MMD -MP -MF"Src/stm32f4xx_hal_msp.d" -MT"Src/stm32f4xx_hal_msp.o" -o "Src/stm32f4xx_hal_msp.o" "../Src/stm32f4xx_hal_msp.c"
Finished building: ../Src/stm32f4xx_hal_msp.c
 
Building file: ../Src/stm32f4xx_it.c
Invoking: MCU GCC Compiler
F:\OpenSTM32Workspace\STM32F407VG_DISC\Button_STM32F407VG_DISC\Debug
arm-none-eabi-gcc -mcpu=cortex-m4 -mthumb -mfloat-abi=hard -mfpu=fpv4-sp-d16 -DUSE_HAL_DRIVER -DSTM32F407xx -I"F:/OpenSTM32Workspace/STM32F407VG_DISC/Button_STM32F407VG_DISC/Inc" -I"F:/OpenSTM32Workspace/STM32F407VG_DISC/Button_STM32F407VG_DISC/Drivers/STM32F4xx_HAL_Driver/Inc" -I"F:/OpenSTM32Workspace/STM32F407VG_DISC/Button_STM32F407VG_DISC/Drivers/STM32F4xx_HAL_Driver/Inc/Legacy" -I"F:/OpenSTM32Workspace/STM32F407VG_DISC/Button_STM32F407VG_DISC/Middlewares/ST/STM32_USB_Host_Library/Core/Inc" -I"F:/OpenSTM32Workspace/STM32F407VG_DISC/Button_STM32F407VG_DISC/Middlewares/ST/STM32_USB_Host_Library/Class/CDC/Inc" -I"F:/OpenSTM32Workspace/STM32F407VG_DISC/Button_STM32F407VG_DISC/Drivers/CMSIS/Device/ST/STM32F4xx/Include" -I"F:/OpenSTM32Workspace/STM32F407VG_DISC/Button_STM32F407VG_DISC/Drivers/CMSIS/Include"  -Og -g3 -Wall -fmessage-length=0 -ffunction-sections -c -fmessage-length=0 -MMD -MP -MF"Src/stm32f4xx_it.d" -MT"Src/stm32f4xx_it.o" -o "Src/stm32f4xx_it.o" "../Src/stm32f4xx_it.c"
Finished building: ../Src/stm32f4xx_it.c
 
Building file: ../Src/syscalls.c
Invoking: MCU GCC Compiler
F:\OpenSTM32Workspace\STM32F407VG_DISC\Button_STM32F407VG_DISC\Debug
arm-none-eabi-gcc -mcpu=cortex-m4 -mthumb -mfloat-abi=hard -mfpu=fpv4-sp-d16 -DUSE_HAL_DRIVER -DSTM32F407xx -I"F:/OpenSTM32Workspace/STM32F407VG_DISC/Button_STM32F407VG_DISC/Inc" -I"F:/OpenSTM32Workspace/STM32F407VG_DISC/Button_STM32F407VG_DISC/Drivers/STM32F4xx_HAL_Driver/Inc" -I"F:/OpenSTM32Workspace/STM32F407VG_DISC/Button_STM32F407VG_DISC/Drivers/STM32F4xx_HAL_Driver/Inc/Legacy" -I"F:/OpenSTM32Workspace/STM32F407VG_DISC/Button_STM32F407VG_DISC/Middlewares/ST/STM32_USB_Host_Library/Core/Inc" -I"F:/OpenSTM32Workspace/STM32F407VG_DISC/Button_STM32F407VG_DISC/Middlewares/ST/STM32_USB_Host_Library/Class/CDC/Inc" -I"F:/OpenSTM32Workspace/STM32F407VG_DISC/Button_STM32F407VG_DISC/Drivers/CMSIS/Device/ST/STM32F4xx/Include" -I"F:/OpenSTM32Workspace/STM32F407VG_DISC/Button_STM32F407VG_DISC/Drivers/CMSIS/Include"  -Og -g3 -Wall -fmessage-length=0 -ffunction-sections -c -fmessage-length=0 -MMD -MP -MF"Src/syscalls.d" -MT"Src/syscalls.o" -o "Src/syscalls.o" "../Src/syscalls.c"
Finished building: ../Src/syscalls.c
 
Building file: ../Src/system_stm32f4xx.c
Invoking: MCU GCC Compiler
F:\OpenSTM32Workspace\STM32F407VG_DISC\Button_STM32F407VG_DISC\Debug
arm-none-eabi-gcc -mcpu=cortex-m4 -mthumb -mfloat-abi=hard -mfpu=fpv4-sp-d16 -DUSE_HAL_DRIVER -DSTM32F407xx -I"F:/OpenSTM32Workspace/STM32F407VG_DISC/Button_STM32F407VG_DISC/Inc" -I"F:/OpenSTM32Workspace/STM32F407VG_DISC/Button_STM32F407VG_DISC/Drivers/STM32F4xx_HAL_Driver/Inc" -I"F:/OpenSTM32Workspace/STM32F407VG_DISC/Button_STM32F407VG_DISC/Drivers/STM32F4xx_HAL_Driver/Inc/Legacy" -I"F:/OpenSTM32Workspace/STM32F407VG_DISC/Button_STM32F407VG_DISC/Middlewares/ST/STM32_USB_Host_Library/Core/Inc" -I"F:/OpenSTM32Workspace/STM32F407VG_DISC/Button_STM32F407VG_DISC/Middlewares/ST/STM32_USB_Host_Library/Class/CDC/Inc" -I"F:/OpenSTM32Workspace/STM32F407VG_DISC/Button_STM32F407VG_DISC/Drivers/CMSIS/Device/ST/STM32F4xx/Include" -I"F:/OpenSTM32Workspace/STM32F407VG_DISC/Button_STM32F407VG_DISC/Drivers/CMSIS/Include"  -Og -g3 -Wall -fmessage-length=0 -ffunction-sections -c -fmessage-length=0 -MMD -MP -MF"Src/system_stm32f4xx.d" -MT"Src/system_stm32f4xx.o" -o "Src/system_stm32f4xx.o" "../Src/system_stm32f4xx.c"
Finished building: ../Src/system_stm32f4xx.c
 
Building file: ../Src/usb_host.c
Invoking: MCU GCC Compiler
F:\OpenSTM32Workspace\STM32F407VG_DISC\Button_STM32F407VG_DISC\Debug
arm-none-eabi-gcc -mcpu=cortex-m4 -mthumb -mfloat-abi=hard -mfpu=fpv4-sp-d16 -DUSE_HAL_DRIVER -DSTM32F407xx -I"F:/OpenSTM32Workspace/STM32F407VG_DISC/Button_STM32F407VG_DISC/Inc" -I"F:/OpenSTM32Workspace/STM32F407VG_DISC/Button_STM32F407VG_DISC/Drivers/STM32F4xx_HAL_Driver/Inc" -I"F:/OpenSTM32Workspace/STM32F407VG_DISC/Button_STM32F407VG_DISC/Drivers/STM32F4xx_HAL_Driver/Inc/Legacy" -I"F:/OpenSTM32Workspace/STM32F407VG_DISC/Button_STM32F407VG_DISC/Middlewares/ST/STM32_USB_Host_Library/Core/Inc" -I"F:/OpenSTM32Workspace/STM32F407VG_DISC/Button_STM32F407VG_DISC/Middlewares/ST/STM32_USB_Host_Library/Class/CDC/Inc" -I"F:/OpenSTM32Workspace/STM32F407VG_DISC/Button_STM32F407VG_DISC/Drivers/CMSIS/Device/ST/STM32F4xx/Include" -I"F:/OpenSTM32Workspace/STM32F407VG_DISC/Button_STM32F407VG_DISC/Drivers/CMSIS/Include"  -Og -g3 -Wall -fmessage-length=0 -ffunction-sections -c -fmessage-length=0 -MMD -MP -MF"Src/usb_host.d" -MT"Src/usb_host.o" -o "Src/usb_host.o" "../Src/usb_host.c"
Finished building: ../Src/usb_host.c
 
Building file: ../Src/usbh_conf.c
Invoking: MCU GCC Compiler
F:\OpenSTM32Workspace\STM32F407VG_DISC\Button_STM32F407VG_DISC\Debug
arm-none-eabi-gcc -mcpu=cortex-m4 -mthumb -mfloat-abi=hard -mfpu=fpv4-sp-d16 -DUSE_HAL_DRIVER -DSTM32F407xx -I"F:/OpenSTM32Workspace/STM32F407VG_DISC/Button_STM32F407VG_DISC/Inc" -I"F:/OpenSTM32Workspace/STM32F407VG_DISC/Button_STM32F407VG_DISC/Drivers/STM32F4xx_HAL_Driver/Inc" -I"F:/OpenSTM32Workspace/STM32F407VG_DISC/Button_STM32F407VG_DISC/Drivers/STM32F4xx_HAL_Driver/Inc/Legacy" -I"F:/OpenSTM32Workspace/STM32F407VG_DISC/Button_STM32F407VG_DISC/Middlewares/ST/STM32_USB_Host_Library/Core/Inc" -I"F:/OpenSTM32Workspace/STM32F407VG_DISC/Button_STM32F407VG_DISC/Middlewares/ST/STM32_USB_Host_Library/Class/CDC/Inc" -I"F:/OpenSTM32Workspace/STM32F407VG_DISC/Button_STM32F407VG_DISC/Drivers/CMSIS/Device/ST/STM32F4xx/Include" -I"F:/OpenSTM32Workspace/STM32F407VG_DISC/Button_STM32F407VG_DISC/Drivers/CMSIS/Include"  -Og -g3 -Wall -fmessage-length=0 -ffunction-sections -c -fmessage-length=0 -MMD -MP -MF"Src/usbh_conf.d" -MT"Src/usbh_conf.o" -o "Src/usbh_conf.o" "../Src/usbh_conf.c"
Finished building: ../Src/usbh_conf.c
 
Building file: ../Src/usbh_platform.c
Invoking: MCU GCC Compiler
F:\OpenSTM32Workspace\STM32F407VG_DISC\Button_STM32F407VG_DISC\Debug
arm-none-eabi-gcc -mcpu=cortex-m4 -mthumb -mfloat-abi=hard -mfpu=fpv4-sp-d16 -DUSE_HAL_DRIVER -DSTM32F407xx -I"F:/OpenSTM32Workspace/STM32F407VG_DISC/Button_STM32F407VG_DISC/Inc" -I"F:/OpenSTM32Workspace/STM32F407VG_DISC/Button_STM32F407VG_DISC/Drivers/STM32F4xx_HAL_Driver/Inc" -I"F:/OpenSTM32Workspace/STM32F407VG_DISC/Button_STM32F407VG_DISC/Drivers/STM32F4xx_HAL_Driver/Inc/Legacy" -I"F:/OpenSTM32Workspace/STM32F407VG_DISC/Button_STM32F407VG_DISC/Middlewares/ST/STM32_USB_Host_Library/Core/Inc" -I"F:/OpenSTM32Workspace/STM32F407VG_DISC/Button_STM32F407VG_DISC/Middlewares/ST/STM32_USB_Host_Library/Class/CDC/Inc" -I"F:/OpenSTM32Workspace/STM32F407VG_DISC/Button_STM32F407VG_DISC/Drivers/CMSIS/Device/ST/STM32F4xx/Include" -I"F:/OpenSTM32Workspace/STM32F407VG_DISC/Button_STM32F407VG_DISC/Drivers/CMSIS/Include"  -Og -g3 -Wall -fmessage-length=0 -ffunction-sections -c -fmessage-length=0 -MMD -MP -MF"Src/usbh_platform.d" -MT"Src/usbh_platform.o" -o "Src/usbh_platform.o" "../Src/usbh_platform.c"
Finished building: ../Src/usbh_platform.c
 
Building file: ../Middlewares/ST/STM32_USB_Host_Library/Core/Src/usbh_core.c
Invoking: MCU GCC Compiler
F:\OpenSTM32Workspace\STM32F407VG_DISC\Button_STM32F407VG_DISC\Debug
arm-none-eabi-gcc -mcpu=cortex-m4 -mthumb -mfloat-abi=hard -mfpu=fpv4-sp-d16 -DUSE_HAL_DRIVER -DSTM32F407xx -I"F:/OpenSTM32Workspace/STM32F407VG_DISC/Button_STM32F407VG_DISC/Inc" -I"F:/OpenSTM32Workspace/STM32F407VG_DISC/Button_STM32F407VG_DISC/Drivers/STM32F4xx_HAL_Driver/Inc" -I"F:/OpenSTM32Workspace/STM32F407VG_DISC/Button_STM32F407VG_DISC/Drivers/STM32F4xx_HAL_Driver/Inc/Legacy" -I"F:/OpenSTM32Workspace/STM32F407VG_DISC/Button_STM32F407VG_DISC/Middlewares/ST/STM32_USB_Host_Library/Core/Inc" -I"F:/OpenSTM32Workspace/STM32F407VG_DISC/Button_STM32F407VG_DISC/Middlewares/ST/STM32_USB_Host_Library/Class/CDC/Inc" -I"F:/OpenSTM32Workspace/STM32F407VG_DISC/Button_STM32F407VG_DISC/Drivers/CMSIS/Device/ST/STM32F4xx/Include" -I"F:/OpenSTM32Workspace/STM32F407VG_DISC/Button_STM32F407VG_DISC/Drivers/CMSIS/Include"  -Og -g3 -Wall -fmessage-length=0 -ffunction-sections -c -fmessage-length=0 -MMD -MP -MF"Middlewares/ST/STM32_USB_Host_Library/Core/Src/usbh_core.d" -MT"Middlewares/ST/STM32_USB_Host_Library/Core/Src/usbh_core.o" -o "Middlewares/ST/STM32_USB_Host_Library/Core/Src/usbh_core.o" "../Middlewares/ST/STM32_USB_Host_Library/Core/Src/usbh_core.c"
Finished building: ../Middlewares/ST/STM32_USB_Host_Library/Core/Src/usbh_core.c
 
Building file: ../Middlewares/ST/STM32_USB_Host_Library/Core/Src/usbh_ctlreq.c
Invoking: MCU GCC Compiler
F:\OpenSTM32Workspace\STM32F407VG_DISC\Button_STM32F407VG_DISC\Debug
arm-none-eabi-gcc -mcpu=cortex-m4 -mthumb -mfloat-abi=hard -mfpu=fpv4-sp-d16 -DUSE_HAL_DRIVER -DSTM32F407xx -I"F:/OpenSTM32Workspace/STM32F407VG_DISC/Button_STM32F407VG_DISC/Inc" -I"F:/OpenSTM32Workspace/STM32F407VG_DISC/Button_STM32F407VG_DISC/Drivers/STM32F4xx_HAL_Driver/Inc" -I"F:/OpenSTM32Workspace/STM32F407VG_DISC/Button_STM32F407VG_DISC/Drivers/STM32F4xx_HAL_Driver/Inc/Legacy" -I"F:/OpenSTM32Workspace/STM32F407VG_DISC/Button_STM32F407VG_DISC/Middlewares/ST/STM32_USB_Host_Library/Core/Inc" -I"F:/OpenSTM32Workspace/STM32F407VG_DISC/Button_STM32F407VG_DISC/Middlewares/ST/STM32_USB_Host_Library/Class/CDC/Inc" -I"F:/OpenSTM32Workspace/STM32F407VG_DISC/Button_STM32F407VG_DISC/Drivers/CMSIS/Device/ST/STM32F4xx/Include" -I"F:/OpenSTM32Workspace/STM32F407VG_DISC/Button_STM32F407VG_DISC/Drivers/CMSIS/Include"  -Og -g3 -Wall -fmessage-length=0 -ffunction-sections -c -fmessage-length=0 -MMD -MP -MF"Middlewares/ST/STM32_USB_Host_Library/Core/Src/usbh_ctlreq.d" -MT"Middlewares/ST/STM32_USB_Host_Library/Core/Src/usbh_ctlreq.o" -o "Middlewares/ST/STM32_USB_Host_Library/Core/Src/usbh_ctlreq.o" "../Middlewares/ST/STM32_USB_Host_Library/Core/Src/usbh_ctlreq.c"
Finished building: ../Middlewares/ST/STM32_USB_Host_Library/Core/Src/usbh_ctlreq.c
 
Building file: ../Middlewares/ST/STM32_USB_Host_Library/Core/Src/usbh_ioreq.c
Invoking: MCU GCC Compiler
F:\OpenSTM32Workspace\STM32F407VG_DISC\Button_STM32F407VG_DISC\Debug
arm-none-eabi-gcc -mcpu=cortex-m4 -mthumb -mfloat-abi=hard -mfpu=fpv4-sp-d16 -DUSE_HAL_DRIVER -DSTM32F407xx -I"F:/OpenSTM32Workspace/STM32F407VG_DISC/Button_STM32F407VG_DISC/Inc" -I"F:/OpenSTM32Workspace/STM32F407VG_DISC/Button_STM32F407VG_DISC/Drivers/STM32F4xx_HAL_Driver/Inc" -I"F:/OpenSTM32Workspace/STM32F407VG_DISC/Button_STM32F407VG_DISC/Drivers/STM32F4xx_HAL_Driver/Inc/Legacy" -I"F:/OpenSTM32Workspace/STM32F407VG_DISC/Button_STM32F407VG_DISC/Middlewares/ST/STM32_USB_Host_Library/Core/Inc" -I"F:/OpenSTM32Workspace/STM32F407VG_DISC/Button_STM32F407VG_DISC/Middlewares/ST/STM32_USB_Host_Library/Class/CDC/Inc" -I"F:/OpenSTM32Workspace/STM32F407VG_DISC/Button_STM32F407VG_DISC/Drivers/CMSIS/Device/ST/STM32F4xx/Include" -I"F:/OpenSTM32Workspace/STM32F407VG_DISC/Button_STM32F407VG_DISC/Drivers/CMSIS/Include"  -Og -g3 -Wall -fmessage-length=0 -ffunction-sections -c -fmessage-length=0 -MMD -MP -MF"Middlewares/ST/STM32_USB_Host_Library/Core/Src/usbh_ioreq.d" -MT"Middlewares/ST/STM32_USB_Host_Library/Core/Src/usbh_ioreq.o" -o "Middlewares/ST/STM32_USB_Host_Library/Core/Src/usbh_ioreq.o" "../Middlewares/ST/STM32_USB_Host_Library/Core/Src/usbh_ioreq.c"
Finished building: ../Middlewares/ST/STM32_USB_Host_Library/Core/Src/usbh_ioreq.c
 
Building file: ../Middlewares/ST/STM32_USB_Host_Library/Core/Src/usbh_pipes.c
Invoking: MCU GCC Compiler
F:\OpenSTM32Workspace\STM32F407VG_DISC\Button_STM32F407VG_DISC\Debug
arm-none-eabi-gcc -mcpu=cortex-m4 -mthumb -mfloat-abi=hard -mfpu=fpv4-sp-d16 -DUSE_HAL_DRIVER -DSTM32F407xx -I"F:/OpenSTM32Workspace/STM32F407VG_DISC/Button_STM32F407VG_DISC/Inc" -I"F:/OpenSTM32Workspace/STM32F407VG_DISC/Button_STM32F407VG_DISC/Drivers/STM32F4xx_HAL_Driver/Inc" -I"F:/OpenSTM32Workspace/STM32F407VG_DISC/Button_STM32F407VG_DISC/Drivers/STM32F4xx_HAL_Driver/Inc/Legacy" -I"F:/OpenSTM32Workspace/STM32F407VG_DISC/Button_STM32F407VG_DISC/Middlewares/ST/STM32_USB_Host_Library/Core/Inc" -I"F:/OpenSTM32Workspace/STM32F407VG_DISC/Button_STM32F407VG_DISC/Middlewares/ST/STM32_USB_Host_Library/Class/CDC/Inc" -I"F:/OpenSTM32Workspace/STM32F407VG_DISC/Button_STM32F407VG_DISC/Drivers/CMSIS/Device/ST/STM32F4xx/Include" -I"F:/OpenSTM32Workspace/STM32F407VG_DISC/Button_STM32F407VG_DISC/Drivers/CMSIS/Include"  -Og -g3 -Wall -fmessage-length=0 -ffunction-sections -c -fmessage-length=0 -MMD -MP -MF"Middlewares/ST/STM32_USB_Host_Library/Core/Src/usbh_pipes.d" -MT"Middlewares/ST/STM32_USB_Host_Library/Core/Src/usbh_pipes.o" -o "Middlewares/ST/STM32_USB_Host_Library/Core/Src/usbh_pipes.o" "../Middlewares/ST/STM32_USB_Host_Library/Core/Src/usbh_pipes.c"
Finished building: ../Middlewares/ST/STM32_USB_Host_Library/Core/Src/usbh_pipes.c
 
Building file: ../Middlewares/ST/STM32_USB_Host_Library/Class/CDC/Src/usbh_cdc.c
Invoking: MCU GCC Compiler
F:\OpenSTM32Workspace\STM32F407VG_DISC\Button_STM32F407VG_DISC\Debug
arm-none-eabi-gcc -mcpu=cortex-m4 -mthumb -mfloat-abi=hard -mfpu=fpv4-sp-d16 -DUSE_HAL_DRIVER -DSTM32F407xx -I"F:/OpenSTM32Workspace/STM32F407VG_DISC/Button_STM32F407VG_DISC/Inc" -I"F:/OpenSTM32Workspace/STM32F407VG_DISC/Button_STM32F407VG_DISC/Drivers/STM32F4xx_HAL_Driver/Inc" -I"F:/OpenSTM32Workspace/STM32F407VG_DISC/Button_STM32F407VG_DISC/Drivers/STM32F4xx_HAL_Driver/Inc/Legacy" -I"F:/OpenSTM32Workspace/STM32F407VG_DISC/Button_STM32F407VG_DISC/Middlewares/ST/STM32_USB_Host_Library/Core/Inc" -I"F:/OpenSTM32Workspace/STM32F407VG_DISC/Button_STM32F407VG_DISC/Middlewares/ST/STM32_USB_Host_Library/Class/CDC/Inc" -I"F:/OpenSTM32Workspace/STM32F407VG_DISC/Button_STM32F407VG_DISC/Drivers/CMSIS/Device/ST/STM32F4xx/Include" -I"F:/OpenSTM32Workspace/STM32F407VG_DISC/Button_STM32F407VG_DISC/Drivers/CMSIS/Include"  -Og -g3 -Wall -fmessage-length=0 -ffunction-sections -c -fmessage-length=0 -MMD -MP -MF"Middlewares/ST/STM32_USB_Host_Library/Class/CDC/Src/usbh_cdc.d" -MT"Middlewares/ST/STM32_USB_Host_Library/Class/CDC/Src/usbh_cdc.o" -o "Middlewares/ST/STM32_USB_Host_Library/Class/CDC/Src/usbh_cdc.o" "../Middlewares/ST/STM32_USB_Host_Library/Class/CDC/Src/usbh_cdc.c"
Finished building: ../Middlewares/ST/STM32_USB_Host_Library/Class/CDC/Src/usbh_cdc.c
 
Building file: ../Drivers/STM32F4xx_HAL_Driver/Src/stm32f4xx_hal.c
Invoking: MCU GCC Compiler
F:\OpenSTM32Workspace\STM32F407VG_DISC\Button_STM32F407VG_DISC\Debug
arm-none-eabi-gcc -mcpu=cortex-m4 -mthumb -mfloat-abi=hard -mfpu=fpv4-sp-d16 -DUSE_HAL_DRIVER -DSTM32F407xx -I"F:/OpenSTM32Workspace/STM32F407VG_DISC/Button_STM32F407VG_DISC/Inc" -I"F:/OpenSTM32Workspace/STM32F407VG_DISC/Button_STM32F407VG_DISC/Drivers/STM32F4xx_HAL_Driver/Inc" -I"F:/OpenSTM32Workspace/STM32F407VG_DISC/Button_STM32F407VG_DISC/Drivers/STM32F4xx_HAL_Driver/Inc/Legacy" -I"F:/OpenSTM32Workspace/STM32F407VG_DISC/Button_STM32F407VG_DISC/Middlewares/ST/STM32_USB_Host_Library/Core/Inc" -I"F:/OpenSTM32Workspace/STM32F407VG_DISC/Button_STM32F407VG_DISC/Middlewares/ST/STM32_USB_Host_Library/Class/CDC/Inc" -I"F:/OpenSTM32Workspace/STM32F407VG_DISC/Button_STM32F407VG_DISC/Drivers/CMSIS/Device/ST/STM32F4xx/Include" -I"F:/OpenSTM32Workspace/STM32F407VG_DISC/Button_STM32F407VG_DISC/Drivers/CMSIS/Include"  -Og -g3 -Wall -fmessage-length=0 -ffunction-sections -c -fmessage-length=0 -MMD -MP -MF"Drivers/STM32F4xx_HAL_Driver/Src/stm32f4xx_hal.d" -MT"Drivers/STM32F4xx_HAL_Driver/Src/stm32f4xx_hal.o" -o "Drivers/STM32F4xx_HAL_Driver/Src/stm32f4xx_hal.o" "../Drivers/STM32F4xx_HAL_Driver/Src/stm32f4xx_hal.c"
Finished building: ../Drivers/STM32F4xx_HAL_Driver/Src/stm32f4xx_hal.c
 
Building file: ../Drivers/STM32F4xx_HAL_Driver/Src/stm32f4xx_hal_cortex.c
Invoking: MCU GCC Compiler
F:\OpenSTM32Workspace\STM32F407VG_DISC\Button_STM32F407VG_DISC\Debug
arm-none-eabi-gcc -mcpu=cortex-m4 -mthumb -mfloat-abi=hard -mfpu=fpv4-sp-d16 -DUSE_HAL_DRIVER -DSTM32F407xx -I"F:/OpenSTM32Workspace/STM32F407VG_DISC/Button_STM32F407VG_DISC/Inc" -I"F:/OpenSTM32Workspace/STM32F407VG_DISC/Button_STM32F407VG_DISC/Drivers/STM32F4xx_HAL_Driver/Inc" -I"F:/OpenSTM32Workspace/STM32F407VG_DISC/Button_STM32F407VG_DISC/Drivers/STM32F4xx_HAL_Driver/Inc/Legacy" -I"F:/OpenSTM32Workspace/STM32F407VG_DISC/Button_STM32F407VG_DISC/Middlewares/ST/STM32_USB_Host_Library/Core/Inc" -I"F:/OpenSTM32Workspace/STM32F407VG_DISC/Button_STM32F407VG_DISC/Middlewares/ST/STM32_USB_Host_Library/Class/CDC/Inc" -I"F:/OpenSTM32Workspace/STM32F407VG_DISC/Button_STM32F407VG_DISC/Drivers/CMSIS/Device/ST/STM32F4xx/Include" -I"F:/OpenSTM32Workspace/STM32F407VG_DISC/Button_STM32F407VG_DISC/Drivers/CMSIS/Include"  -Og -g3 -Wall -fmessage-length=0 -ffunction-sections -c -fmessage-length=0 -MMD -MP -MF"Drivers/STM32F4xx_HAL_Driver/Src/stm32f4xx_hal_cortex.d" -MT"Drivers/STM32F4xx_HAL_Driver/Src/stm32f4xx_hal_cortex.o" -o "Drivers/STM32F4xx_HAL_Driver/Src/stm32f4xx_hal_cortex.o" "../Drivers/STM32F4xx_HAL_Driver/Src/stm32f4xx_hal_cortex.c"
Finished building: ../Drivers/STM32F4xx_HAL_Driver/Src/stm32f4xx_hal_cortex.c
 
Building file: ../Drivers/STM32F4xx_HAL_Driver/Src/stm32f4xx_hal_dma.c
Invoking: MCU GCC Compiler
F:\OpenSTM32Workspace\STM32F407VG_DISC\Button_STM32F407VG_DISC\Debug
arm-none-eabi-gcc -mcpu=cortex-m4 -mthumb -mfloat-abi=hard -mfpu=fpv4-sp-d16 -DUSE_HAL_DRIVER -DSTM32F407xx -I"F:/OpenSTM32Workspace/STM32F407VG_DISC/Button_STM32F407VG_DISC/Inc" -I"F:/OpenSTM32Workspace/STM32F407VG_DISC/Button_STM32F407VG_DISC/Drivers/STM32F4xx_HAL_Driver/Inc" -I"F:/OpenSTM32Workspace/STM32F407VG_DISC/Button_STM32F407VG_DISC/Drivers/STM32F4xx_HAL_Driver/Inc/Legacy" -I"F:/OpenSTM32Workspace/STM32F407VG_DISC/Button_STM32F407VG_DISC/Middlewares/ST/STM32_USB_Host_Library/Core/Inc" -I"F:/OpenSTM32Workspace/STM32F407VG_DISC/Button_STM32F407VG_DISC/Middlewares/ST/STM32_USB_Host_Library/Class/CDC/Inc" -I"F:/OpenSTM32Workspace/STM32F407VG_DISC/Button_STM32F407VG_DISC/Drivers/CMSIS/Device/ST/STM32F4xx/Include" -I"F:/OpenSTM32Workspace/STM32F407VG_DISC/Button_STM32F407VG_DISC/Drivers/CMSIS/Include"  -Og -g3 -Wall -fmessage-length=0 -ffunction-sections -c -fmessage-length=0 -MMD -MP -MF"Drivers/STM32F4xx_HAL_Driver/Src/stm32f4xx_hal_dma.d" -MT"Drivers/STM32F4xx_HAL_Driver/Src/stm32f4xx_hal_dma.o" -o "Drivers/STM32F4xx_HAL_Driver/Src/stm32f4xx_hal_dma.o" "../Drivers/STM32F4xx_HAL_Driver/Src/stm32f4xx_hal_dma.c"
Finished building: ../Drivers/STM32F4xx_HAL_Driver/Src/stm32f4xx_hal_dma.c
 
Building file: ../Drivers/STM32F4xx_HAL_Driver/Src/stm32f4xx_hal_dma_ex.c
Invoking: MCU GCC Compiler
F:\OpenSTM32Workspace\STM32F407VG_DISC\Button_STM32F407VG_DISC\Debug
arm-none-eabi-gcc -mcpu=cortex-m4 -mthumb -mfloat-abi=hard -mfpu=fpv4-sp-d16 -DUSE_HAL_DRIVER -DSTM32F407xx -I"F:/OpenSTM32Workspace/STM32F407VG_DISC/Button_STM32F407VG_DISC/Inc" -I"F:/OpenSTM32Workspace/STM32F407VG_DISC/Button_STM32F407VG_DISC/Drivers/STM32F4xx_HAL_Driver/Inc" -I"F:/OpenSTM32Workspace/STM32F407VG_DISC/Button_STM32F407VG_DISC/Drivers/STM32F4xx_HAL_Driver/Inc/Legacy" -I"F:/OpenSTM32Workspace/STM32F407VG_DISC/Button_STM32F407VG_DISC/Middlewares/ST/STM32_USB_Host_Library/Core/Inc" -I"F:/OpenSTM32Workspace/STM32F407VG_DISC/Button_STM32F407VG_DISC/Middlewares/ST/STM32_USB_Host_Library/Class/CDC/Inc" -I"F:/OpenSTM32Workspace/STM32F407VG_DISC/Button_STM32F407VG_DISC/Drivers/CMSIS/Device/ST/STM32F4xx/Include" -I"F:/OpenSTM32Workspace/STM32F407VG_DISC/Button_STM32F407VG_DISC/Drivers/CMSIS/Include"  -Og -g3 -Wall -fmessage-length=0 -ffunction-sections -c -fmessage-length=0 -MMD -MP -MF"Drivers/STM32F4xx_HAL_Driver/Src/stm32f4xx_hal_dma_ex.d" -MT"Drivers/STM32F4xx_HAL_Driver/Src/stm32f4xx_hal_dma_ex.o" -o "Drivers/STM32F4xx_HAL_Driver/Src/stm32f4xx_hal_dma_ex.o" "../Drivers/STM32F4xx_HAL_Driver/Src/stm32f4xx_hal_dma_ex.c"
Finished building: ../Drivers/STM32F4xx_HAL_Driver/Src/stm32f4xx_hal_dma_ex.c
 
Building file: ../Drivers/STM32F4xx_HAL_Driver/Src/stm32f4xx_hal_exti.c
Invoking: MCU GCC Compiler
F:\OpenSTM32Workspace\STM32F407VG_DISC\Button_STM32F407VG_DISC\Debug
arm-none-eabi-gcc -mcpu=cortex-m4 -mthumb -mfloat-abi=hard -mfpu=fpv4-sp-d16 -DUSE_HAL_DRIVER -DSTM32F407xx -I"F:/OpenSTM32Workspace/STM32F407VG_DISC/Button_STM32F407VG_DISC/Inc" -I"F:/OpenSTM32Workspace/STM32F407VG_DISC/Button_STM32F407VG_DISC/Drivers/STM32F4xx_HAL_Driver/Inc" -I"F:/OpenSTM32Workspace/STM32F407VG_DISC/Button_STM32F407VG_DISC/Drivers/STM32F4xx_HAL_Driver/Inc/Legacy" -I"F:/OpenSTM32Workspace/STM32F407VG_DISC/Button_STM32F407VG_DISC/Middlewares/ST/STM32_USB_Host_Library/Core/Inc" -I"F:/OpenSTM32Workspace/STM32F407VG_DISC/Button_STM32F407VG_DISC/Middlewares/ST/STM32_USB_Host_Library/Class/CDC/Inc" -I"F:/OpenSTM32Workspace/STM32F407VG_DISC/Button_STM32F407VG_DISC/Drivers/CMSIS/Device/ST/STM32F4xx/Include" -I"F:/OpenSTM32Workspace/STM32F407VG_DISC/Button_STM32F407VG_DISC/Drivers/CMSIS/Include"  -Og -g3 -Wall -fmessage-length=0 -ffunction-sections -c -fmessage-length=0 -MMD -MP -MF"Drivers/STM32F4xx_HAL_Driver/Src/stm32f4xx_hal_exti.d" -MT"Drivers/STM32F4xx_HAL_Driver/Src/stm32f4xx_hal_exti.o" -o "Drivers/STM32F4xx_HAL_Driver/Src/stm32f4xx_hal_exti.o" "../Drivers/STM32F4xx_HAL_Driver/Src/stm32f4xx_hal_exti.c"
Finished building: ../Drivers/STM32F4xx_HAL_Driver/Src/stm32f4xx_hal_exti.c
 
Building file: ../Drivers/STM32F4xx_HAL_Driver/Src/stm32f4xx_hal_flash.c
Invoking: MCU GCC Compiler
F:\OpenSTM32Workspace\STM32F407VG_DISC\Button_STM32F407VG_DISC\Debug
arm-none-eabi-gcc -mcpu=cortex-m4 -mthumb -mfloat-abi=hard -mfpu=fpv4-sp-d16 -DUSE_HAL_DRIVER -DSTM32F407xx -I"F:/OpenSTM32Workspace/STM32F407VG_DISC/Button_STM32F407VG_DISC/Inc" -I"F:/OpenSTM32Workspace/STM32F407VG_DISC/Button_STM32F407VG_DISC/Drivers/STM32F4xx_HAL_Driver/Inc" -I"F:/OpenSTM32Workspace/STM32F407VG_DISC/Button_STM32F407VG_DISC/Drivers/STM32F4xx_HAL_Driver/Inc/Legacy" -I"F:/OpenSTM32Workspace/STM32F407VG_DISC/Button_STM32F407VG_DISC/Middlewares/ST/STM32_USB_Host_Library/Core/Inc" -I"F:/OpenSTM32Workspace/STM32F407VG_DISC/Button_STM32F407VG_DISC/Middlewares/ST/STM32_USB_Host_Library/Class/CDC/Inc" -I"F:/OpenSTM32Workspace/STM32F407VG_DISC/Button_STM32F407VG_DISC/Drivers/CMSIS/Device/ST/STM32F4xx/Include" -I"F:/OpenSTM32Workspace/STM32F407VG_DISC/Button_STM32F407VG_DISC/Drivers/CMSIS/Include"  -Og -g3 -Wall -fmessage-length=0 -ffunction-sections -c -fmessage-length=0 -MMD -MP -MF"Drivers/STM32F4xx_HAL_Driver/Src/stm32f4xx_hal_flash.d" -MT"Drivers/STM32F4xx_HAL_Driver/Src/stm32f4xx_hal_flash.o" -o "Drivers/STM32F4xx_HAL_Driver/Src/stm32f4xx_hal_flash.o" "../Drivers/STM32F4xx_HAL_Driver/Src/stm32f4xx_hal_flash.c"
Finished building: ../Drivers/STM32F4xx_HAL_Driver/Src/stm32f4xx_hal_flash.c
 
Building file: ../Drivers/STM32F4xx_HAL_Driver/Src/stm32f4xx_hal_flash_ex.c
Invoking: MCU GCC Compiler
F:\OpenSTM32Workspace\STM32F407VG_DISC\Button_STM32F407VG_DISC\Debug
arm-none-eabi-gcc -mcpu=cortex-m4 -mthumb -mfloat-abi=hard -mfpu=fpv4-sp-d16 -DUSE_HAL_DRIVER -DSTM32F407xx -I"F:/OpenSTM32Workspace/STM32F407VG_DISC/Button_STM32F407VG_DISC/Inc" -I"F:/OpenSTM32Workspace/STM32F407VG_DISC/Button_STM32F407VG_DISC/Drivers/STM32F4xx_HAL_Driver/Inc" -I"F:/OpenSTM32Workspace/STM32F407VG_DISC/Button_STM32F407VG_DISC/Drivers/STM32F4xx_HAL_Driver/Inc/Legacy" -I"F:/OpenSTM32Workspace/STM32F407VG_DISC/Button_STM32F407VG_DISC/Middlewares/ST/STM32_USB_Host_Library/Core/Inc" -I"F:/OpenSTM32Workspace/STM32F407VG_DISC/Button_STM32F407VG_DISC/Middlewares/ST/STM32_USB_Host_Library/Class/CDC/Inc" -I"F:/OpenSTM32Workspace/STM32F407VG_DISC/Button_STM32F407VG_DISC/Drivers/CMSIS/Device/ST/STM32F4xx/Include" -I"F:/OpenSTM32Workspace/STM32F407VG_DISC/Button_STM32F407VG_DISC/Drivers/CMSIS/Include"  -Og -g3 -Wall -fmessage-length=0 -ffunction-sections -c -fmessage-length=0 -MMD -MP -MF"Drivers/STM32F4xx_HAL_Driver/Src/stm32f4xx_hal_flash_ex.d" -MT"Drivers/STM32F4xx_HAL_Driver/Src/stm32f4xx_hal_flash_ex.o" -o "Drivers/STM32F4xx_HAL_Driver/Src/stm32f4xx_hal_flash_ex.o" "../Drivers/STM32F4xx_HAL_Driver/Src/stm32f4xx_hal_flash_ex.c"
Finished building: ../Drivers/STM32F4xx_HAL_Driver/Src/stm32f4xx_hal_flash_ex.c
 
Building file: ../Drivers/STM32F4xx_HAL_Driver/Src/stm32f4xx_hal_flash_ramfunc.c
Invoking: MCU GCC Compiler
F:\OpenSTM32Workspace\STM32F407VG_DISC\Button_STM32F407VG_DISC\Debug
arm-none-eabi-gcc -mcpu=cortex-m4 -mthumb -mfloat-abi=hard -mfpu=fpv4-sp-d16 -DUSE_HAL_DRIVER -DSTM32F407xx -I"F:/OpenSTM32Workspace/STM32F407VG_DISC/Button_STM32F407VG_DISC/Inc" -I"F:/OpenSTM32Workspace/STM32F407VG_DISC/Button_STM32F407VG_DISC/Drivers/STM32F4xx_HAL_Driver/Inc" -I"F:/OpenSTM32Workspace/STM32F407VG_DISC/Button_STM32F407VG_DISC/Drivers/STM32F4xx_HAL_Driver/Inc/Legacy" -I"F:/OpenSTM32Workspace/STM32F407VG_DISC/Button_STM32F407VG_DISC/Middlewares/ST/STM32_USB_Host_Library/Core/Inc" -I"F:/OpenSTM32Workspace/STM32F407VG_DISC/Button_STM32F407VG_DISC/Middlewares/ST/STM32_USB_Host_Library/Class/CDC/Inc" -I"F:/OpenSTM32Workspace/STM32F407VG_DISC/Button_STM32F407VG_DISC/Drivers/CMSIS/Device/ST/STM32F4xx/Include" -I"F:/OpenSTM32Workspace/STM32F407VG_DISC/Button_STM32F407VG_DISC/Drivers/CMSIS/Include"  -Og -g3 -Wall -fmessage-length=0 -ffunction-sections -c -fmessage-length=0 -MMD -MP -MF"Drivers/STM32F4xx_HAL_Driver/Src/stm32f4xx_hal_flash_ramfunc.d" -MT"Drivers/STM32F4xx_HAL_Driver/Src/stm32f4xx_hal_flash_ramfunc.o" -o "Drivers/STM32F4xx_HAL_Driver/Src/stm32f4xx_hal_flash_ramfunc.o" "../Drivers/STM32F4xx_HAL_Driver/Src/stm32f4xx_hal_flash_ramfunc.c"
Finished building: ../Drivers/STM32F4xx_HAL_Driver/Src/stm32f4xx_hal_flash_ramfunc.c
 
Building file: ../Drivers/STM32F4xx_HAL_Driver/Src/stm32f4xx_hal_gpio.c
Invoking: MCU GCC Compiler
F:\OpenSTM32Workspace\STM32F407VG_DISC\Button_STM32F407VG_DISC\Debug
arm-none-eabi-gcc -mcpu=cortex-m4 -mthumb -mfloat-abi=hard -mfpu=fpv4-sp-d16 -DUSE_HAL_DRIVER -DSTM32F407xx -I"F:/OpenSTM32Workspace/STM32F407VG_DISC/Button_STM32F407VG_DISC/Inc" -I"F:/OpenSTM32Workspace/STM32F407VG_DISC/Button_STM32F407VG_DISC/Drivers/STM32F4xx_HAL_Driver/Inc" -I"F:/OpenSTM32Workspace/STM32F407VG_DISC/Button_STM32F407VG_DISC/Drivers/STM32F4xx_HAL_Driver/Inc/Legacy" -I"F:/OpenSTM32Workspace/STM32F407VG_DISC/Button_STM32F407VG_DISC/Middlewares/ST/STM32_USB_Host_Library/Core/Inc" -I"F:/OpenSTM32Workspace/STM32F407VG_DISC/Button_STM32F407VG_DISC/Middlewares/ST/STM32_USB_Host_Library/Class/CDC/Inc" -I"F:/OpenSTM32Workspace/STM32F407VG_DISC/Button_STM32F407VG_DISC/Drivers/CMSIS/Device/ST/STM32F4xx/Include" -I"F:/OpenSTM32Workspace/STM32F407VG_DISC/Button_STM32F407VG_DISC/Drivers/CMSIS/Include"  -Og -g3 -Wall -fmessage-length=0 -ffunction-sections -c -fmessage-length=0 -MMD -MP -MF"Drivers/STM32F4xx_HAL_Driver/Src/stm32f4xx_hal_gpio.d" -MT"Drivers/STM32F4xx_HAL_Driver/Src/stm32f4xx_hal_gpio.o" -o "Drivers/STM32F4xx_HAL_Driver/Src/stm32f4xx_hal_gpio.o" "../Drivers/STM32F4xx_HAL_Driver/Src/stm32f4xx_hal_gpio.c"
Finished building: ../Drivers/STM32F4xx_HAL_Driver/Src/stm32f4xx_hal_gpio.c
 
Building file: ../Drivers/STM32F4xx_HAL_Driver/Src/stm32f4xx_hal_hcd.c
Invoking: MCU GCC Compiler
F:\OpenSTM32Workspace\STM32F407VG_DISC\Button_STM32F407VG_DISC\Debug
arm-none-eabi-gcc -mcpu=cortex-m4 -mthumb -mfloat-abi=hard -mfpu=fpv4-sp-d16 -DUSE_HAL_DRIVER -DSTM32F407xx -I"F:/OpenSTM32Workspace/STM32F407VG_DISC/Button_STM32F407VG_DISC/Inc" -I"F:/OpenSTM32Workspace/STM32F407VG_DISC/Button_STM32F407VG_DISC/Drivers/STM32F4xx_HAL_Driver/Inc" -I"F:/OpenSTM32Workspace/STM32F407VG_DISC/Button_STM32F407VG_DISC/Drivers/STM32F4xx_HAL_Driver/Inc/Legacy" -I"F:/OpenSTM32Workspace/STM32F407VG_DISC/Button_STM32F407VG_DISC/Middlewares/ST/STM32_USB_Host_Library/Core/Inc" -I"F:/OpenSTM32Workspace/STM32F407VG_DISC/Button_STM32F407VG_DISC/Middlewares/ST/STM32_USB_Host_Library/Class/CDC/Inc" -I"F:/OpenSTM32Workspace/STM32F407VG_DISC/Button_STM32F407VG_DISC/Drivers/CMSIS/Device/ST/STM32F4xx/Include" -I"F:/OpenSTM32Workspace/STM32F407VG_DISC/Button_STM32F407VG_DISC/Drivers/CMSIS/Include"  -Og -g3 -Wall -fmessage-length=0 -ffunction-sections -c -fmessage-length=0 -MMD -MP -MF"Drivers/STM32F4xx_HAL_Driver/Src/stm32f4xx_hal_hcd.d" -MT"Drivers/STM32F4xx_HAL_Driver/Src/stm32f4xx_hal_hcd.o" -o "Drivers/STM32F4xx_HAL_Driver/Src/stm32f4xx_hal_hcd.o" "../Drivers/STM32F4xx_HAL_Driver/Src/stm32f4xx_hal_hcd.c"
Finished building: ../Drivers/STM32F4xx_HAL_Driver/Src/stm32f4xx_hal_hcd.c
 
Building file: ../Drivers/STM32F4xx_HAL_Driver/Src/stm32f4xx_hal_i2c.c
Invoking: MCU GCC Compiler
F:\OpenSTM32Workspace\STM32F407VG_DISC\Button_STM32F407VG_DISC\Debug
arm-none-eabi-gcc -mcpu=cortex-m4 -mthumb -mfloat-abi=hard -mfpu=fpv4-sp-d16 -DUSE_HAL_DRIVER -DSTM32F407xx -I"F:/OpenSTM32Workspace/STM32F407VG_DISC/Button_STM32F407VG_DISC/Inc" -I"F:/OpenSTM32Workspace/STM32F407VG_DISC/Button_STM32F407VG_DISC/Drivers/STM32F4xx_HAL_Driver/Inc" -I"F:/OpenSTM32Workspace/STM32F407VG_DISC/Button_STM32F407VG_DISC/Drivers/STM32F4xx_HAL_Driver/Inc/Legacy" -I"F:/OpenSTM32Workspace/STM32F407VG_DISC/Button_STM32F407VG_DISC/Middlewares/ST/STM32_USB_Host_Library/Core/Inc" -I"F:/OpenSTM32Workspace/STM32F407VG_DISC/Button_STM32F407VG_DISC/Middlewares/ST/STM32_USB_Host_Library/Class/CDC/Inc" -I"F:/OpenSTM32Workspace/STM32F407VG_DISC/Button_STM32F407VG_DISC/Drivers/CMSIS/Device/ST/STM32F4xx/Include" -I"F:/OpenSTM32Workspace/STM32F407VG_DISC/Button_STM32F407VG_DISC/Drivers/CMSIS/Include"  -Og -g3 -Wall -fmessage-length=0 -ffunction-sections -c -fmessage-length=0 -MMD -MP -MF"Drivers/STM32F4xx_HAL_Driver/Src/stm32f4xx_hal_i2c.d" -MT"Drivers/STM32F4xx_HAL_Driver/Src/stm32f4xx_hal_i2c.o" -o "Drivers/STM32F4xx_HAL_Driver/Src/stm32f4xx_hal_i2c.o" "../Drivers/STM32F4xx_HAL_Driver/Src/stm32f4xx_hal_i2c.c"
Finished building: ../Drivers/STM32F4xx_HAL_Driver/Src/stm32f4xx_hal_i2c.c
 
Building file: ../Drivers/STM32F4xx_HAL_Driver/Src/stm32f4xx_hal_i2c_ex.c
Invoking: MCU GCC Compiler
F:\OpenSTM32Workspace\STM32F407VG_DISC\Button_STM32F407VG_DISC\Debug
arm-none-eabi-gcc -mcpu=cortex-m4 -mthumb -mfloat-abi=hard -mfpu=fpv4-sp-d16 -DUSE_HAL_DRIVER -DSTM32F407xx -I"F:/OpenSTM32Workspace/STM32F407VG_DISC/Button_STM32F407VG_DISC/Inc" -I"F:/OpenSTM32Workspace/STM32F407VG_DISC/Button_STM32F407VG_DISC/Drivers/STM32F4xx_HAL_Driver/Inc" -I"F:/OpenSTM32Workspace/STM32F407VG_DISC/Button_STM32F407VG_DISC/Drivers/STM32F4xx_HAL_Driver/Inc/Legacy" -I"F:/OpenSTM32Workspace/STM32F407VG_DISC/Button_STM32F407VG_DISC/Middlewares/ST/STM32_USB_Host_Library/Core/Inc" -I"F:/OpenSTM32Workspace/STM32F407VG_DISC/Button_STM32F407VG_DISC/Middlewares/ST/STM32_USB_Host_Library/Class/CDC/Inc" -I"F:/OpenSTM32Workspace/STM32F407VG_DISC/Button_STM32F407VG_DISC/Drivers/CMSIS/Device/ST/STM32F4xx/Include" -I"F:/OpenSTM32Workspace/STM32F407VG_DISC/Button_STM32F407VG_DISC/Drivers/CMSIS/Include"  -Og -g3 -Wall -fmessage-length=0 -ffunction-sections -c -fmessage-length=0 -MMD -MP -MF"Drivers/STM32F4xx_HAL_Driver/Src/stm32f4xx_hal_i2c_ex.d" -MT"Drivers/STM32F4xx_HAL_Driver/Src/stm32f4xx_hal_i2c_ex.o" -o "Drivers/STM32F4xx_HAL_Driver/Src/stm32f4xx_hal_i2c_ex.o" "../Drivers/STM32F4xx_HAL_Driver/Src/stm32f4xx_hal_i2c_ex.c"
Finished building: ../Drivers/STM32F4xx_HAL_Driver/Src/stm32f4xx_hal_i2c_ex.c
 
Building file: ../Drivers/STM32F4xx_HAL_Driver/Src/stm32f4xx_hal_i2s.c
Invoking: MCU GCC Compiler
F:\OpenSTM32Workspace\STM32F407VG_DISC\Button_STM32F407VG_DISC\Debug
arm-none-eabi-gcc -mcpu=cortex-m4 -mthumb -mfloat-abi=hard -mfpu=fpv4-sp-d16 -DUSE_HAL_DRIVER -DSTM32F407xx -I"F:/OpenSTM32Workspace/STM32F407VG_DISC/Button_STM32F407VG_DISC/Inc" -I"F:/OpenSTM32Workspace/STM32F407VG_DISC/Button_STM32F407VG_DISC/Drivers/STM32F4xx_HAL_Driver/Inc" -I"F:/OpenSTM32Workspace/STM32F407VG_DISC/Button_STM32F407VG_DISC/Drivers/STM32F4xx_HAL_Driver/Inc/Legacy" -I"F:/OpenSTM32Workspace/STM32F407VG_DISC/Button_STM32F407VG_DISC/Middlewares/ST/STM32_USB_Host_Library/Core/Inc" -I"F:/OpenSTM32Workspace/STM32F407VG_DISC/Button_STM32F407VG_DISC/Middlewares/ST/STM32_USB_Host_Library/Class/CDC/Inc" -I"F:/OpenSTM32Workspace/STM32F407VG_DISC/Button_STM32F407VG_DISC/Drivers/CMSIS/Device/ST/STM32F4xx/Include" -I"F:/OpenSTM32Workspace/STM32F407VG_DISC/Button_STM32F407VG_DISC/Drivers/CMSIS/Include"  -Og -g3 -Wall -fmessage-length=0 -ffunction-sections -c -fmessage-length=0 -MMD -MP -MF"Drivers/STM32F4xx_HAL_Driver/Src/stm32f4xx_hal_i2s.d" -MT"Drivers/STM32F4xx_HAL_Driver/Src/stm32f4xx_hal_i2s.o" -o "Drivers/STM32F4xx_HAL_Driver/Src/stm32f4xx_hal_i2s.o" "../Drivers/STM32F4xx_HAL_Driver/Src/stm32f4xx_hal_i2s.c"
Finished building: ../Drivers/STM32F4xx_HAL_Driver/Src/stm32f4xx_hal_i2s.c
 
Building file: ../Drivers/STM32F4xx_HAL_Driver/Src/stm32f4xx_hal_i2s_ex.c
Invoking: MCU GCC Compiler
F:\OpenSTM32Workspace\STM32F407VG_DISC\Button_STM32F407VG_DISC\Debug
arm-none-eabi-gcc -mcpu=cortex-m4 -mthumb -mfloat-abi=hard -mfpu=fpv4-sp-d16 -DUSE_HAL_DRIVER -DSTM32F407xx -I"F:/OpenSTM32Workspace/STM32F407VG_DISC/Button_STM32F407VG_DISC/Inc" -I"F:/OpenSTM32Workspace/STM32F407VG_DISC/Button_STM32F407VG_DISC/Drivers/STM32F4xx_HAL_Driver/Inc" -I"F:/OpenSTM32Workspace/STM32F407VG_DISC/Button_STM32F407VG_DISC/Drivers/STM32F4xx_HAL_Driver/Inc/Legacy" -I"F:/OpenSTM32Workspace/STM32F407VG_DISC/Button_STM32F407VG_DISC/Middlewares/ST/STM32_USB_Host_Library/Core/Inc" -I"F:/OpenSTM32Workspace/STM32F407VG_DISC/Button_STM32F407VG_DISC/Middlewares/ST/STM32_USB_Host_Library/Class/CDC/Inc" -I"F:/OpenSTM32Workspace/STM32F407VG_DISC/Button_STM32F407VG_DISC/Drivers/CMSIS/Device/ST/STM32F4xx/Include" -I"F:/OpenSTM32Workspace/STM32F407VG_DISC/Button_STM32F407VG_DISC/Drivers/CMSIS/Include"  -Og -g3 -Wall -fmessage-length=0 -ffunction-sections -c -fmessage-length=0 -MMD -MP -MF"Drivers/STM32F4xx_HAL_Driver/Src/stm32f4xx_hal_i2s_ex.d" -MT"Drivers/STM32F4xx_HAL_Driver/Src/stm32f4xx_hal_i2s_ex.o" -o "Drivers/STM32F4xx_HAL_Driver/Src/stm32f4xx_hal_i2s_ex.o" "../Drivers/STM32F4xx_HAL_Driver/Src/stm32f4xx_hal_i2s_ex.c"
Finished building: ../Drivers/STM32F4xx_HAL_Driver/Src/stm32f4xx_hal_i2s_ex.c
 
Building file: ../Drivers/STM32F4xx_HAL_Driver/Src/stm32f4xx_hal_pwr.c
Invoking: MCU GCC Compiler
F:\OpenSTM32Workspace\STM32F407VG_DISC\Button_STM32F407VG_DISC\Debug
arm-none-eabi-gcc -mcpu=cortex-m4 -mthumb -mfloat-abi=hard -mfpu=fpv4-sp-d16 -DUSE_HAL_DRIVER -DSTM32F407xx -I"F:/OpenSTM32Workspace/STM32F407VG_DISC/Button_STM32F407VG_DISC/Inc" -I"F:/OpenSTM32Workspace/STM32F407VG_DISC/Button_STM32F407VG_DISC/Drivers/STM32F4xx_HAL_Driver/Inc" -I"F:/OpenSTM32Workspace/STM32F407VG_DISC/Button_STM32F407VG_DISC/Drivers/STM32F4xx_HAL_Driver/Inc/Legacy" -I"F:/OpenSTM32Workspace/STM32F407VG_DISC/Button_STM32F407VG_DISC/Middlewares/ST/STM32_USB_Host_Library/Core/Inc" -I"F:/OpenSTM32Workspace/STM32F407VG_DISC/Button_STM32F407VG_DISC/Middlewares/ST/STM32_USB_Host_Library/Class/CDC/Inc" -I"F:/OpenSTM32Workspace/STM32F407VG_DISC/Button_STM32F407VG_DISC/Drivers/CMSIS/Device/ST/STM32F4xx/Include" -I"F:/OpenSTM32Workspace/STM32F407VG_DISC/Button_STM32F407VG_DISC/Drivers/CMSIS/Include"  -Og -g3 -Wall -fmessage-length=0 -ffunction-sections -c -fmessage-length=0 -MMD -MP -MF"Drivers/STM32F4xx_HAL_Driver/Src/stm32f4xx_hal_pwr.d" -MT"Drivers/STM32F4xx_HAL_Driver/Src/stm32f4xx_hal_pwr.o" -o "Drivers/STM32F4xx_HAL_Driver/Src/stm32f4xx_hal_pwr.o" "../Drivers/STM32F4xx_HAL_Driver/Src/stm32f4xx_hal_pwr.c"
Finished building: ../Drivers/STM32F4xx_HAL_Driver/Src/stm32f4xx_hal_pwr.c
 
Building file: ../Drivers/STM32F4xx_HAL_Driver/Src/stm32f4xx_hal_pwr_ex.c
Invoking: MCU GCC Compiler
F:\OpenSTM32Workspace\STM32F407VG_DISC\Button_STM32F407VG_DISC\Debug
arm-none-eabi-gcc -mcpu=cortex-m4 -mthumb -mfloat-abi=hard -mfpu=fpv4-sp-d16 -DUSE_HAL_DRIVER -DSTM32F407xx -I"F:/OpenSTM32Workspace/STM32F407VG_DISC/Button_STM32F407VG_DISC/Inc" -I"F:/OpenSTM32Workspace/STM32F407VG_DISC/Button_STM32F407VG_DISC/Drivers/STM32F4xx_HAL_Driver/Inc" -I"F:/OpenSTM32Workspace/STM32F407VG_DISC/Button_STM32F407VG_DISC/Drivers/STM32F4xx_HAL_Driver/Inc/Legacy" -I"F:/OpenSTM32Workspace/STM32F407VG_DISC/Button_STM32F407VG_DISC/Middlewares/ST/STM32_USB_Host_Library/Core/Inc" -I"F:/OpenSTM32Workspace/STM32F407VG_DISC/Button_STM32F407VG_DISC/Middlewares/ST/STM32_USB_Host_Library/Class/CDC/Inc" -I"F:/OpenSTM32Workspace/STM32F407VG_DISC/Button_STM32F407VG_DISC/Drivers/CMSIS/Device/ST/STM32F4xx/Include" -I"F:/OpenSTM32Workspace/STM32F407VG_DISC/Button_STM32F407VG_DISC/Drivers/CMSIS/Include"  -Og -g3 -Wall -fmessage-length=0 -ffunction-sections -c -fmessage-length=0 -MMD -MP -MF"Drivers/STM32F4xx_HAL_Driver/Src/stm32f4xx_hal_pwr_ex.d" -MT"Drivers/STM32F4xx_HAL_Driver/Src/stm32f4xx_hal_pwr_ex.o" -o "Drivers/STM32F4xx_HAL_Driver/Src/stm32f4xx_hal_pwr_ex.o" "../Drivers/STM32F4xx_HAL_Driver/Src/stm32f4xx_hal_pwr_ex.c"
Finished building: ../Drivers/STM32F4xx_HAL_Driver/Src/stm32f4xx_hal_pwr_ex.c
 
Building file: ../Drivers/STM32F4xx_HAL_Driver/Src/stm32f4xx_hal_rcc.c
Invoking: MCU GCC Compiler
F:\OpenSTM32Workspace\STM32F407VG_DISC\Button_STM32F407VG_DISC\Debug
arm-none-eabi-gcc -mcpu=cortex-m4 -mthumb -mfloat-abi=hard -mfpu=fpv4-sp-d16 -DUSE_HAL_DRIVER -DSTM32F407xx -I"F:/OpenSTM32Workspace/STM32F407VG_DISC/Button_STM32F407VG_DISC/Inc" -I"F:/OpenSTM32Workspace/STM32F407VG_DISC/Button_STM32F407VG_DISC/Drivers/STM32F4xx_HAL_Driver/Inc" -I"F:/OpenSTM32Workspace/STM32F407VG_DISC/Button_STM32F407VG_DISC/Drivers/STM32F4xx_HAL_Driver/Inc/Legacy" -I"F:/OpenSTM32Workspace/STM32F407VG_DISC/Button_STM32F407VG_DISC/Middlewares/ST/STM32_USB_Host_Library/Core/Inc" -I"F:/OpenSTM32Workspace/STM32F407VG_DISC/Button_STM32F407VG_DISC/Middlewares/ST/STM32_USB_Host_Library/Class/CDC/Inc" -I"F:/OpenSTM32Workspace/STM32F407VG_DISC/Button_STM32F407VG_DISC/Drivers/CMSIS/Device/ST/STM32F4xx/Include" -I"F:/OpenSTM32Workspace/STM32F407VG_DISC/Button_STM32F407VG_DISC/Drivers/CMSIS/Include"  -Og -g3 -Wall -fmessage-length=0 -ffunction-sections -c -fmessage-length=0 -MMD -MP -MF"Drivers/STM32F4xx_HAL_Driver/Src/stm32f4xx_hal_rcc.d" -MT"Drivers/STM32F4xx_HAL_Driver/Src/stm32f4xx_hal_rcc.o" -o "Drivers/STM32F4xx_HAL_Driver/Src/stm32f4xx_hal_rcc.o" "../Drivers/STM32F4xx_HAL_Driver/Src/stm32f4xx_hal_rcc.c"
Finished building: ../Drivers/STM32F4xx_HAL_Driver/Src/stm32f4xx_hal_rcc.c
 
Building file: ../Drivers/STM32F4xx_HAL_Driver/Src/stm32f4xx_hal_rcc_ex.c
Invoking: MCU GCC Compiler
F:\OpenSTM32Workspace\STM32F407VG_DISC\Button_STM32F407VG_DISC\Debug
arm-none-eabi-gcc -mcpu=cortex-m4 -mthumb -mfloat-abi=hard -mfpu=fpv4-sp-d16 -DUSE_HAL_DRIVER -DSTM32F407xx -I"F:/OpenSTM32Workspace/STM32F407VG_DISC/Button_STM32F407VG_DISC/Inc" -I"F:/OpenSTM32Workspace/STM32F407VG_DISC/Button_STM32F407VG_DISC/Drivers/STM32F4xx_HAL_Driver/Inc" -I"F:/OpenSTM32Workspace/STM32F407VG_DISC/Button_STM32F407VG_DISC/Drivers/STM32F4xx_HAL_Driver/Inc/Legacy" -I"F:/OpenSTM32Workspace/STM32F407VG_DISC/Button_STM32F407VG_DISC/Middlewares/ST/STM32_USB_Host_Library/Core/Inc" -I"F:/OpenSTM32Workspace/STM32F407VG_DISC/Button_STM32F407VG_DISC/Middlewares/ST/STM32_USB_Host_Library/Class/CDC/Inc" -I"F:/OpenSTM32Workspace/STM32F407VG_DISC/Button_STM32F407VG_DISC/Drivers/CMSIS/Device/ST/STM32F4xx/Include" -I"F:/OpenSTM32Workspace/STM32F407VG_DISC/Button_STM32F407VG_DISC/Drivers/CMSIS/Include"  -Og -g3 -Wall -fmessage-length=0 -ffunction-sections -c -fmessage-length=0 -MMD -MP -MF"Drivers/STM32F4xx_HAL_Driver/Src/stm32f4xx_hal_rcc_ex.d" -MT"Drivers/STM32F4xx_HAL_Driver/Src/stm32f4xx_hal_rcc_ex.o" -o "Drivers/STM32F4xx_HAL_Driver/Src/stm32f4xx_hal_rcc_ex.o" "../Drivers/STM32F4xx_HAL_Driver/Src/stm32f4xx_hal_rcc_ex.c"
Finished building: ../Drivers/STM32F4xx_HAL_Driver/Src/stm32f4xx_hal_rcc_ex.c
 
Building file: ../Drivers/STM32F4xx_HAL_Driver/Src/stm32f4xx_hal_spi.c
Invoking: MCU GCC Compiler
F:\OpenSTM32Workspace\STM32F407VG_DISC\Button_STM32F407VG_DISC\Debug
arm-none-eabi-gcc -mcpu=cortex-m4 -mthumb -mfloat-abi=hard -mfpu=fpv4-sp-d16 -DUSE_HAL_DRIVER -DSTM32F407xx -I"F:/OpenSTM32Workspace/STM32F407VG_DISC/Button_STM32F407VG_DISC/Inc" -I"F:/OpenSTM32Workspace/STM32F407VG_DISC/Button_STM32F407VG_DISC/Drivers/STM32F4xx_HAL_Driver/Inc" -I"F:/OpenSTM32Workspace/STM32F407VG_DISC/Button_STM32F407VG_DISC/Drivers/STM32F4xx_HAL_Driver/Inc/Legacy" -I"F:/OpenSTM32Workspace/STM32F407VG_DISC/Button_STM32F407VG_DISC/Middlewares/ST/STM32_USB_Host_Library/Core/Inc" -I"F:/OpenSTM32Workspace/STM32F407VG_DISC/Button_STM32F407VG_DISC/Middlewares/ST/STM32_USB_Host_Library/Class/CDC/Inc" -I"F:/OpenSTM32Workspace/STM32F407VG_DISC/Button_STM32F407VG_DISC/Drivers/CMSIS/Device/ST/STM32F4xx/Include" -I"F:/OpenSTM32Workspace/STM32F407VG_DISC/Button_STM32F407VG_DISC/Drivers/CMSIS/Include"  -Og -g3 -Wall -fmessage-length=0 -ffunction-sections -c -fmessage-length=0 -MMD -MP -MF"Drivers/STM32F4xx_HAL_Driver/Src/stm32f4xx_hal_spi.d" -MT"Drivers/STM32F4xx_HAL_Driver/Src/stm32f4xx_hal_spi.o" -o "Drivers/STM32F4xx_HAL_Driver/Src/stm32f4xx_hal_spi.o" "../Drivers/STM32F4xx_HAL_Driver/Src/stm32f4xx_hal_spi.c"
Finished building: ../Drivers/STM32F4xx_HAL_Driver/Src/stm32f4xx_hal_spi.c
 
Building file: ../Drivers/STM32F4xx_HAL_Driver/Src/stm32f4xx_hal_tim.c
Invoking: MCU GCC Compiler
F:\OpenSTM32Workspace\STM32F407VG_DISC\Button_STM32F407VG_DISC\Debug
arm-none-eabi-gcc -mcpu=cortex-m4 -mthumb -mfloat-abi=hard -mfpu=fpv4-sp-d16 -DUSE_HAL_DRIVER -DSTM32F407xx -I"F:/OpenSTM32Workspace/STM32F407VG_DISC/Button_STM32F407VG_DISC/Inc" -I"F:/OpenSTM32Workspace/STM32F407VG_DISC/Button_STM32F407VG_DISC/Drivers/STM32F4xx_HAL_Driver/Inc" -I"F:/OpenSTM32Workspace/STM32F407VG_DISC/Button_STM32F407VG_DISC/Drivers/STM32F4xx_HAL_Driver/Inc/Legacy" -I"F:/OpenSTM32Workspace/STM32F407VG_DISC/Button_STM32F407VG_DISC/Middlewares/ST/STM32_USB_Host_Library/Core/Inc" -I"F:/OpenSTM32Workspace/STM32F407VG_DISC/Button_STM32F407VG_DISC/Middlewares/ST/STM32_USB_Host_Library/Class/CDC/Inc" -I"F:/OpenSTM32Workspace/STM32F407VG_DISC/Button_STM32F407VG_DISC/Drivers/CMSIS/Device/ST/STM32F4xx/Include" -I"F:/OpenSTM32Workspace/STM32F407VG_DISC/Button_STM32F407VG_DISC/Drivers/CMSIS/Include"  -Og -g3 -Wall -fmessage-length=0 -ffunction-sections -c -fmessage-length=0 -MMD -MP -MF"Drivers/STM32F4xx_HAL_Driver/Src/stm32f4xx_hal_tim.d" -MT"Drivers/STM32F4xx_HAL_Driver/Src/stm32f4xx_hal_tim.o" -o "Drivers/STM32F4xx_HAL_Driver/Src/stm32f4xx_hal_tim.o" "../Drivers/STM32F4xx_HAL_Driver/Src/stm32f4xx_hal_tim.c"
Finished building: ../Drivers/STM32F4xx_HAL_Driver/Src/stm32f4xx_hal_tim.c
 
Building file: ../Drivers/STM32F4xx_HAL_Driver/Src/stm32f4xx_hal_tim_ex.c
Invoking: MCU GCC Compiler
F:\OpenSTM32Workspace\STM32F407VG_DISC\Button_STM32F407VG_DISC\Debug
arm-none-eabi-gcc -mcpu=cortex-m4 -mthumb -mfloat-abi=hard -mfpu=fpv4-sp-d16 -DUSE_HAL_DRIVER -DSTM32F407xx -I"F:/OpenSTM32Workspace/STM32F407VG_DISC/Button_STM32F407VG_DISC/Inc" -I"F:/OpenSTM32Workspace/STM32F407VG_DISC/Button_STM32F407VG_DISC/Drivers/STM32F4xx_HAL_Driver/Inc" -I"F:/OpenSTM32Workspace/STM32F407VG_DISC/Button_STM32F407VG_DISC/Drivers/STM32F4xx_HAL_Driver/Inc/Legacy" -I"F:/OpenSTM32Workspace/STM32F407VG_DISC/Button_STM32F407VG_DISC/Middlewares/ST/STM32_USB_Host_Library/Core/Inc" -I"F:/OpenSTM32Workspace/STM32F407VG_DISC/Button_STM32F407VG_DISC/Middlewares/ST/STM32_USB_Host_Library/Class/CDC/Inc" -I"F:/OpenSTM32Workspace/STM32F407VG_DISC/Button_STM32F407VG_DISC/Drivers/CMSIS/Device/ST/STM32F4xx/Include" -I"F:/OpenSTM32Workspace/STM32F407VG_DISC/Button_STM32F407VG_DISC/Drivers/CMSIS/Include"  -Og -g3 -Wall -fmessage-length=0 -ffunction-sections -c -fmessage-length=0 -MMD -MP -MF"Drivers/STM32F4xx_HAL_Driver/Src/stm32f4xx_hal_tim_ex.d" -MT"Drivers/STM32F4xx_HAL_Driver/Src/stm32f4xx_hal_tim_ex.o" -o "Drivers/STM32F4xx_HAL_Driver/Src/stm32f4xx_hal_tim_ex.o" "../Drivers/STM32F4xx_HAL_Driver/Src/stm32f4xx_hal_tim_ex.c"
Finished building: ../Drivers/STM32F4xx_HAL_Driver/Src/stm32f4xx_hal_tim_ex.c
 
Building file: ../Drivers/STM32F4xx_HAL_Driver/Src/stm32f4xx_ll_usb.c
Invoking: MCU GCC Compiler
F:\OpenSTM32Workspace\STM32F407VG_DISC\Button_STM32F407VG_DISC\Debug
arm-none-eabi-gcc -mcpu=cortex-m4 -mthumb -mfloat-abi=hard -mfpu=fpv4-sp-d16 -DUSE_HAL_DRIVER -DSTM32F407xx -I"F:/OpenSTM32Workspace/STM32F407VG_DISC/Button_STM32F407VG_DISC/Inc" -I"F:/OpenSTM32Workspace/STM32F407VG_DISC/Button_STM32F407VG_DISC/Drivers/STM32F4xx_HAL_Driver/Inc" -I"F:/OpenSTM32Workspace/STM32F407VG_DISC/Button_STM32F407VG_DISC/Drivers/STM32F4xx_HAL_Driver/Inc/Legacy" -I"F:/OpenSTM32Workspace/STM32F407VG_DISC/Button_STM32F407VG_DISC/Middlewares/ST/STM32_USB_Host_Library/Core/Inc" -I"F:/OpenSTM32Workspace/STM32F407VG_DISC/Button_STM32F407VG_DISC/Middlewares/ST/STM32_USB_Host_Library/Class/CDC/Inc" -I"F:/OpenSTM32Workspace/STM32F407VG_DISC/Button_STM32F407VG_DISC/Drivers/CMSIS/Device/ST/STM32F4xx/Include" -I"F:/OpenSTM32Workspace/STM32F407VG_DISC/Button_STM32F407VG_DISC/Drivers/CMSIS/Include"  -Og -g3 -Wall -fmessage-length=0 -ffunction-sections -c -fmessage-length=0 -MMD -MP -MF"Drivers/STM32F4xx_HAL_Driver/Src/stm32f4xx_ll_usb.d" -MT"Drivers/STM32F4xx_HAL_Driver/Src/stm32f4xx_ll_usb.o" -o "Drivers/STM32F4xx_HAL_Driver/Src/stm32f4xx_ll_usb.o" "../Drivers/STM32F4xx_HAL_Driver/Src/stm32f4xx_ll_usb.c"
Finished building: ../Drivers/STM32F4xx_HAL_Driver/Src/stm32f4xx_ll_usb.c
 
Building target: Button_STM32F407VG_DISC.elf
Invoking: MCU GCC Linker
arm-none-eabi-gcc -mcpu=cortex-m4 -mthumb -mfloat-abi=hard -mfpu=fpv4-sp-d16 -specs=nosys.specs -specs=nano.specs -T"../STM32F407VGTx_FLASH.ld" -Wl,-Map=output.map -Wl,--gc-sections -o "Button_STM32F407VG_DISC.elf" @"objects.list"   -lm
Finished building target: Button_STM32F407VG_DISC.elf
 
make --no-print-directory post-build
Generating hex and Printing size information:
arm-none-eabi-objcopy -O ihex "Button_STM32F407VG_DISC.elf" "Button_STM32F407VG_DISC.hex"
arm-none-eabi-size "Button_STM32F407VG_DISC.elf"
   text	   data	    bss	    dec	    hex	filename
  17844	    152	   3520	  21516	   540c	Button_STM32F407VG_DISC.elf
 
18:22:54 **** Programming project Button_STM32F407VG_DISC on chip ****
"C:\\Ac6\\SystemWorkbench\\plugins\\fr.ac6.mcu.externaltools.openocd.win32_1.23.0.201904120827\\tools\\openocd\\bin\\openocd.exe" -f stm32.flash.3633824479554020875.cfg -s "F:\\OpenSTM32Workspace\\STM32F407VG_DISC\\Button_STM32F407VG_DISC" -s "C:\\Ac6\\SystemWorkbench\\plugins\\fr.ac6.mcu.debug_2.5.0.201904120827\\resources\\openocd\\st_scripts" -c "program Debug/Button_STM32F407VG_DISC.elf verify reset " -c shutdown 
Open On-Chip Debugger 0.10.0+dev-00021-g524e8c8 (2019-04-12-08:48)
Licensed under GNU GPL v2
For bug reports, read
	http://openocd.org/doc/doxygen/bugs.html
srst_only separate srst_nogate srst_open_drain connect_assert_srst
Info : The selected transport took over low-level target control. The results might differ compared to plain JTAG/SWD
adapter speed: 8000 kHz
adapter_nsrst_delay: 100
Info : clock speed 8000 kHz
Info : STLINK v2.1 JTAG v36 API v2 M26 VID 0x0483 PID 0x374B
Info : using stlink api v2
Info : Target voltage: 2.890748
Info : Unable to match requested speed 8000 kHz, using 4000 kHz
Info : Stlink adapter speed set to 4000 kHz
Info : STM32F407VGTx.cpu: hardware has 6 breakpoints, 4 watchpoints
Info : Listening on port 3333 for gdb connections
target halted due to debug-request, current mode: Thread 
xPSR: 0x01000000 pc: 0x08004340 msp: 0x20020000
configuring PLL
Info : Unable to match requested speed 8000 kHz, using 4000 kHz
Info : Stlink adapter speed set to 4000 kHz
Info : Unable to match requested speed 8000 kHz, using 4000 kHz
adapter speed: 4000 kHz
** Programming Started **
auto erase enabled
Info : device id = 0x100f6413
Info : flash size = 1024kbytes
target halted due to breakpoint, current mode: Thread 
xPSR: 0x61000000 pc: 0x20000046 msp: 0x20020000
wrote 32768 bytes from file Debug/Button_STM32F407VG_DISC.elf in 1.146313s (27.916 KiB/s)
** Programming Finished **
** Verify Started **
target halted due to breakpoint, current mode: Thread 
xPSR: 0x61000000 pc: 0x2000002e msp: 0x20020000
target halted due to breakpoint, current mode: Thread 
xPSR: 0x61000000 pc: 0x2000002e msp: 0x20020000
verified 17996 bytes in 0.290039s (60.593 KiB/s)
** Verified OK **
** Resetting Target **
shutdown command invoked
09:52:02 **** Incremental Build of configuration Debug for project Button_STM32F407VG_DISC ****
make all 
make: Nothing to be done for 'all'.
09:53:03 **** Incremental Build of configuration Debug for project Button_STM32F407VG_DISC ****
make all 
make: Nothing to be done for 'all'.
09:53:55 **** Incremental Build of configuration Debug for project Button_STM32F407VG_DISC ****
make all 
make: Nothing to be done for 'all'.
09:57:21 **** Incremental Build of configuration Debug for project Button_STM32F407VG_DISC ****
make all 
make: Nothing to be done for 'all'.
09:58:34 **** Incremental Build of configuration Debug for project Button_STM32F407VG_DISC ****
make all 
make: Nothing to be done for 'all'.
09:59:03 **** Incremental Build of configuration Debug for project Button_STM32F407VG_DISC ****
make all 
make: Nothing to be done for 'all'.
09:59:19 **** Incremental Build of configuration Debug for project Button_STM32F407VG_DISC ****
make all 
make: Nothing to be done for 'all'.
09:59:43 **** Incremental Build of configuration Debug for project Button_STM32F407VG_DISC ****
make all 
make: Nothing to be done for 'all'.
