18:17:13 **** Clean-only build of configuration Debug for project CMSISv1p30_LPC17xx ****
make -r clean 
rm -rf  ./src/core_cm3.o ./src/system_LPC17xx.o  ./src/core_cm3.d ./src/system_LPC17xx.d  libCMSISv1p30_LPC17xx.a
 
18:17:14 **** Build of configuration Debug for project CMSISv1p30_LPC17xx ****
make -r all 
Building file: ../src/core_cm3.c
Invoking: MCU C Compiler
arm-none-eabi-gcc -DDEBUG -D__CODE_RED -D__REDLIB__ -I"C:\Users\Debajyoti Maitra\Documents\LPCXpresso_8.2.2_650\workspace\CMSISv1p30_LPC17xx\inc" -O0 -g3 -Wall -c -fmessage-length=0 -fno-builtin -ffunction-sections -mcpu=cortex-m3 -mthumb -D__REDLIB__ -specs=redlib.specs -MMD -MP -MF"src/core_cm3.d" -MT"src/core_cm3.o" -MT"src/core_cm3.d" -o "src/core_cm3.o" "../src/core_cm3.c"
C:\Users\DEBAJY~1\AppData\Local\Temp\ccwYGe6D.s: Assembler messages:
C:\Users\DEBAJY~1\AppData\Local\Temp\ccwYGe6D.s:874: Error: registers may not be the same -- `strexb r3,r2,[r3]'
C:\Users\DEBAJY~1\AppData\Local\Temp\ccwYGe6D.s:926: Error: registers may not be the same -- `strexh r3,r2,[r3]'
make: *** [src/core_cm3.o] Error 1
18:17:16 **** Clean-only build of configuration Debug for project FreeRTOS_Library ****
make -r clean 
rm -rf  ./portable/heap_2.o ./portable/port.o  ./demo_code/basic_io.o ./demo_code/consoleprint.o  ./list.o ./queue.o ./tasks.o  ./portable/heap_2.d ./portable/port.d  ./demo_code/basic_io.d ./demo_code/consoleprint.d  ./list.d ./queue.d ./tasks.d  libFreeRTOS_Library.a
 
18:17:16 **** Build of configuration Debug for project FreeRTOS_Library ****
make -r all 
Building file: ../portable/heap_2.c
Invoking: MCU C Compiler
arm-none-eabi-gcc -D__REDLIB__ -I"C:\Users\Debajyoti Maitra\Documents\LPCXpresso_8.2.2_650\workspace\FreeRTOS_Library\include" -I"C:\Users\Debajyoti Maitra\Documents\LPCXpresso_8.2.2_650\workspace\CMSISv1p30_LPC17xx\inc" -I"C:\Users\Debajyoti Maitra\Documents\LPCXpresso_8.2.2_650\workspace\FreeRTOS_Library\portable" -I"C:\Users\Debajyoti Maitra\Documents\LPCXpresso_8.2.2_650\workspace\FreeRTOS_Library\demo_code" -O1 -g3 -Wall -c -fmessage-length=0 -mcpu=cortex-m3 -mthumb -D__REDLIB__ -specs=redlib.specs -MMD -MP -MF"portable/heap_2.d" -MT"portable/heap_2.o" -MT"portable/heap_2.d" -o "portable/heap_2.o" "../portable/heap_2.c"
Finished building: ../portable/heap_2.c
 
Building file: ../portable/port.c
Invoking: MCU C Compiler
arm-none-eabi-gcc -D__REDLIB__ -I"C:\Users\Debajyoti Maitra\Documents\LPCXpresso_8.2.2_650\workspace\FreeRTOS_Library\include" -I"C:\Users\Debajyoti Maitra\Documents\LPCXpresso_8.2.2_650\workspace\CMSISv1p30_LPC17xx\inc" -I"C:\Users\Debajyoti Maitra\Documents\LPCXpresso_8.2.2_650\workspace\FreeRTOS_Library\portable" -I"C:\Users\Debajyoti Maitra\Documents\LPCXpresso_8.2.2_650\workspace\FreeRTOS_Library\demo_code" -O1 -g3 -Wall -c -fmessage-length=0 -mcpu=cortex-m3 -mthumb -D__REDLIB__ -specs=redlib.specs -MMD -MP -MF"portable/port.d" -MT"portable/port.o" -MT"portable/port.d" -o "portable/port.o" "../portable/port.c"
Finished building: ../portable/port.c
 
Building file: ../demo_code/basic_io.c
Invoking: MCU C Compiler
arm-none-eabi-gcc -D__REDLIB__ -I"C:\Users\Debajyoti Maitra\Documents\LPCXpresso_8.2.2_650\workspace\FreeRTOS_Library\include" -I"C:\Users\Debajyoti Maitra\Documents\LPCXpresso_8.2.2_650\workspace\CMSISv1p30_LPC17xx\inc" -I"C:\Users\Debajyoti Maitra\Documents\LPCXpresso_8.2.2_650\workspace\FreeRTOS_Library\portable" -I"C:\Users\Debajyoti Maitra\Documents\LPCXpresso_8.2.2_650\workspace\FreeRTOS_Library\demo_code" -O1 -g3 -Wall -c -fmessage-length=0 -mcpu=cortex-m3 -mthumb -D__REDLIB__ -specs=redlib.specs -MMD -MP -MF"demo_code/basic_io.d" -MT"demo_code/basic_io.o" -MT"demo_code/basic_io.d" -o "demo_code/basic_io.o" "../demo_code/basic_io.c"
Finished building: ../demo_code/basic_io.c
 
Building file: ../demo_code/consoleprint.c
Invoking: MCU C Compiler
arm-none-eabi-gcc -D__REDLIB__ -I"C:\Users\Debajyoti Maitra\Documents\LPCXpresso_8.2.2_650\workspace\FreeRTOS_Library\include" -I"C:\Users\Debajyoti Maitra\Documents\LPCXpresso_8.2.2_650\workspace\CMSISv1p30_LPC17xx\inc" -I"C:\Users\Debajyoti Maitra\Documents\LPCXpresso_8.2.2_650\workspace\FreeRTOS_Library\portable" -I"C:\Users\Debajyoti Maitra\Documents\LPCXpresso_8.2.2_650\workspace\FreeRTOS_Library\demo_code" -O1 -g3 -Wall -c -fmessage-length=0 -mcpu=cortex-m3 -mthumb -D__REDLIB__ -specs=redlib.specs -MMD -MP -MF"demo_code/consoleprint.d" -MT"demo_code/consoleprint.o" -MT"demo_code/consoleprint.d" -o "demo_code/consoleprint.o" "../demo_code/consoleprint.c"
Finished building: ../demo_code/consoleprint.c
 
Building file: ../list.c
Invoking: MCU C Compiler
arm-none-eabi-gcc -D__REDLIB__ -I"C:\Users\Debajyoti Maitra\Documents\LPCXpresso_8.2.2_650\workspace\FreeRTOS_Library\include" -I"C:\Users\Debajyoti Maitra\Documents\LPCXpresso_8.2.2_650\workspace\CMSISv1p30_LPC17xx\inc" -I"C:\Users\Debajyoti Maitra\Documents\LPCXpresso_8.2.2_650\workspace\FreeRTOS_Library\portable" -I"C:\Users\Debajyoti Maitra\Documents\LPCXpresso_8.2.2_650\workspace\FreeRTOS_Library\demo_code" -O1 -g3 -Wall -c -fmessage-length=0 -mcpu=cortex-m3 -mthumb -D__REDLIB__ -specs=redlib.specs -MMD -MP -MF"list.d" -MT"list.o" -MT"list.d" -o "list.o" "../list.c"
Finished building: ../list.c
 
Building file: ../queue.c
Invoking: MCU C Compiler
arm-none-eabi-gcc -D__REDLIB__ -I"C:\Users\Debajyoti Maitra\Documents\LPCXpresso_8.2.2_650\workspace\FreeRTOS_Library\include" -I"C:\Users\Debajyoti Maitra\Documents\LPCXpresso_8.2.2_650\workspace\CMSISv1p30_LPC17xx\inc" -I"C:\Users\Debajyoti Maitra\Documents\LPCXpresso_8.2.2_650\workspace\FreeRTOS_Library\portable" -I"C:\Users\Debajyoti Maitra\Documents\LPCXpresso_8.2.2_650\workspace\FreeRTOS_Library\demo_code" -O1 -g3 -Wall -c -fmessage-length=0 -mcpu=cortex-m3 -mthumb -D__REDLIB__ -specs=redlib.specs -MMD -MP -MF"queue.d" -MT"queue.o" -MT"queue.d" -o "queue.o" "../queue.c"
Finished building: ../queue.c
 
Building file: ../tasks.c
Invoking: MCU C Compiler
arm-none-eabi-gcc -D__REDLIB__ -I"C:\Users\Debajyoti Maitra\Documents\LPCXpresso_8.2.2_650\workspace\FreeRTOS_Library\include" -I"C:\Users\Debajyoti Maitra\Documents\LPCXpresso_8.2.2_650\workspace\CMSISv1p30_LPC17xx\inc" -I"C:\Users\Debajyoti Maitra\Documents\LPCXpresso_8.2.2_650\workspace\FreeRTOS_Library\portable" -I"C:\Users\Debajyoti Maitra\Documents\LPCXpresso_8.2.2_650\workspace\FreeRTOS_Library\demo_code" -O1 -g3 -Wall -c -fmessage-length=0 -mcpu=cortex-m3 -mthumb -D__REDLIB__ -specs=redlib.specs -MMD -MP -MF"tasks.d" -MT"tasks.o" -MT"tasks.d" -o "tasks.o" "../tasks.c"
Finished building: ../tasks.c
 
Building target: libFreeRTOS_Library.a
Invoking: MCU Archiver
arm-none-eabi-ar -r  "libFreeRTOS_Library.a"  ./portable/heap_2.o ./portable/port.o  ./demo_code/basic_io.o ./demo_code/consoleprint.o  ./list.o ./queue.o ./tasks.o   
c:\nxp\LPCXpresso_8.2.2_650\lpcxpresso\tools\bin\arm-none-eabi-ar.exe: creating libFreeRTOS_Library.a
Finished building target: libFreeRTOS_Library.a
 
make --no-print-directory post-build
Performing post-build steps
arm-none-eabi-size libFreeRTOS_Library.a ; # arm-none-eabi-objdump -h -S libFreeRTOS_Library.a >libFreeRTOS_Library.lss
   text	   data	    bss	    dec	    hex	filename
    292	      4	  10264	  10560	   2940	heap_2.o (ex libFreeRTOS_Library.a)
    308	      4	      0	    312	    138	port.o (ex libFreeRTOS_Library.a)
     88	      0	     50	    138	     8a	basic_io.o (ex libFreeRTOS_Library.a)
     20	      0	      0	     20	     14	consoleprint.o (ex libFreeRTOS_Library.a)
    156	      0	      0	    156	     9c	list.o (ex libFreeRTOS_Library.a)
   1184	      0	      0	   1184	    4a0	queue.o (ex libFreeRTOS_Library.a)
   2729	      0	    256	   2985	    ba9	tasks.o (ex libFreeRTOS_Library.a)
 
18:17:19 **** Clean-only build of configuration Debug for project Example01_eq_prio ****
make -r clean 
rm -rf  ./cr_startup_lpc17.o ./main.o  ./cr_startup_lpc17.d ./main.d  Example01_eq_prio.axf
 
18:17:20 **** Build of configuration Debug for project Example01_eq_prio ****
make -r all 
Building file: ../cr_startup_lpc17.c
Invoking: MCU C Compiler
arm-none-eabi-gcc -DDEBUG -D__USE_CMSIS=CMSISv1p30_LPC17xx -D__CODE_RED -D__REDLIB__ -I"C:\Users\Debajyoti Maitra\Documents\LPCXpresso_8.2.2_650\workspace\CMSISv2p00_LPC17xx\inc" -I"C:\Users\Debajyoti Maitra\Documents\LPCXpresso_8.2.2_650\workspace\FreeRTOS_Library\demo_code" -I"C:\Users\Debajyoti Maitra\Documents\LPCXpresso_8.2.2_650\workspace\FreeRTOS_Library\include" -I"C:\Users\Debajyoti Maitra\Documents\LPCXpresso_8.2.2_650\workspace\FreeRTOS_Library\portable" -O1 -g3 -fsigned-char -c -fmessage-length=0 -fno-builtin -ffunction-sections -mcpu=cortex-m3 -mthumb -D__REDLIB__ -specs=redlib.specs -MMD -MP -MF"cr_startup_lpc17.d" -MT"cr_startup_lpc17.o" -MT"cr_startup_lpc17.d" -o "cr_startup_lpc17.o" "../cr_startup_lpc17.c"
Finished building: ../cr_startup_lpc17.c
 
Building file: ../main.c
Invoking: MCU C Compiler
arm-none-eabi-gcc -DDEBUG -D__USE_CMSIS=CMSISv1p30_LPC17xx -D__CODE_RED -D__REDLIB__ -I"C:\Users\Debajyoti Maitra\Documents\LPCXpresso_8.2.2_650\workspace\CMSISv2p00_LPC17xx\inc" -I"C:\Users\Debajyoti Maitra\Documents\LPCXpresso_8.2.2_650\workspace\FreeRTOS_Library\demo_code" -I"C:\Users\Debajyoti Maitra\Documents\LPCXpresso_8.2.2_650\workspace\FreeRTOS_Library\include" -I"C:\Users\Debajyoti Maitra\Documents\LPCXpresso_8.2.2_650\workspace\FreeRTOS_Library\portable" -O1 -g3 -fsigned-char -c -fmessage-length=0 -fno-builtin -ffunction-sections -mcpu=cortex-m3 -mthumb -D__REDLIB__ -specs=redlib.specs -MMD -MP -MF"main.d" -MT"main.o" -MT"main.d" -o "main.o" "../main.c"
../main.c: In function 'main':
../main.c:75:2: warning: implicit declaration of function 'printf' [-Wimplicit-function-declaration]
  printf( "\n" );
  ^
Finished building: ../main.c
 
Building target: Example01_eq_prio.axf
Invoking: MCU Linker
arm-none-eabi-gcc -nostdlib -L"C:\Users\Debajyoti Maitra\Documents\LPCXpresso_8.2.2_650\workspace\FreeRTOS_Library\Debug" -L"C:\Users\Debajyoti Maitra\Documents\LPCXpresso_8.2.2_650\workspace\CMSISv2p00_LPC17xx\Debug" -Xlinker --gc-sections -Xlinker -Map=Example01_eq_prio.map -mcpu=cortex-m3 -mthumb -T "Example01_eq_prio_Debug.ld" -o "Example01_eq_prio.axf"  ./cr_startup_lpc17.o ./main.o   -lFreeRTOS_Library -lCMSISv2p00_LPC17xx
Finished building target: Example01_eq_prio.axf
 
make --no-print-directory post-build
Performing post-build steps
arm-none-eabi-size Example01_eq_prio.axf; # arm-none-eabi-objcopy -O ihex Example01_eq_prio.axf Example01_eq_prio.hex ;
   text	   data	    bss	    dec	    hex	filename
  14840	      8	  10912	  25760	   64a0	Example01_eq_prio.axf
 
18:17:28 **** Incremental Build of configuration Debug for project CMSISv1p30_LPC17xx ****
make -r all 
Building file: ../src/core_cm3.c
Invoking: MCU C Compiler
arm-none-eabi-gcc -DDEBUG -D__CODE_RED -D__REDLIB__ -I"C:\Users\Debajyoti Maitra\Documents\LPCXpresso_8.2.2_650\workspace\CMSISv1p30_LPC17xx\inc" -O0 -g3 -Wall -c -fmessage-length=0 -fno-builtin -ffunction-sections -mcpu=cortex-m3 -mthumb -D__REDLIB__ -specs=redlib.specs -MMD -MP -MF"src/core_cm3.d" -MT"src/core_cm3.o" -MT"src/core_cm3.d" -o "src/core_cm3.o" "../src/core_cm3.c"
C:\Users\DEBAJY~1\AppData\Local\Temp\ccCKCn1C.s: Assembler messages:
C:\Users\DEBAJY~1\AppData\Local\Temp\ccCKCn1C.s:874: Error: registers may not be the same -- `strexb r3,r2,[r3]'
C:\Users\DEBAJY~1\AppData\Local\Temp\ccCKCn1C.s:926: Error: registers may not be the same -- `strexh r3,r2,[r3]'
make: *** [src/core_cm3.o] Error 1
18:17:28 **** Incremental Build of configuration Debug for project FreeRTOS_Library ****
make -r all 
make: Nothing to be done for `all'.
18:17:29 **** Incremental Build of configuration Debug for project Example01_eq_prio ****
make -r all 
make: Nothing to be done for `all'.
18:17:31 **** Incremental Build of configuration Debug for project Example01_eq_prio ****
make -r all 
make: Nothing to be done for `all'.
18:25:24 **** Clean-only build of configuration Debug for project CMSISv2p00_LPC17xx ****
make -r clean 
rm -rf  ./src/core_cm3.o ./src/system_LPC17xx.o  ./src/core_cm3.d ./src/system_LPC17xx.d  libCMSISv2p00_LPC17xx.a
 
18:25:24 **** Clean-only build of configuration Debug for project Lib_MCU ****
make -r clean 
rm -rf  ./src/lpc17xx_adc.o ./src/lpc17xx_can.o ./src/lpc17xx_clkpwr.o ./src/lpc17xx_dac.o ./src/lpc17xx_emac.o ./src/lpc17xx_exti.o ./src/lpc17xx_gpdma.o ./src/lpc17xx_gpio.o ./src/lpc17xx_i2c.o ./src/lpc17xx_i2s.o ./src/lpc17xx_libcfg_default.o ./src/lpc17xx_mcpwm.o ./src/lpc17xx_nvic.o ./src/lpc17xx_pinsel.o ./src/lpc17xx_pwm.o ./src/lpc17xx_qei.o ./src/lpc17xx_rit.o ./src/lpc17xx_rtc.o ./src/lpc17xx_spi.o ./src/lpc17xx_ssp.o ./src/lpc17xx_systick.o ./src/lpc17xx_timer.o ./src/lpc17xx_uart.o ./src/lpc17xx_wdt.o  ./src/lpc17xx_adc.d ./src/lpc17xx_can.d ./src/lpc17xx_clkpwr.d ./src/lpc17xx_dac.d ./src/lpc17xx_emac.d ./src/lpc17xx_exti.d ./src/lpc17xx_gpdma.d ./src/lpc17xx_gpio.d ./src/lpc17xx_i2c.d ./src/lpc17xx_i2s.d ./src/lpc17xx_libcfg_default.d ./src/lpc17xx_mcpwm.d ./src/lpc17xx_nvic.d ./src/lpc17xx_pinsel.d ./src/lpc17xx_pwm.d ./src/lpc17xx_qei.d ./src/lpc17xx_rit.d ./src/lpc17xx_rtc.d ./src/lpc17xx_spi.d ./src/lpc17xx_ssp.d ./src/lpc17xx_systick.d ./src/lpc17xx_timer.d ./src/lpc17xx_uart.d ./src/lpc17xx_wdt.d  libLib_MCU.a
 
18:25:25 **** Clean-only build of configuration Debug for project FreeRTOS_Library ****
make -r clean 
rm -rf  ./portable/heap_2.o ./portable/port.o  ./demo_code/basic_io.o ./demo_code/consoleprint.o  ./list.o ./queue.o ./tasks.o  ./portable/heap_2.d ./portable/port.d  ./demo_code/basic_io.d ./demo_code/consoleprint.d  ./list.d ./queue.d ./tasks.d  libFreeRTOS_Library.a
 
18:25:29 **** Clean-only build of configuration Debug for project CMSISv2p00_LPC17xx ****
make -r clean 
rm -rf  ./src/core_cm3.o ./src/system_LPC17xx.o  ./src/core_cm3.d ./src/system_LPC17xx.d  libCMSISv2p00_LPC17xx.a
 
18:25:29 **** Build of configuration Debug for project CMSISv2p00_LPC17xx ****
make -r all 
Building file: ../src/core_cm3.c
Invoking: MCU C Compiler
arm-none-eabi-gcc -D__REDLIB__ -DDEBUG -D__CODE_RED -I../inc -O0 -Os -g3 -Wall -c -fmessage-length=0 -fno-builtin -ffunction-sections -fdata-sections -mcpu=cortex-m3 -mthumb -D__REDLIB__ -specs=redlib.specs -MMD -MP -MF"src/core_cm3.d" -MT"src/core_cm3.o" -MT"src/core_cm3.d" -o "src/core_cm3.o" "../src/core_cm3.c"
Finished building: ../src/core_cm3.c
 
Building file: ../src/system_LPC17xx.c
Invoking: MCU C Compiler
arm-none-eabi-gcc -D__REDLIB__ -DDEBUG -D__CODE_RED -I../inc -O0 -Os -g3 -Wall -c -fmessage-length=0 -fno-builtin -ffunction-sections -fdata-sections -mcpu=cortex-m3 -mthumb -D__REDLIB__ -specs=redlib.specs -MMD -MP -MF"src/system_LPC17xx.d" -MT"src/system_LPC17xx.o" -MT"src/system_LPC17xx.d" -o "src/system_LPC17xx.o" "../src/system_LPC17xx.c"
Finished building: ../src/system_LPC17xx.c
 
Building target: libCMSISv2p00_LPC17xx.a
Invoking: MCU Archiver
arm-none-eabi-ar -r  "libCMSISv2p00_LPC17xx.a"  ./src/core_cm3.o ./src/system_LPC17xx.o   
c:\nxp\LPCXpresso_8.2.2_650\lpcxpresso\tools\bin\arm-none-eabi-ar.exe: creating libCMSISv2p00_LPC17xx.a
Finished building target: libCMSISv2p00_LPC17xx.a
 
make --no-print-directory post-build
Performing post-build steps
arm-none-eabi-size libCMSISv2p00_LPC17xx.a ; # arm-none-eabi-objdump -h -S libCMSISv2p00_LPC17xx.a >libCMSISv2p00_LPC17xx.lss
   text	   data	    bss	    dec	    hex	filename
      0	      0	      0	      0	      0	core_cm3.o (ex libCMSISv2p00_LPC17xx.a)
    408	      4	      0	    412	    19c	system_LPC17xx.o (ex libCMSISv2p00_LPC17xx.a)
 
18:25:30 **** Clean-only build of configuration Debug for project Lib_MCU ****
make -r clean 
rm -rf  ./src/lpc17xx_adc.o ./src/lpc17xx_can.o ./src/lpc17xx_clkpwr.o ./src/lpc17xx_dac.o ./src/lpc17xx_emac.o ./src/lpc17xx_exti.o ./src/lpc17xx_gpdma.o ./src/lpc17xx_gpio.o ./src/lpc17xx_i2c.o ./src/lpc17xx_i2s.o ./src/lpc17xx_libcfg_default.o ./src/lpc17xx_mcpwm.o ./src/lpc17xx_nvic.o ./src/lpc17xx_pinsel.o ./src/lpc17xx_pwm.o ./src/lpc17xx_qei.o ./src/lpc17xx_rit.o ./src/lpc17xx_rtc.o ./src/lpc17xx_spi.o ./src/lpc17xx_ssp.o ./src/lpc17xx_systick.o ./src/lpc17xx_timer.o ./src/lpc17xx_uart.o ./src/lpc17xx_wdt.o  ./src/lpc17xx_adc.d ./src/lpc17xx_can.d ./src/lpc17xx_clkpwr.d ./src/lpc17xx_dac.d ./src/lpc17xx_emac.d ./src/lpc17xx_exti.d ./src/lpc17xx_gpdma.d ./src/lpc17xx_gpio.d ./src/lpc17xx_i2c.d ./src/lpc17xx_i2s.d ./src/lpc17xx_libcfg_default.d ./src/lpc17xx_mcpwm.d ./src/lpc17xx_nvic.d ./src/lpc17xx_pinsel.d ./src/lpc17xx_pwm.d ./src/lpc17xx_qei.d ./src/lpc17xx_rit.d ./src/lpc17xx_rtc.d ./src/lpc17xx_spi.d ./src/lpc17xx_ssp.d ./src/lpc17xx_systick.d ./src/lpc17xx_timer.d ./src/lpc17xx_uart.d ./src/lpc17xx_wdt.d  libLib_MCU.a
 
18:25:30 **** Build of configuration Debug for project Lib_MCU ****
make -r all 
Building file: ../src/lpc17xx_adc.c
Invoking: MCU C Compiler
arm-none-eabi-gcc -D__REDLIB__ -DDEBUG -D__CODE_RED -I"C:\Users\Debajyoti Maitra\Documents\LPCXpresso_8.2.2_650\workspace\Lib_MCU\inc" -I"C:\Users\Debajyoti Maitra\Documents\LPCXpresso_8.2.2_650\workspace\CMSISv2p00_LPC17xx\inc" -O0 -g3 -Wall -c -fmessage-length=0 -fno-builtin -ffunction-sections -mcpu=cortex-m3 -mthumb -D__REDLIB__ -specs=redlib.specs -MMD -MP -MF"src/lpc17xx_adc.d" -MT"src/lpc17xx_adc.o" -MT"src/lpc17xx_adc.d" -o "src/lpc17xx_adc.o" "../src/lpc17xx_adc.c"
Finished building: ../src/lpc17xx_adc.c
 
Building file: ../src/lpc17xx_can.c
Invoking: MCU C Compiler
arm-none-eabi-gcc -D__REDLIB__ -DDEBUG -D__CODE_RED -I"C:\Users\Debajyoti Maitra\Documents\LPCXpresso_8.2.2_650\workspace\Lib_MCU\inc" -I"C:\Users\Debajyoti Maitra\Documents\LPCXpresso_8.2.2_650\workspace\CMSISv2p00_LPC17xx\inc" -O0 -g3 -Wall -c -fmessage-length=0 -fno-builtin -ffunction-sections -mcpu=cortex-m3 -mthumb -D__REDLIB__ -specs=redlib.specs -MMD -MP -MF"src/lpc17xx_can.d" -MT"src/lpc17xx_can.o" -MT"src/lpc17xx_can.d" -o "src/lpc17xx_can.o" "../src/lpc17xx_can.c"
Finished building: ../src/lpc17xx_can.c
 
Building file: ../src/lpc17xx_clkpwr.c
Invoking: MCU C Compiler
arm-none-eabi-gcc -D__REDLIB__ -DDEBUG -D__CODE_RED -I"C:\Users\Debajyoti Maitra\Documents\LPCXpresso_8.2.2_650\workspace\Lib_MCU\inc" -I"C:\Users\Debajyoti Maitra\Documents\LPCXpresso_8.2.2_650\workspace\CMSISv2p00_LPC17xx\inc" -O0 -g3 -Wall -c -fmessage-length=0 -fno-builtin -ffunction-sections -mcpu=cortex-m3 -mthumb -D__REDLIB__ -specs=redlib.specs -MMD -MP -MF"src/lpc17xx_clkpwr.d" -MT"src/lpc17xx_clkpwr.o" -MT"src/lpc17xx_clkpwr.d" -o "src/lpc17xx_clkpwr.o" "../src/lpc17xx_clkpwr.c"
Finished building: ../src/lpc17xx_clkpwr.c
 
Building file: ../src/lpc17xx_dac.c
Invoking: MCU C Compiler
arm-none-eabi-gcc -D__REDLIB__ -DDEBUG -D__CODE_RED -I"C:\Users\Debajyoti Maitra\Documents\LPCXpresso_8.2.2_650\workspace\Lib_MCU\inc" -I"C:\Users\Debajyoti Maitra\Documents\LPCXpresso_8.2.2_650\workspace\CMSISv2p00_LPC17xx\inc" -O0 -g3 -Wall -c -fmessage-length=0 -fno-builtin -ffunction-sections -mcpu=cortex-m3 -mthumb -D__REDLIB__ -specs=redlib.specs -MMD -MP -MF"src/lpc17xx_dac.d" -MT"src/lpc17xx_dac.o" -MT"src/lpc17xx_dac.d" -o "src/lpc17xx_dac.o" "../src/lpc17xx_dac.c"
Finished building: ../src/lpc17xx_dac.c
 
Building file: ../src/lpc17xx_emac.c
Invoking: MCU C Compiler
arm-none-eabi-gcc -D__REDLIB__ -DDEBUG -D__CODE_RED -I"C:\Users\Debajyoti Maitra\Documents\LPCXpresso_8.2.2_650\workspace\Lib_MCU\inc" -I"C:\Users\Debajyoti Maitra\Documents\LPCXpresso_8.2.2_650\workspace\CMSISv2p00_LPC17xx\inc" -O0 -g3 -Wall -c -fmessage-length=0 -fno-builtin -ffunction-sections -mcpu=cortex-m3 -mthumb -D__REDLIB__ -specs=redlib.specs -MMD -MP -MF"src/lpc17xx_emac.d" -MT"src/lpc17xx_emac.o" -MT"src/lpc17xx_emac.d" -o "src/lpc17xx_emac.o" "../src/lpc17xx_emac.c"
Finished building: ../src/lpc17xx_emac.c
 
Building file: ../src/lpc17xx_exti.c
Invoking: MCU C Compiler
arm-none-eabi-gcc -D__REDLIB__ -DDEBUG -D__CODE_RED -I"C:\Users\Debajyoti Maitra\Documents\LPCXpresso_8.2.2_650\workspace\Lib_MCU\inc" -I"C:\Users\Debajyoti Maitra\Documents\LPCXpresso_8.2.2_650\workspace\CMSISv2p00_LPC17xx\inc" -O0 -g3 -Wall -c -fmessage-length=0 -fno-builtin -ffunction-sections -mcpu=cortex-m3 -mthumb -D__REDLIB__ -specs=redlib.specs -MMD -MP -MF"src/lpc17xx_exti.d" -MT"src/lpc17xx_exti.o" -MT"src/lpc17xx_exti.d" -o "src/lpc17xx_exti.o" "../src/lpc17xx_exti.c"
Finished building: ../src/lpc17xx_exti.c
 
Building file: ../src/lpc17xx_gpdma.c
Invoking: MCU C Compiler
arm-none-eabi-gcc -D__REDLIB__ -DDEBUG -D__CODE_RED -I"C:\Users\Debajyoti Maitra\Documents\LPCXpresso_8.2.2_650\workspace\Lib_MCU\inc" -I"C:\Users\Debajyoti Maitra\Documents\LPCXpresso_8.2.2_650\workspace\CMSISv2p00_LPC17xx\inc" -O0 -g3 -Wall -c -fmessage-length=0 -fno-builtin -ffunction-sections -mcpu=cortex-m3 -mthumb -D__REDLIB__ -specs=redlib.specs -MMD -MP -MF"src/lpc17xx_gpdma.d" -MT"src/lpc17xx_gpdma.o" -MT"src/lpc17xx_gpdma.d" -o "src/lpc17xx_gpdma.o" "../src/lpc17xx_gpdma.c"
Finished building: ../src/lpc17xx_gpdma.c
 
Building file: ../src/lpc17xx_gpio.c
Invoking: MCU C Compiler
arm-none-eabi-gcc -D__REDLIB__ -DDEBUG -D__CODE_RED -I"C:\Users\Debajyoti Maitra\Documents\LPCXpresso_8.2.2_650\workspace\Lib_MCU\inc" -I"C:\Users\Debajyoti Maitra\Documents\LPCXpresso_8.2.2_650\workspace\CMSISv2p00_LPC17xx\inc" -O0 -g3 -Wall -c -fmessage-length=0 -fno-builtin -ffunction-sections -mcpu=cortex-m3 -mthumb -D__REDLIB__ -specs=redlib.specs -MMD -MP -MF"src/lpc17xx_gpio.d" -MT"src/lpc17xx_gpio.o" -MT"src/lpc17xx_gpio.d" -o "src/lpc17xx_gpio.o" "../src/lpc17xx_gpio.c"
Finished building: ../src/lpc17xx_gpio.c
 
Building file: ../src/lpc17xx_i2c.c
Invoking: MCU C Compiler
arm-none-eabi-gcc -D__REDLIB__ -DDEBUG -D__CODE_RED -I"C:\Users\Debajyoti Maitra\Documents\LPCXpresso_8.2.2_650\workspace\Lib_MCU\inc" -I"C:\Users\Debajyoti Maitra\Documents\LPCXpresso_8.2.2_650\workspace\CMSISv2p00_LPC17xx\inc" -O0 -g3 -Wall -c -fmessage-length=0 -fno-builtin -ffunction-sections -mcpu=cortex-m3 -mthumb -D__REDLIB__ -specs=redlib.specs -MMD -MP -MF"src/lpc17xx_i2c.d" -MT"src/lpc17xx_i2c.o" -MT"src/lpc17xx_i2c.d" -o "src/lpc17xx_i2c.o" "../src/lpc17xx_i2c.c"
Finished building: ../src/lpc17xx_i2c.c
 
Building file: ../src/lpc17xx_i2s.c
Invoking: MCU C Compiler
arm-none-eabi-gcc -D__REDLIB__ -DDEBUG -D__CODE_RED -I"C:\Users\Debajyoti Maitra\Documents\LPCXpresso_8.2.2_650\workspace\Lib_MCU\inc" -I"C:\Users\Debajyoti Maitra\Documents\LPCXpresso_8.2.2_650\workspace\CMSISv2p00_LPC17xx\inc" -O0 -g3 -Wall -c -fmessage-length=0 -fno-builtin -ffunction-sections -mcpu=cortex-m3 -mthumb -D__REDLIB__ -specs=redlib.specs -MMD -MP -MF"src/lpc17xx_i2s.d" -MT"src/lpc17xx_i2s.o" -MT"src/lpc17xx_i2s.d" -o "src/lpc17xx_i2s.o" "../src/lpc17xx_i2s.c"
Finished building: ../src/lpc17xx_i2s.c
 
Building file: ../src/lpc17xx_libcfg_default.c
Invoking: MCU C Compiler
arm-none-eabi-gcc -D__REDLIB__ -DDEBUG -D__CODE_RED -I"C:\Users\Debajyoti Maitra\Documents\LPCXpresso_8.2.2_650\workspace\Lib_MCU\inc" -I"C:\Users\Debajyoti Maitra\Documents\LPCXpresso_8.2.2_650\workspace\CMSISv2p00_LPC17xx\inc" -O0 -g3 -Wall -c -fmessage-length=0 -fno-builtin -ffunction-sections -mcpu=cortex-m3 -mthumb -D__REDLIB__ -specs=redlib.specs -MMD -MP -MF"src/lpc17xx_libcfg_default.d" -MT"src/lpc17xx_libcfg_default.o" -MT"src/lpc17xx_libcfg_default.d" -o "src/lpc17xx_libcfg_default.o" "../src/lpc17xx_libcfg_default.c"
Finished building: ../src/lpc17xx_libcfg_default.c
 
Building file: ../src/lpc17xx_mcpwm.c
Invoking: MCU C Compiler
arm-none-eabi-gcc -D__REDLIB__ -DDEBUG -D__CODE_RED -I"C:\Users\Debajyoti Maitra\Documents\LPCXpresso_8.2.2_650\workspace\Lib_MCU\inc" -I"C:\Users\Debajyoti Maitra\Documents\LPCXpresso_8.2.2_650\workspace\CMSISv2p00_LPC17xx\inc" -O0 -g3 -Wall -c -fmessage-length=0 -fno-builtin -ffunction-sections -mcpu=cortex-m3 -mthumb -D__REDLIB__ -specs=redlib.specs -MMD -MP -MF"src/lpc17xx_mcpwm.d" -MT"src/lpc17xx_mcpwm.o" -MT"src/lpc17xx_mcpwm.d" -o "src/lpc17xx_mcpwm.o" "../src/lpc17xx_mcpwm.c"
Finished building: ../src/lpc17xx_mcpwm.c
 
Building file: ../src/lpc17xx_nvic.c
Invoking: MCU C Compiler
arm-none-eabi-gcc -D__REDLIB__ -DDEBUG -D__CODE_RED -I"C:\Users\Debajyoti Maitra\Documents\LPCXpresso_8.2.2_650\workspace\Lib_MCU\inc" -I"C:\Users\Debajyoti Maitra\Documents\LPCXpresso_8.2.2_650\workspace\CMSISv2p00_LPC17xx\inc" -O0 -g3 -Wall -c -fmessage-length=0 -fno-builtin -ffunction-sections -mcpu=cortex-m3 -mthumb -D__REDLIB__ -specs=redlib.specs -MMD -MP -MF"src/lpc17xx_nvic.d" -MT"src/lpc17xx_nvic.o" -MT"src/lpc17xx_nvic.d" -o "src/lpc17xx_nvic.o" "../src/lpc17xx_nvic.c"
Finished building: ../src/lpc17xx_nvic.c
 
Building file: ../src/lpc17xx_pinsel.c
Invoking: MCU C Compiler
arm-none-eabi-gcc -D__REDLIB__ -DDEBUG -D__CODE_RED -I"C:\Users\Debajyoti Maitra\Documents\LPCXpresso_8.2.2_650\workspace\Lib_MCU\inc" -I"C:\Users\Debajyoti Maitra\Documents\LPCXpresso_8.2.2_650\workspace\CMSISv2p00_LPC17xx\inc" -O0 -g3 -Wall -c -fmessage-length=0 -fno-builtin -ffunction-sections -mcpu=cortex-m3 -mthumb -D__REDLIB__ -specs=redlib.specs -MMD -MP -MF"src/lpc17xx_pinsel.d" -MT"src/lpc17xx_pinsel.o" -MT"src/lpc17xx_pinsel.d" -o "src/lpc17xx_pinsel.o" "../src/lpc17xx_pinsel.c"
Finished building: ../src/lpc17xx_pinsel.c
 
Building file: ../src/lpc17xx_pwm.c
Invoking: MCU C Compiler
arm-none-eabi-gcc -D__REDLIB__ -DDEBUG -D__CODE_RED -I"C:\Users\Debajyoti Maitra\Documents\LPCXpresso_8.2.2_650\workspace\Lib_MCU\inc" -I"C:\Users\Debajyoti Maitra\Documents\LPCXpresso_8.2.2_650\workspace\CMSISv2p00_LPC17xx\inc" -O0 -g3 -Wall -c -fmessage-length=0 -fno-builtin -ffunction-sections -mcpu=cortex-m3 -mthumb -D__REDLIB__ -specs=redlib.specs -MMD -MP -MF"src/lpc17xx_pwm.d" -MT"src/lpc17xx_pwm.o" -MT"src/lpc17xx_pwm.d" -o "src/lpc17xx_pwm.o" "../src/lpc17xx_pwm.c"
Finished building: ../src/lpc17xx_pwm.c
 
Building file: ../src/lpc17xx_qei.c
Invoking: MCU C Compiler
arm-none-eabi-gcc -D__REDLIB__ -DDEBUG -D__CODE_RED -I"C:\Users\Debajyoti Maitra\Documents\LPCXpresso_8.2.2_650\workspace\Lib_MCU\inc" -I"C:\Users\Debajyoti Maitra\Documents\LPCXpresso_8.2.2_650\workspace\CMSISv2p00_LPC17xx\inc" -O0 -g3 -Wall -c -fmessage-length=0 -fno-builtin -ffunction-sections -mcpu=cortex-m3 -mthumb -D__REDLIB__ -specs=redlib.specs -MMD -MP -MF"src/lpc17xx_qei.d" -MT"src/lpc17xx_qei.o" -MT"src/lpc17xx_qei.d" -o "src/lpc17xx_qei.o" "../src/lpc17xx_qei.c"
Finished building: ../src/lpc17xx_qei.c
 
Building file: ../src/lpc17xx_rit.c
Invoking: MCU C Compiler
arm-none-eabi-gcc -D__REDLIB__ -DDEBUG -D__CODE_RED -I"C:\Users\Debajyoti Maitra\Documents\LPCXpresso_8.2.2_650\workspace\Lib_MCU\inc" -I"C:\Users\Debajyoti Maitra\Documents\LPCXpresso_8.2.2_650\workspace\CMSISv2p00_LPC17xx\inc" -O0 -g3 -Wall -c -fmessage-length=0 -fno-builtin -ffunction-sections -mcpu=cortex-m3 -mthumb -D__REDLIB__ -specs=redlib.specs -MMD -MP -MF"src/lpc17xx_rit.d" -MT"src/lpc17xx_rit.o" -MT"src/lpc17xx_rit.d" -o "src/lpc17xx_rit.o" "../src/lpc17xx_rit.c"
Finished building: ../src/lpc17xx_rit.c
 
Building file: ../src/lpc17xx_rtc.c
Invoking: MCU C Compiler
arm-none-eabi-gcc -D__REDLIB__ -DDEBUG -D__CODE_RED -I"C:\Users\Debajyoti Maitra\Documents\LPCXpresso_8.2.2_650\workspace\Lib_MCU\inc" -I"C:\Users\Debajyoti Maitra\Documents\LPCXpresso_8.2.2_650\workspace\CMSISv2p00_LPC17xx\inc" -O0 -g3 -Wall -c -fmessage-length=0 -fno-builtin -ffunction-sections -mcpu=cortex-m3 -mthumb -D__REDLIB__ -specs=redlib.specs -MMD -MP -MF"src/lpc17xx_rtc.d" -MT"src/lpc17xx_rtc.o" -MT"src/lpc17xx_rtc.d" -o "src/lpc17xx_rtc.o" "../src/lpc17xx_rtc.c"
Finished building: ../src/lpc17xx_rtc.c
 
Building file: ../src/lpc17xx_spi.c
Invoking: MCU C Compiler
arm-none-eabi-gcc -D__REDLIB__ -DDEBUG -D__CODE_RED -I"C:\Users\Debajyoti Maitra\Documents\LPCXpresso_8.2.2_650\workspace\Lib_MCU\inc" -I"C:\Users\Debajyoti Maitra\Documents\LPCXpresso_8.2.2_650\workspace\CMSISv2p00_LPC17xx\inc" -O0 -g3 -Wall -c -fmessage-length=0 -fno-builtin -ffunction-sections -mcpu=cortex-m3 -mthumb -D__REDLIB__ -specs=redlib.specs -MMD -MP -MF"src/lpc17xx_spi.d" -MT"src/lpc17xx_spi.o" -MT"src/lpc17xx_spi.d" -o "src/lpc17xx_spi.o" "../src/lpc17xx_spi.c"
Finished building: ../src/lpc17xx_spi.c
 
Building file: ../src/lpc17xx_ssp.c
Invoking: MCU C Compiler
arm-none-eabi-gcc -D__REDLIB__ -DDEBUG -D__CODE_RED -I"C:\Users\Debajyoti Maitra\Documents\LPCXpresso_8.2.2_650\workspace\Lib_MCU\inc" -I"C:\Users\Debajyoti Maitra\Documents\LPCXpresso_8.2.2_650\workspace\CMSISv2p00_LPC17xx\inc" -O0 -g3 -Wall -c -fmessage-length=0 -fno-builtin -ffunction-sections -mcpu=cortex-m3 -mthumb -D__REDLIB__ -specs=redlib.specs -MMD -MP -MF"src/lpc17xx_ssp.d" -MT"src/lpc17xx_ssp.o" -MT"src/lpc17xx_ssp.d" -o "src/lpc17xx_ssp.o" "../src/lpc17xx_ssp.c"
Finished building: ../src/lpc17xx_ssp.c
 
Building file: ../src/lpc17xx_systick.c
Invoking: MCU C Compiler
arm-none-eabi-gcc -D__REDLIB__ -DDEBUG -D__CODE_RED -I"C:\Users\Debajyoti Maitra\Documents\LPCXpresso_8.2.2_650\workspace\Lib_MCU\inc" -I"C:\Users\Debajyoti Maitra\Documents\LPCXpresso_8.2.2_650\workspace\CMSISv2p00_LPC17xx\inc" -O0 -g3 -Wall -c -fmessage-length=0 -fno-builtin -ffunction-sections -mcpu=cortex-m3 -mthumb -D__REDLIB__ -specs=redlib.specs -MMD -MP -MF"src/lpc17xx_systick.d" -MT"src/lpc17xx_systick.o" -MT"src/lpc17xx_systick.d" -o "src/lpc17xx_systick.o" "../src/lpc17xx_systick.c"
Finished building: ../src/lpc17xx_systick.c
 
Building file: ../src/lpc17xx_timer.c
Invoking: MCU C Compiler
arm-none-eabi-gcc -D__REDLIB__ -DDEBUG -D__CODE_RED -I"C:\Users\Debajyoti Maitra\Documents\LPCXpresso_8.2.2_650\workspace\Lib_MCU\inc" -I"C:\Users\Debajyoti Maitra\Documents\LPCXpresso_8.2.2_650\workspace\CMSISv2p00_LPC17xx\inc" -O0 -g3 -Wall -c -fmessage-length=0 -fno-builtin -ffunction-sections -mcpu=cortex-m3 -mthumb -D__REDLIB__ -specs=redlib.specs -MMD -MP -MF"src/lpc17xx_timer.d" -MT"src/lpc17xx_timer.o" -MT"src/lpc17xx_timer.d" -o "src/lpc17xx_timer.o" "../src/lpc17xx_timer.c"
Finished building: ../src/lpc17xx_timer.c
 
Building file: ../src/lpc17xx_uart.c
Invoking: MCU C Compiler
arm-none-eabi-gcc -D__REDLIB__ -DDEBUG -D__CODE_RED -I"C:\Users\Debajyoti Maitra\Documents\LPCXpresso_8.2.2_650\workspace\Lib_MCU\inc" -I"C:\Users\Debajyoti Maitra\Documents\LPCXpresso_8.2.2_650\workspace\CMSISv2p00_LPC17xx\inc" -O0 -g3 -Wall -c -fmessage-length=0 -fno-builtin -ffunction-sections -mcpu=cortex-m3 -mthumb -D__REDLIB__ -specs=redlib.specs -MMD -MP -MF"src/lpc17xx_uart.d" -MT"src/lpc17xx_uart.o" -MT"src/lpc17xx_uart.d" -o "src/lpc17xx_uart.o" "../src/lpc17xx_uart.c"
Finished building: ../src/lpc17xx_uart.c
 
Building file: ../src/lpc17xx_wdt.c
Invoking: MCU C Compiler
arm-none-eabi-gcc -D__REDLIB__ -DDEBUG -D__CODE_RED -I"C:\Users\Debajyoti Maitra\Documents\LPCXpresso_8.2.2_650\workspace\Lib_MCU\inc" -I"C:\Users\Debajyoti Maitra\Documents\LPCXpresso_8.2.2_650\workspace\CMSISv2p00_LPC17xx\inc" -O0 -g3 -Wall -c -fmessage-length=0 -fno-builtin -ffunction-sections -mcpu=cortex-m3 -mthumb -D__REDLIB__ -specs=redlib.specs -MMD -MP -MF"src/lpc17xx_wdt.d" -MT"src/lpc17xx_wdt.o" -MT"src/lpc17xx_wdt.d" -o "src/lpc17xx_wdt.o" "../src/lpc17xx_wdt.c"
Finished building: ../src/lpc17xx_wdt.c
 
Building target: libLib_MCU.a
Invoking: MCU Archiver
arm-none-eabi-ar -r  "libLib_MCU.a"  ./src/lpc17xx_adc.o ./src/lpc17xx_can.o ./src/lpc17xx_clkpwr.o ./src/lpc17xx_dac.o ./src/lpc17xx_emac.o ./src/lpc17xx_exti.o ./src/lpc17xx_gpdma.o ./src/lpc17xx_gpio.o ./src/lpc17xx_i2c.o ./src/lpc17xx_i2s.o ./src/lpc17xx_libcfg_default.o ./src/lpc17xx_mcpwm.o ./src/lpc17xx_nvic.o ./src/lpc17xx_pinsel.o ./src/lpc17xx_pwm.o ./src/lpc17xx_qei.o ./src/lpc17xx_rit.o ./src/lpc17xx_rtc.o ./src/lpc17xx_spi.o ./src/lpc17xx_ssp.o ./src/lpc17xx_systick.o ./src/lpc17xx_timer.o ./src/lpc17xx_uart.o ./src/lpc17xx_wdt.o   
c:\nxp\LPCXpresso_8.2.2_650\lpcxpresso\tools\bin\arm-none-eabi-ar.exe: creating libLib_MCU.a
Finished building target: libLib_MCU.a
 
make --no-print-directory post-build
Performing post-build steps
arm-none-eabi-size libLib_MCU.a ; # arm-none-eabi-objdump -h -S libLib_MCU.a >libLib_MCU.lss
   text	   data	    bss	    dec	    hex	filename
   1257	      0	      0	   1257	    4e9	lpc17xx_adc.o (ex libLib_MCU.a)
  11133	      0	     10	  11143	   2b87	lpc17xx_can.o (ex libLib_MCU.a)
    536	      0	      0	    536	    218	lpc17xx_clkpwr.o (ex libLib_MCU.a)
    381	      0	      0	    381	    17d	lpc17xx_dac.o (ex libLib_MCU.a)
   2659	      0	  10852	  13511	   34c7	lpc17xx_emac.o (ex libLib_MCU.a)
    344	      0	      0	    344	    158	lpc17xx_exti.o (ex libLib_MCU.a)
   1551	     32	      0	   1583	    62f	lpc17xx_gpdma.o (ex libLib_MCU.a)
   2144	      0	      0	   2144	    860	lpc17xx_gpio.o (ex libLib_MCU.a)
   4485	      0	     52	   4537	   11b9	lpc17xx_i2c.o (ex libLib_MCU.a)
   2753	      0	      0	   2753	    ac1	lpc17xx_i2s.o (ex libLib_MCU.a)
     12	      0	      0	     12	      c	lpc17xx_libcfg_default.o (ex libLib_MCU.a)
   1820	      0	      0	   1820	    71c	lpc17xx_mcpwm.o (ex libLib_MCU.a)
    232	      0	      0	    232	     e8	lpc17xx_nvic.o (ex libLib_MCU.a)
    564	      0	      0	    564	    234	lpc17xx_pinsel.o (ex libLib_MCU.a)
   2765	      0	      0	   2765	    acd	lpc17xx_pwm.o (ex libLib_MCU.a)
   2145	      0	      0	   2145	    861	lpc17xx_qei.o (ex libLib_MCU.a)
    557	      0	      0	    557	    22d	lpc17xx_rit.o (ex libLib_MCU.a)
   3913	      0	      0	   3913	    f49	lpc17xx_rtc.o (ex libLib_MCU.a)
   1365	      0	      0	   1365	    555	lpc17xx_spi.o (ex libLib_MCU.a)
   2609	      0	      0	   2609	    a31	lpc17xx_ssp.o (ex libLib_MCU.a)
    497	      0	      0	    497	    1f1	lpc17xx_systick.o (ex libLib_MCU.a)
   2787	      0	      0	   2787	    ae3	lpc17xx_timer.o (ex libLib_MCU.a)
   5502	      0	      0	   5502	   157e	lpc17xx_uart.o (ex libLib_MCU.a)
    705	      0	      0	    705	    2c1	lpc17xx_wdt.o (ex libLib_MCU.a)
 
18:25:37 **** Clean-only build of configuration Debug for project FreeRTOS_Library ****
make -r clean 
rm -rf  ./portable/heap_2.o ./portable/port.o  ./demo_code/basic_io.o ./demo_code/consoleprint.o  ./list.o ./queue.o ./tasks.o  ./portable/heap_2.d ./portable/port.d  ./demo_code/basic_io.d ./demo_code/consoleprint.d  ./list.d ./queue.d ./tasks.d  libFreeRTOS_Library.a
 
18:25:37 **** Build of configuration Debug for project FreeRTOS_Library ****
make -r all 
Building file: ../portable/heap_2.c
Invoking: MCU C Compiler
arm-none-eabi-gcc -D__REDLIB__ -I"C:\Users\Debajyoti Maitra\Documents\LPCXpresso_8.2.2_650\workspace\FreeRTOS_Library\include" -I"C:\Users\Debajyoti Maitra\Documents\LPCXpresso_8.2.2_650\workspace\CMSISv2p00_LPC17xx" -I"C:\Users\Debajyoti Maitra\Documents\LPCXpresso_8.2.2_650\workspace\FreeRTOS_Library\portable" -I"C:\Users\Debajyoti Maitra\Documents\LPCXpresso_8.2.2_650\workspace\FreeRTOS_Library\demo_code" -O1 -g3 -Wall -c -fmessage-length=0 -mcpu=cortex-m3 -mthumb -D__REDLIB__ -specs=redlib.specs -MMD -MP -MF"portable/heap_2.d" -MT"portable/heap_2.o" -MT"portable/heap_2.d" -o "portable/heap_2.o" "../portable/heap_2.c"
In file included from C:\Users\Debajyoti Maitra\Documents\LPCXpresso_8.2.2_650\workspace\FreeRTOS_Library\include/FreeRTOS.h:67:0,
                 from ../portable/heap_2.c:69:
C:\Users\Debajyoti Maitra\Documents\LPCXpresso_8.2.2_650\workspace\FreeRTOS_Library\include/FreeRTOSConfig.h:42:21: fatal error: LPC17xx.h: No such file or directory
compilation terminated.
make: *** [portable/heap_2.o] Error 1
18:25:57 **** Clean-only build of configuration Debug for project CMSISv2p00_LPC17xx ****
make -r clean 
rm -rf  ./src/core_cm3.o ./src/system_LPC17xx.o  ./src/core_cm3.d ./src/system_LPC17xx.d  libCMSISv2p00_LPC17xx.a
 
18:25:57 **** Clean-only build of configuration Debug for project Lib_MCU ****
make -r clean 
rm -rf  ./src/lpc17xx_adc.o ./src/lpc17xx_can.o ./src/lpc17xx_clkpwr.o ./src/lpc17xx_dac.o ./src/lpc17xx_emac.o ./src/lpc17xx_exti.o ./src/lpc17xx_gpdma.o ./src/lpc17xx_gpio.o ./src/lpc17xx_i2c.o ./src/lpc17xx_i2s.o ./src/lpc17xx_libcfg_default.o ./src/lpc17xx_mcpwm.o ./src/lpc17xx_nvic.o ./src/lpc17xx_pinsel.o ./src/lpc17xx_pwm.o ./src/lpc17xx_qei.o ./src/lpc17xx_rit.o ./src/lpc17xx_rtc.o ./src/lpc17xx_spi.o ./src/lpc17xx_ssp.o ./src/lpc17xx_systick.o ./src/lpc17xx_timer.o ./src/lpc17xx_uart.o ./src/lpc17xx_wdt.o  ./src/lpc17xx_adc.d ./src/lpc17xx_can.d ./src/lpc17xx_clkpwr.d ./src/lpc17xx_dac.d ./src/lpc17xx_emac.d ./src/lpc17xx_exti.d ./src/lpc17xx_gpdma.d ./src/lpc17xx_gpio.d ./src/lpc17xx_i2c.d ./src/lpc17xx_i2s.d ./src/lpc17xx_libcfg_default.d ./src/lpc17xx_mcpwm.d ./src/lpc17xx_nvic.d ./src/lpc17xx_pinsel.d ./src/lpc17xx_pwm.d ./src/lpc17xx_qei.d ./src/lpc17xx_rit.d ./src/lpc17xx_rtc.d ./src/lpc17xx_spi.d ./src/lpc17xx_ssp.d ./src/lpc17xx_systick.d ./src/lpc17xx_timer.d ./src/lpc17xx_uart.d ./src/lpc17xx_wdt.d  libLib_MCU.a
 
18:25:57 **** Clean-only build of configuration Debug for project FreeRTOS_Library ****
make -r clean 
rm -rf  ./portable/heap_2.o ./portable/port.o  ./demo_code/basic_io.o ./demo_code/consoleprint.o  ./list.o ./queue.o ./tasks.o  ./portable/heap_2.d ./portable/port.d  ./demo_code/basic_io.d ./demo_code/consoleprint.d  ./list.d ./queue.d ./tasks.d  libFreeRTOS_Library.a
 
18:26:00 **** Build of configuration Debug for project CMSISv2p00_LPC17xx ****
make -r all 
Building file: ../src/core_cm3.c
Invoking: MCU C Compiler
arm-none-eabi-gcc -D__REDLIB__ -DDEBUG -D__CODE_RED -I../inc -O0 -Os -g3 -Wall -c -fmessage-length=0 -fno-builtin -ffunction-sections -fdata-sections -mcpu=cortex-m3 -mthumb -D__REDLIB__ -specs=redlib.specs -MMD -MP -MF"src/core_cm3.d" -MT"src/core_cm3.o" -MT"src/core_cm3.d" -o "src/core_cm3.o" "../src/core_cm3.c"
Finished building: ../src/core_cm3.c
 
Building file: ../src/system_LPC17xx.c
Invoking: MCU C Compiler
arm-none-eabi-gcc -D__REDLIB__ -DDEBUG -D__CODE_RED -I../inc -O0 -Os -g3 -Wall -c -fmessage-length=0 -fno-builtin -ffunction-sections -fdata-sections -mcpu=cortex-m3 -mthumb -D__REDLIB__ -specs=redlib.specs -MMD -MP -MF"src/system_LPC17xx.d" -MT"src/system_LPC17xx.o" -MT"src/system_LPC17xx.d" -o "src/system_LPC17xx.o" "../src/system_LPC17xx.c"
Finished building: ../src/system_LPC17xx.c
 
Building target: libCMSISv2p00_LPC17xx.a
Invoking: MCU Archiver
arm-none-eabi-ar -r  "libCMSISv2p00_LPC17xx.a"  ./src/core_cm3.o ./src/system_LPC17xx.o   
c:\nxp\LPCXpresso_8.2.2_650\lpcxpresso\tools\bin\arm-none-eabi-ar.exe: creating libCMSISv2p00_LPC17xx.a
Finished building target: libCMSISv2p00_LPC17xx.a
 
make --no-print-directory post-build
Performing post-build steps
arm-none-eabi-size libCMSISv2p00_LPC17xx.a ; # arm-none-eabi-objdump -h -S libCMSISv2p00_LPC17xx.a >libCMSISv2p00_LPC17xx.lss
   text	   data	    bss	    dec	    hex	filename
      0	      0	      0	      0	      0	core_cm3.o (ex libCMSISv2p00_LPC17xx.a)
    408	      4	      0	    412	    19c	system_LPC17xx.o (ex libCMSISv2p00_LPC17xx.a)
 
18:26:00 **** Build of configuration Debug for project Lib_MCU ****
make -r all 
Building file: ../src/lpc17xx_adc.c
Invoking: MCU C Compiler
arm-none-eabi-gcc -D__REDLIB__ -DDEBUG -D__CODE_RED -I"C:\Users\Debajyoti Maitra\Documents\LPCXpresso_8.2.2_650\workspace\Lib_MCU\inc" -I"C:\Users\Debajyoti Maitra\Documents\LPCXpresso_8.2.2_650\workspace\CMSISv2p00_LPC17xx\inc" -O0 -g3 -Wall -c -fmessage-length=0 -fno-builtin -ffunction-sections -mcpu=cortex-m3 -mthumb -D__REDLIB__ -specs=redlib.specs -MMD -MP -MF"src/lpc17xx_adc.d" -MT"src/lpc17xx_adc.o" -MT"src/lpc17xx_adc.d" -o "src/lpc17xx_adc.o" "../src/lpc17xx_adc.c"
Finished building: ../src/lpc17xx_adc.c
 
Building file: ../src/lpc17xx_can.c
Invoking: MCU C Compiler
arm-none-eabi-gcc -D__REDLIB__ -DDEBUG -D__CODE_RED -I"C:\Users\Debajyoti Maitra\Documents\LPCXpresso_8.2.2_650\workspace\Lib_MCU\inc" -I"C:\Users\Debajyoti Maitra\Documents\LPCXpresso_8.2.2_650\workspace\CMSISv2p00_LPC17xx\inc" -O0 -g3 -Wall -c -fmessage-length=0 -fno-builtin -ffunction-sections -mcpu=cortex-m3 -mthumb -D__REDLIB__ -specs=redlib.specs -MMD -MP -MF"src/lpc17xx_can.d" -MT"src/lpc17xx_can.o" -MT"src/lpc17xx_can.d" -o "src/lpc17xx_can.o" "../src/lpc17xx_can.c"
Finished building: ../src/lpc17xx_can.c
 
Building file: ../src/lpc17xx_clkpwr.c
Invoking: MCU C Compiler
arm-none-eabi-gcc -D__REDLIB__ -DDEBUG -D__CODE_RED -I"C:\Users\Debajyoti Maitra\Documents\LPCXpresso_8.2.2_650\workspace\Lib_MCU\inc" -I"C:\Users\Debajyoti Maitra\Documents\LPCXpresso_8.2.2_650\workspace\CMSISv2p00_LPC17xx\inc" -O0 -g3 -Wall -c -fmessage-length=0 -fno-builtin -ffunction-sections -mcpu=cortex-m3 -mthumb -D__REDLIB__ -specs=redlib.specs -MMD -MP -MF"src/lpc17xx_clkpwr.d" -MT"src/lpc17xx_clkpwr.o" -MT"src/lpc17xx_clkpwr.d" -o "src/lpc17xx_clkpwr.o" "../src/lpc17xx_clkpwr.c"
Finished building: ../src/lpc17xx_clkpwr.c
 
Building file: ../src/lpc17xx_dac.c
Invoking: MCU C Compiler
arm-none-eabi-gcc -D__REDLIB__ -DDEBUG -D__CODE_RED -I"C:\Users\Debajyoti Maitra\Documents\LPCXpresso_8.2.2_650\workspace\Lib_MCU\inc" -I"C:\Users\Debajyoti Maitra\Documents\LPCXpresso_8.2.2_650\workspace\CMSISv2p00_LPC17xx\inc" -O0 -g3 -Wall -c -fmessage-length=0 -fno-builtin -ffunction-sections -mcpu=cortex-m3 -mthumb -D__REDLIB__ -specs=redlib.specs -MMD -MP -MF"src/lpc17xx_dac.d" -MT"src/lpc17xx_dac.o" -MT"src/lpc17xx_dac.d" -o "src/lpc17xx_dac.o" "../src/lpc17xx_dac.c"
Finished building: ../src/lpc17xx_dac.c
 
Building file: ../src/lpc17xx_emac.c
Invoking: MCU C Compiler
arm-none-eabi-gcc -D__REDLIB__ -DDEBUG -D__CODE_RED -I"C:\Users\Debajyoti Maitra\Documents\LPCXpresso_8.2.2_650\workspace\Lib_MCU\inc" -I"C:\Users\Debajyoti Maitra\Documents\LPCXpresso_8.2.2_650\workspace\CMSISv2p00_LPC17xx\inc" -O0 -g3 -Wall -c -fmessage-length=0 -fno-builtin -ffunction-sections -mcpu=cortex-m3 -mthumb -D__REDLIB__ -specs=redlib.specs -MMD -MP -MF"src/lpc17xx_emac.d" -MT"src/lpc17xx_emac.o" -MT"src/lpc17xx_emac.d" -o "src/lpc17xx_emac.o" "../src/lpc17xx_emac.c"
Finished building: ../src/lpc17xx_emac.c
 
Building file: ../src/lpc17xx_exti.c
Invoking: MCU C Compiler
arm-none-eabi-gcc -D__REDLIB__ -DDEBUG -D__CODE_RED -I"C:\Users\Debajyoti Maitra\Documents\LPCXpresso_8.2.2_650\workspace\Lib_MCU\inc" -I"C:\Users\Debajyoti Maitra\Documents\LPCXpresso_8.2.2_650\workspace\CMSISv2p00_LPC17xx\inc" -O0 -g3 -Wall -c -fmessage-length=0 -fno-builtin -ffunction-sections -mcpu=cortex-m3 -mthumb -D__REDLIB__ -specs=redlib.specs -MMD -MP -MF"src/lpc17xx_exti.d" -MT"src/lpc17xx_exti.o" -MT"src/lpc17xx_exti.d" -o "src/lpc17xx_exti.o" "../src/lpc17xx_exti.c"
Finished building: ../src/lpc17xx_exti.c
 
Building file: ../src/lpc17xx_gpdma.c
Invoking: MCU C Compiler
arm-none-eabi-gcc -D__REDLIB__ -DDEBUG -D__CODE_RED -I"C:\Users\Debajyoti Maitra\Documents\LPCXpresso_8.2.2_650\workspace\Lib_MCU\inc" -I"C:\Users\Debajyoti Maitra\Documents\LPCXpresso_8.2.2_650\workspace\CMSISv2p00_LPC17xx\inc" -O0 -g3 -Wall -c -fmessage-length=0 -fno-builtin -ffunction-sections -mcpu=cortex-m3 -mthumb -D__REDLIB__ -specs=redlib.specs -MMD -MP -MF"src/lpc17xx_gpdma.d" -MT"src/lpc17xx_gpdma.o" -MT"src/lpc17xx_gpdma.d" -o "src/lpc17xx_gpdma.o" "../src/lpc17xx_gpdma.c"
Finished building: ../src/lpc17xx_gpdma.c
 
Building file: ../src/lpc17xx_gpio.c
Invoking: MCU C Compiler
arm-none-eabi-gcc -D__REDLIB__ -DDEBUG -D__CODE_RED -I"C:\Users\Debajyoti Maitra\Documents\LPCXpresso_8.2.2_650\workspace\Lib_MCU\inc" -I"C:\Users\Debajyoti Maitra\Documents\LPCXpresso_8.2.2_650\workspace\CMSISv2p00_LPC17xx\inc" -O0 -g3 -Wall -c -fmessage-length=0 -fno-builtin -ffunction-sections -mcpu=cortex-m3 -mthumb -D__REDLIB__ -specs=redlib.specs -MMD -MP -MF"src/lpc17xx_gpio.d" -MT"src/lpc17xx_gpio.o" -MT"src/lpc17xx_gpio.d" -o "src/lpc17xx_gpio.o" "../src/lpc17xx_gpio.c"
Finished building: ../src/lpc17xx_gpio.c
 
Building file: ../src/lpc17xx_i2c.c
Invoking: MCU C Compiler
arm-none-eabi-gcc -D__REDLIB__ -DDEBUG -D__CODE_RED -I"C:\Users\Debajyoti Maitra\Documents\LPCXpresso_8.2.2_650\workspace\Lib_MCU\inc" -I"C:\Users\Debajyoti Maitra\Documents\LPCXpresso_8.2.2_650\workspace\CMSISv2p00_LPC17xx\inc" -O0 -g3 -Wall -c -fmessage-length=0 -fno-builtin -ffunction-sections -mcpu=cortex-m3 -mthumb -D__REDLIB__ -specs=redlib.specs -MMD -MP -MF"src/lpc17xx_i2c.d" -MT"src/lpc17xx_i2c.o" -MT"src/lpc17xx_i2c.d" -o "src/lpc17xx_i2c.o" "../src/lpc17xx_i2c.c"
Finished building: ../src/lpc17xx_i2c.c
 
Building file: ../src/lpc17xx_i2s.c
Invoking: MCU C Compiler
arm-none-eabi-gcc -D__REDLIB__ -DDEBUG -D__CODE_RED -I"C:\Users\Debajyoti Maitra\Documents\LPCXpresso_8.2.2_650\workspace\Lib_MCU\inc" -I"C:\Users\Debajyoti Maitra\Documents\LPCXpresso_8.2.2_650\workspace\CMSISv2p00_LPC17xx\inc" -O0 -g3 -Wall -c -fmessage-length=0 -fno-builtin -ffunction-sections -mcpu=cortex-m3 -mthumb -D__REDLIB__ -specs=redlib.specs -MMD -MP -MF"src/lpc17xx_i2s.d" -MT"src/lpc17xx_i2s.o" -MT"src/lpc17xx_i2s.d" -o "src/lpc17xx_i2s.o" "../src/lpc17xx_i2s.c"
Finished building: ../src/lpc17xx_i2s.c
 
Building file: ../src/lpc17xx_libcfg_default.c
Invoking: MCU C Compiler
arm-none-eabi-gcc -D__REDLIB__ -DDEBUG -D__CODE_RED -I"C:\Users\Debajyoti Maitra\Documents\LPCXpresso_8.2.2_650\workspace\Lib_MCU\inc" -I"C:\Users\Debajyoti Maitra\Documents\LPCXpresso_8.2.2_650\workspace\CMSISv2p00_LPC17xx\inc" -O0 -g3 -Wall -c -fmessage-length=0 -fno-builtin -ffunction-sections -mcpu=cortex-m3 -mthumb -D__REDLIB__ -specs=redlib.specs -MMD -MP -MF"src/lpc17xx_libcfg_default.d" -MT"src/lpc17xx_libcfg_default.o" -MT"src/lpc17xx_libcfg_default.d" -o "src/lpc17xx_libcfg_default.o" "../src/lpc17xx_libcfg_default.c"
Finished building: ../src/lpc17xx_libcfg_default.c
 
Building file: ../src/lpc17xx_mcpwm.c
Invoking: MCU C Compiler
arm-none-eabi-gcc -D__REDLIB__ -DDEBUG -D__CODE_RED -I"C:\Users\Debajyoti Maitra\Documents\LPCXpresso_8.2.2_650\workspace\Lib_MCU\inc" -I"C:\Users\Debajyoti Maitra\Documents\LPCXpresso_8.2.2_650\workspace\CMSISv2p00_LPC17xx\inc" -O0 -g3 -Wall -c -fmessage-length=0 -fno-builtin -ffunction-sections -mcpu=cortex-m3 -mthumb -D__REDLIB__ -specs=redlib.specs -MMD -MP -MF"src/lpc17xx_mcpwm.d" -MT"src/lpc17xx_mcpwm.o" -MT"src/lpc17xx_mcpwm.d" -o "src/lpc17xx_mcpwm.o" "../src/lpc17xx_mcpwm.c"
Finished building: ../src/lpc17xx_mcpwm.c
 
Building file: ../src/lpc17xx_nvic.c
Invoking: MCU C Compiler
arm-none-eabi-gcc -D__REDLIB__ -DDEBUG -D__CODE_RED -I"C:\Users\Debajyoti Maitra\Documents\LPCXpresso_8.2.2_650\workspace\Lib_MCU\inc" -I"C:\Users\Debajyoti Maitra\Documents\LPCXpresso_8.2.2_650\workspace\CMSISv2p00_LPC17xx\inc" -O0 -g3 -Wall -c -fmessage-length=0 -fno-builtin -ffunction-sections -mcpu=cortex-m3 -mthumb -D__REDLIB__ -specs=redlib.specs -MMD -MP -MF"src/lpc17xx_nvic.d" -MT"src/lpc17xx_nvic.o" -MT"src/lpc17xx_nvic.d" -o "src/lpc17xx_nvic.o" "../src/lpc17xx_nvic.c"
Finished building: ../src/lpc17xx_nvic.c
 
Building file: ../src/lpc17xx_pinsel.c
Invoking: MCU C Compiler
arm-none-eabi-gcc -D__REDLIB__ -DDEBUG -D__CODE_RED -I"C:\Users\Debajyoti Maitra\Documents\LPCXpresso_8.2.2_650\workspace\Lib_MCU\inc" -I"C:\Users\Debajyoti Maitra\Documents\LPCXpresso_8.2.2_650\workspace\CMSISv2p00_LPC17xx\inc" -O0 -g3 -Wall -c -fmessage-length=0 -fno-builtin -ffunction-sections -mcpu=cortex-m3 -mthumb -D__REDLIB__ -specs=redlib.specs -MMD -MP -MF"src/lpc17xx_pinsel.d" -MT"src/lpc17xx_pinsel.o" -MT"src/lpc17xx_pinsel.d" -o "src/lpc17xx_pinsel.o" "../src/lpc17xx_pinsel.c"
Finished building: ../src/lpc17xx_pinsel.c
 
Building file: ../src/lpc17xx_pwm.c
Invoking: MCU C Compiler
arm-none-eabi-gcc -D__REDLIB__ -DDEBUG -D__CODE_RED -I"C:\Users\Debajyoti Maitra\Documents\LPCXpresso_8.2.2_650\workspace\Lib_MCU\inc" -I"C:\Users\Debajyoti Maitra\Documents\LPCXpresso_8.2.2_650\workspace\CMSISv2p00_LPC17xx\inc" -O0 -g3 -Wall -c -fmessage-length=0 -fno-builtin -ffunction-sections -mcpu=cortex-m3 -mthumb -D__REDLIB__ -specs=redlib.specs -MMD -MP -MF"src/lpc17xx_pwm.d" -MT"src/lpc17xx_pwm.o" -MT"src/lpc17xx_pwm.d" -o "src/lpc17xx_pwm.o" "../src/lpc17xx_pwm.c"
Finished building: ../src/lpc17xx_pwm.c
 
Building file: ../src/lpc17xx_qei.c
Invoking: MCU C Compiler
arm-none-eabi-gcc -D__REDLIB__ -DDEBUG -D__CODE_RED -I"C:\Users\Debajyoti Maitra\Documents\LPCXpresso_8.2.2_650\workspace\Lib_MCU\inc" -I"C:\Users\Debajyoti Maitra\Documents\LPCXpresso_8.2.2_650\workspace\CMSISv2p00_LPC17xx\inc" -O0 -g3 -Wall -c -fmessage-length=0 -fno-builtin -ffunction-sections -mcpu=cortex-m3 -mthumb -D__REDLIB__ -specs=redlib.specs -MMD -MP -MF"src/lpc17xx_qei.d" -MT"src/lpc17xx_qei.o" -MT"src/lpc17xx_qei.d" -o "src/lpc17xx_qei.o" "../src/lpc17xx_qei.c"
Finished building: ../src/lpc17xx_qei.c
 
Building file: ../src/lpc17xx_rit.c
Invoking: MCU C Compiler
arm-none-eabi-gcc -D__REDLIB__ -DDEBUG -D__CODE_RED -I"C:\Users\Debajyoti Maitra\Documents\LPCXpresso_8.2.2_650\workspace\Lib_MCU\inc" -I"C:\Users\Debajyoti Maitra\Documents\LPCXpresso_8.2.2_650\workspace\CMSISv2p00_LPC17xx\inc" -O0 -g3 -Wall -c -fmessage-length=0 -fno-builtin -ffunction-sections -mcpu=cortex-m3 -mthumb -D__REDLIB__ -specs=redlib.specs -MMD -MP -MF"src/lpc17xx_rit.d" -MT"src/lpc17xx_rit.o" -MT"src/lpc17xx_rit.d" -o "src/lpc17xx_rit.o" "../src/lpc17xx_rit.c"
Finished building: ../src/lpc17xx_rit.c
 
Building file: ../src/lpc17xx_rtc.c
Invoking: MCU C Compiler
arm-none-eabi-gcc -D__REDLIB__ -DDEBUG -D__CODE_RED -I"C:\Users\Debajyoti Maitra\Documents\LPCXpresso_8.2.2_650\workspace\Lib_MCU\inc" -I"C:\Users\Debajyoti Maitra\Documents\LPCXpresso_8.2.2_650\workspace\CMSISv2p00_LPC17xx\inc" -O0 -g3 -Wall -c -fmessage-length=0 -fno-builtin -ffunction-sections -mcpu=cortex-m3 -mthumb -D__REDLIB__ -specs=redlib.specs -MMD -MP -MF"src/lpc17xx_rtc.d" -MT"src/lpc17xx_rtc.o" -MT"src/lpc17xx_rtc.d" -o "src/lpc17xx_rtc.o" "../src/lpc17xx_rtc.c"
Finished building: ../src/lpc17xx_rtc.c
 
Building file: ../src/lpc17xx_spi.c
Invoking: MCU C Compiler
arm-none-eabi-gcc -D__REDLIB__ -DDEBUG -D__CODE_RED -I"C:\Users\Debajyoti Maitra\Documents\LPCXpresso_8.2.2_650\workspace\Lib_MCU\inc" -I"C:\Users\Debajyoti Maitra\Documents\LPCXpresso_8.2.2_650\workspace\CMSISv2p00_LPC17xx\inc" -O0 -g3 -Wall -c -fmessage-length=0 -fno-builtin -ffunction-sections -mcpu=cortex-m3 -mthumb -D__REDLIB__ -specs=redlib.specs -MMD -MP -MF"src/lpc17xx_spi.d" -MT"src/lpc17xx_spi.o" -MT"src/lpc17xx_spi.d" -o "src/lpc17xx_spi.o" "../src/lpc17xx_spi.c"
Finished building: ../src/lpc17xx_spi.c
 
Building file: ../src/lpc17xx_ssp.c
Invoking: MCU C Compiler
arm-none-eabi-gcc -D__REDLIB__ -DDEBUG -D__CODE_RED -I"C:\Users\Debajyoti Maitra\Documents\LPCXpresso_8.2.2_650\workspace\Lib_MCU\inc" -I"C:\Users\Debajyoti Maitra\Documents\LPCXpresso_8.2.2_650\workspace\CMSISv2p00_LPC17xx\inc" -O0 -g3 -Wall -c -fmessage-length=0 -fno-builtin -ffunction-sections -mcpu=cortex-m3 -mthumb -D__REDLIB__ -specs=redlib.specs -MMD -MP -MF"src/lpc17xx_ssp.d" -MT"src/lpc17xx_ssp.o" -MT"src/lpc17xx_ssp.d" -o "src/lpc17xx_ssp.o" "../src/lpc17xx_ssp.c"
Finished building: ../src/lpc17xx_ssp.c
 
Building file: ../src/lpc17xx_systick.c
Invoking: MCU C Compiler
arm-none-eabi-gcc -D__REDLIB__ -DDEBUG -D__CODE_RED -I"C:\Users\Debajyoti Maitra\Documents\LPCXpresso_8.2.2_650\workspace\Lib_MCU\inc" -I"C:\Users\Debajyoti Maitra\Documents\LPCXpresso_8.2.2_650\workspace\CMSISv2p00_LPC17xx\inc" -O0 -g3 -Wall -c -fmessage-length=0 -fno-builtin -ffunction-sections -mcpu=cortex-m3 -mthumb -D__REDLIB__ -specs=redlib.specs -MMD -MP -MF"src/lpc17xx_systick.d" -MT"src/lpc17xx_systick.o" -MT"src/lpc17xx_systick.d" -o "src/lpc17xx_systick.o" "../src/lpc17xx_systick.c"
Finished building: ../src/lpc17xx_systick.c
 
Building file: ../src/lpc17xx_timer.c
Invoking: MCU C Compiler
arm-none-eabi-gcc -D__REDLIB__ -DDEBUG -D__CODE_RED -I"C:\Users\Debajyoti Maitra\Documents\LPCXpresso_8.2.2_650\workspace\Lib_MCU\inc" -I"C:\Users\Debajyoti Maitra\Documents\LPCXpresso_8.2.2_650\workspace\CMSISv2p00_LPC17xx\inc" -O0 -g3 -Wall -c -fmessage-length=0 -fno-builtin -ffunction-sections -mcpu=cortex-m3 -mthumb -D__REDLIB__ -specs=redlib.specs -MMD -MP -MF"src/lpc17xx_timer.d" -MT"src/lpc17xx_timer.o" -MT"src/lpc17xx_timer.d" -o "src/lpc17xx_timer.o" "../src/lpc17xx_timer.c"
Finished building: ../src/lpc17xx_timer.c
 
Building file: ../src/lpc17xx_uart.c
Invoking: MCU C Compiler
arm-none-eabi-gcc -D__REDLIB__ -DDEBUG -D__CODE_RED -I"C:\Users\Debajyoti Maitra\Documents\LPCXpresso_8.2.2_650\workspace\Lib_MCU\inc" -I"C:\Users\Debajyoti Maitra\Documents\LPCXpresso_8.2.2_650\workspace\CMSISv2p00_LPC17xx\inc" -O0 -g3 -Wall -c -fmessage-length=0 -fno-builtin -ffunction-sections -mcpu=cortex-m3 -mthumb -D__REDLIB__ -specs=redlib.specs -MMD -MP -MF"src/lpc17xx_uart.d" -MT"src/lpc17xx_uart.o" -MT"src/lpc17xx_uart.d" -o "src/lpc17xx_uart.o" "../src/lpc17xx_uart.c"
Finished building: ../src/lpc17xx_uart.c
 
Building file: ../src/lpc17xx_wdt.c
Invoking: MCU C Compiler
arm-none-eabi-gcc -D__REDLIB__ -DDEBUG -D__CODE_RED -I"C:\Users\Debajyoti Maitra\Documents\LPCXpresso_8.2.2_650\workspace\Lib_MCU\inc" -I"C:\Users\Debajyoti Maitra\Documents\LPCXpresso_8.2.2_650\workspace\CMSISv2p00_LPC17xx\inc" -O0 -g3 -Wall -c -fmessage-length=0 -fno-builtin -ffunction-sections -mcpu=cortex-m3 -mthumb -D__REDLIB__ -specs=redlib.specs -MMD -MP -MF"src/lpc17xx_wdt.d" -MT"src/lpc17xx_wdt.o" -MT"src/lpc17xx_wdt.d" -o "src/lpc17xx_wdt.o" "../src/lpc17xx_wdt.c"
Finished building: ../src/lpc17xx_wdt.c
 
Building target: libLib_MCU.a
Invoking: MCU Archiver
arm-none-eabi-ar -r  "libLib_MCU.a"  ./src/lpc17xx_adc.o ./src/lpc17xx_can.o ./src/lpc17xx_clkpwr.o ./src/lpc17xx_dac.o ./src/lpc17xx_emac.o ./src/lpc17xx_exti.o ./src/lpc17xx_gpdma.o ./src/lpc17xx_gpio.o ./src/lpc17xx_i2c.o ./src/lpc17xx_i2s.o ./src/lpc17xx_libcfg_default.o ./src/lpc17xx_mcpwm.o ./src/lpc17xx_nvic.o ./src/lpc17xx_pinsel.o ./src/lpc17xx_pwm.o ./src/lpc17xx_qei.o ./src/lpc17xx_rit.o ./src/lpc17xx_rtc.o ./src/lpc17xx_spi.o ./src/lpc17xx_ssp.o ./src/lpc17xx_systick.o ./src/lpc17xx_timer.o ./src/lpc17xx_uart.o ./src/lpc17xx_wdt.o   
c:\nxp\LPCXpresso_8.2.2_650\lpcxpresso\tools\bin\arm-none-eabi-ar.exe: creating libLib_MCU.a
Finished building target: libLib_MCU.a
 
make --no-print-directory post-build
Performing post-build steps
arm-none-eabi-size libLib_MCU.a ; # arm-none-eabi-objdump -h -S libLib_MCU.a >libLib_MCU.lss
   text	   data	    bss	    dec	    hex	filename
   1257	      0	      0	   1257	    4e9	lpc17xx_adc.o (ex libLib_MCU.a)
  11133	      0	     10	  11143	   2b87	lpc17xx_can.o (ex libLib_MCU.a)
    536	      0	      0	    536	    218	lpc17xx_clkpwr.o (ex libLib_MCU.a)
    381	      0	      0	    381	    17d	lpc17xx_dac.o (ex libLib_MCU.a)
   2659	      0	  10852	  13511	   34c7	lpc17xx_emac.o (ex libLib_MCU.a)
    344	      0	      0	    344	    158	lpc17xx_exti.o (ex libLib_MCU.a)
   1551	     32	      0	   1583	    62f	lpc17xx_gpdma.o (ex libLib_MCU.a)
   2144	      0	      0	   2144	    860	lpc17xx_gpio.o (ex libLib_MCU.a)
   4485	      0	     52	   4537	   11b9	lpc17xx_i2c.o (ex libLib_MCU.a)
   2753	      0	      0	   2753	    ac1	lpc17xx_i2s.o (ex libLib_MCU.a)
     12	      0	      0	     12	      c	lpc17xx_libcfg_default.o (ex libLib_MCU.a)
   1820	      0	      0	   1820	    71c	lpc17xx_mcpwm.o (ex libLib_MCU.a)
    232	      0	      0	    232	     e8	lpc17xx_nvic.o (ex libLib_MCU.a)
    564	      0	      0	    564	    234	lpc17xx_pinsel.o (ex libLib_MCU.a)
   2765	      0	      0	   2765	    acd	lpc17xx_pwm.o (ex libLib_MCU.a)
   2145	      0	      0	   2145	    861	lpc17xx_qei.o (ex libLib_MCU.a)
    557	      0	      0	    557	    22d	lpc17xx_rit.o (ex libLib_MCU.a)
   3913	      0	      0	   3913	    f49	lpc17xx_rtc.o (ex libLib_MCU.a)
   1365	      0	      0	   1365	    555	lpc17xx_spi.o (ex libLib_MCU.a)
   2609	      0	      0	   2609	    a31	lpc17xx_ssp.o (ex libLib_MCU.a)
    497	      0	      0	    497	    1f1	lpc17xx_systick.o (ex libLib_MCU.a)
   2787	      0	      0	   2787	    ae3	lpc17xx_timer.o (ex libLib_MCU.a)
   5502	      0	      0	   5502	   157e	lpc17xx_uart.o (ex libLib_MCU.a)
    705	      0	      0	    705	    2c1	lpc17xx_wdt.o (ex libLib_MCU.a)
 
18:26:05 **** Build of configuration Debug for project FreeRTOS_Library ****
make -r all 
Building file: ../portable/heap_2.c
Invoking: MCU C Compiler
arm-none-eabi-gcc -D__REDLIB__ -I"C:\Users\Debajyoti Maitra\Documents\LPCXpresso_8.2.2_650\workspace\FreeRTOS_Library\include" -I"C:\Users\Debajyoti Maitra\Documents\LPCXpresso_8.2.2_650\workspace\CMSISv2p00_LPC17xx" -I"C:\Users\Debajyoti Maitra\Documents\LPCXpresso_8.2.2_650\workspace\FreeRTOS_Library\portable" -I"C:\Users\Debajyoti Maitra\Documents\LPCXpresso_8.2.2_650\workspace\FreeRTOS_Library\demo_code" -O1 -g3 -Wall -c -fmessage-length=0 -mcpu=cortex-m3 -mthumb -D__REDLIB__ -specs=redlib.specs -MMD -MP -MF"portable/heap_2.d" -MT"portable/heap_2.o" -MT"portable/heap_2.d" -o "portable/heap_2.o" "../portable/heap_2.c"
In file included from C:\Users\Debajyoti Maitra\Documents\LPCXpresso_8.2.2_650\workspace\FreeRTOS_Library\include/FreeRTOS.h:67:0,
                 from ../portable/heap_2.c:69:
C:\Users\Debajyoti Maitra\Documents\LPCXpresso_8.2.2_650\workspace\FreeRTOS_Library\include/FreeRTOSConfig.h:42:21: fatal error: LPC17xx.h: No such file or directory
compilation terminated.
make: *** [portable/heap_2.o] Error 1
18:26:15 **** Clean-only build of configuration Debug for project CMSISv1p30_LPC17xx ****
make -r clean 
rm -rf  ./src/core_cm3.o ./src/system_LPC17xx.o  ./src/core_cm3.d ./src/system_LPC17xx.d  libCMSISv1p30_LPC17xx.a
 
18:26:15 **** Clean-only build of configuration Debug for project CMSISv2p00_LPC17xx ****
make -r clean 
rm -rf  ./src/core_cm3.o ./src/system_LPC17xx.o  ./src/core_cm3.d ./src/system_LPC17xx.d  libCMSISv2p00_LPC17xx.a
 
18:26:16 **** Clean-only build of configuration Debug for project Lib_MCU ****
make -r clean 
rm -rf  ./src/lpc17xx_adc.o ./src/lpc17xx_can.o ./src/lpc17xx_clkpwr.o ./src/lpc17xx_dac.o ./src/lpc17xx_emac.o ./src/lpc17xx_exti.o ./src/lpc17xx_gpdma.o ./src/lpc17xx_gpio.o ./src/lpc17xx_i2c.o ./src/lpc17xx_i2s.o ./src/lpc17xx_libcfg_default.o ./src/lpc17xx_mcpwm.o ./src/lpc17xx_nvic.o ./src/lpc17xx_pinsel.o ./src/lpc17xx_pwm.o ./src/lpc17xx_qei.o ./src/lpc17xx_rit.o ./src/lpc17xx_rtc.o ./src/lpc17xx_spi.o ./src/lpc17xx_ssp.o ./src/lpc17xx_systick.o ./src/lpc17xx_timer.o ./src/lpc17xx_uart.o ./src/lpc17xx_wdt.o  ./src/lpc17xx_adc.d ./src/lpc17xx_can.d ./src/lpc17xx_clkpwr.d ./src/lpc17xx_dac.d ./src/lpc17xx_emac.d ./src/lpc17xx_exti.d ./src/lpc17xx_gpdma.d ./src/lpc17xx_gpio.d ./src/lpc17xx_i2c.d ./src/lpc17xx_i2s.d ./src/lpc17xx_libcfg_default.d ./src/lpc17xx_mcpwm.d ./src/lpc17xx_nvic.d ./src/lpc17xx_pinsel.d ./src/lpc17xx_pwm.d ./src/lpc17xx_qei.d ./src/lpc17xx_rit.d ./src/lpc17xx_rtc.d ./src/lpc17xx_spi.d ./src/lpc17xx_ssp.d ./src/lpc17xx_systick.d ./src/lpc17xx_timer.d ./src/lpc17xx_uart.d ./src/lpc17xx_wdt.d  libLib_MCU.a
 
18:26:16 **** Clean-only build of configuration Debug for project FreeRTOS_Library ****
make -r clean 
rm -rf  ./portable/heap_2.o ./portable/port.o  ./demo_code/basic_io.o ./demo_code/consoleprint.o  ./list.o ./queue.o ./tasks.o  ./portable/heap_2.d ./portable/port.d  ./demo_code/basic_io.d ./demo_code/consoleprint.d  ./list.d ./queue.d ./tasks.d  libFreeRTOS_Library.a
 
18:26:16 **** Clean-only build of configuration Debug for project Example01_eq_prio ****
make -r clean 
rm -rf  ./cr_startup_lpc17.o ./main.o  ./cr_startup_lpc17.d ./main.d  Example01_eq_prio.axf
 
18:26:19 **** Build of configuration Debug for project CMSISv1p30_LPC17xx ****
make -r all 
Building file: ../src/core_cm3.c
Invoking: MCU C Compiler
arm-none-eabi-gcc -DDEBUG -D__CODE_RED -D__REDLIB__ -I"C:\Users\Debajyoti Maitra\Documents\LPCXpresso_8.2.2_650\workspace\CMSISv1p30_LPC17xx\inc" -O0 -g3 -Wall -c -fmessage-length=0 -fno-builtin -ffunction-sections -mcpu=cortex-m3 -mthumb -D__REDLIB__ -specs=redlib.specs -MMD -MP -MF"src/core_cm3.d" -MT"src/core_cm3.o" -MT"src/core_cm3.d" -o "src/core_cm3.o" "../src/core_cm3.c"
C:\Users\DEBAJY~1\AppData\Local\Temp\cchArpNe.s: Assembler messages:
C:\Users\DEBAJY~1\AppData\Local\Temp\cchArpNe.s:874: Error: registers may not be the same -- `strexb r3,r2,[r3]'
C:\Users\DEBAJY~1\AppData\Local\Temp\cchArpNe.s:926: Error: registers may not be the same -- `strexh r3,r2,[r3]'
make: *** [src/core_cm3.o] Error 1
18:26:20 **** Build of configuration Debug for project CMSISv2p00_LPC17xx ****
make -r all 
Building file: ../src/core_cm3.c
Invoking: MCU C Compiler
arm-none-eabi-gcc -D__REDLIB__ -DDEBUG -D__CODE_RED -I../inc -O0 -Os -g3 -Wall -c -fmessage-length=0 -fno-builtin -ffunction-sections -fdata-sections -mcpu=cortex-m3 -mthumb -D__REDLIB__ -specs=redlib.specs -MMD -MP -MF"src/core_cm3.d" -MT"src/core_cm3.o" -MT"src/core_cm3.d" -o "src/core_cm3.o" "../src/core_cm3.c"
Finished building: ../src/core_cm3.c
 
Building file: ../src/system_LPC17xx.c
Invoking: MCU C Compiler
arm-none-eabi-gcc -D__REDLIB__ -DDEBUG -D__CODE_RED -I../inc -O0 -Os -g3 -Wall -c -fmessage-length=0 -fno-builtin -ffunction-sections -fdata-sections -mcpu=cortex-m3 -mthumb -D__REDLIB__ -specs=redlib.specs -MMD -MP -MF"src/system_LPC17xx.d" -MT"src/system_LPC17xx.o" -MT"src/system_LPC17xx.d" -o "src/system_LPC17xx.o" "../src/system_LPC17xx.c"
Finished building: ../src/system_LPC17xx.c
 
Building target: libCMSISv2p00_LPC17xx.a
Invoking: MCU Archiver
arm-none-eabi-ar -r  "libCMSISv2p00_LPC17xx.a"  ./src/core_cm3.o ./src/system_LPC17xx.o   
c:\nxp\LPCXpresso_8.2.2_650\lpcxpresso\tools\bin\arm-none-eabi-ar.exe: creating libCMSISv2p00_LPC17xx.a
Finished building target: libCMSISv2p00_LPC17xx.a
 
make --no-print-directory post-build
Performing post-build steps
arm-none-eabi-size libCMSISv2p00_LPC17xx.a ; # arm-none-eabi-objdump -h -S libCMSISv2p00_LPC17xx.a >libCMSISv2p00_LPC17xx.lss
   text	   data	    bss	    dec	    hex	filename
      0	      0	      0	      0	      0	core_cm3.o (ex libCMSISv2p00_LPC17xx.a)
    408	      4	      0	    412	    19c	system_LPC17xx.o (ex libCMSISv2p00_LPC17xx.a)
 
18:26:21 **** Build of configuration Debug for project Lib_MCU ****
make -r all 
Building file: ../src/lpc17xx_adc.c
Invoking: MCU C Compiler
arm-none-eabi-gcc -D__REDLIB__ -DDEBUG -D__CODE_RED -I"C:\Users\Debajyoti Maitra\Documents\LPCXpresso_8.2.2_650\workspace\Lib_MCU\inc" -I"C:\Users\Debajyoti Maitra\Documents\LPCXpresso_8.2.2_650\workspace\CMSISv2p00_LPC17xx\inc" -O0 -g3 -Wall -c -fmessage-length=0 -fno-builtin -ffunction-sections -mcpu=cortex-m3 -mthumb -D__REDLIB__ -specs=redlib.specs -MMD -MP -MF"src/lpc17xx_adc.d" -MT"src/lpc17xx_adc.o" -MT"src/lpc17xx_adc.d" -o "src/lpc17xx_adc.o" "../src/lpc17xx_adc.c"
Finished building: ../src/lpc17xx_adc.c
 
Building file: ../src/lpc17xx_can.c
Invoking: MCU C Compiler
arm-none-eabi-gcc -D__REDLIB__ -DDEBUG -D__CODE_RED -I"C:\Users\Debajyoti Maitra\Documents\LPCXpresso_8.2.2_650\workspace\Lib_MCU\inc" -I"C:\Users\Debajyoti Maitra\Documents\LPCXpresso_8.2.2_650\workspace\CMSISv2p00_LPC17xx\inc" -O0 -g3 -Wall -c -fmessage-length=0 -fno-builtin -ffunction-sections -mcpu=cortex-m3 -mthumb -D__REDLIB__ -specs=redlib.specs -MMD -MP -MF"src/lpc17xx_can.d" -MT"src/lpc17xx_can.o" -MT"src/lpc17xx_can.d" -o "src/lpc17xx_can.o" "../src/lpc17xx_can.c"
Finished building: ../src/lpc17xx_can.c
 
Building file: ../src/lpc17xx_clkpwr.c
Invoking: MCU C Compiler
arm-none-eabi-gcc -D__REDLIB__ -DDEBUG -D__CODE_RED -I"C:\Users\Debajyoti Maitra\Documents\LPCXpresso_8.2.2_650\workspace\Lib_MCU\inc" -I"C:\Users\Debajyoti Maitra\Documents\LPCXpresso_8.2.2_650\workspace\CMSISv2p00_LPC17xx\inc" -O0 -g3 -Wall -c -fmessage-length=0 -fno-builtin -ffunction-sections -mcpu=cortex-m3 -mthumb -D__REDLIB__ -specs=redlib.specs -MMD -MP -MF"src/lpc17xx_clkpwr.d" -MT"src/lpc17xx_clkpwr.o" -MT"src/lpc17xx_clkpwr.d" -o "src/lpc17xx_clkpwr.o" "../src/lpc17xx_clkpwr.c"
Finished building: ../src/lpc17xx_clkpwr.c
 
Building file: ../src/lpc17xx_dac.c
Invoking: MCU C Compiler
arm-none-eabi-gcc -D__REDLIB__ -DDEBUG -D__CODE_RED -I"C:\Users\Debajyoti Maitra\Documents\LPCXpresso_8.2.2_650\workspace\Lib_MCU\inc" -I"C:\Users\Debajyoti Maitra\Documents\LPCXpresso_8.2.2_650\workspace\CMSISv2p00_LPC17xx\inc" -O0 -g3 -Wall -c -fmessage-length=0 -fno-builtin -ffunction-sections -mcpu=cortex-m3 -mthumb -D__REDLIB__ -specs=redlib.specs -MMD -MP -MF"src/lpc17xx_dac.d" -MT"src/lpc17xx_dac.o" -MT"src/lpc17xx_dac.d" -o "src/lpc17xx_dac.o" "../src/lpc17xx_dac.c"
Finished building: ../src/lpc17xx_dac.c
 
Building file: ../src/lpc17xx_emac.c
Invoking: MCU C Compiler
arm-none-eabi-gcc -D__REDLIB__ -DDEBUG -D__CODE_RED -I"C:\Users\Debajyoti Maitra\Documents\LPCXpresso_8.2.2_650\workspace\Lib_MCU\inc" -I"C:\Users\Debajyoti Maitra\Documents\LPCXpresso_8.2.2_650\workspace\CMSISv2p00_LPC17xx\inc" -O0 -g3 -Wall -c -fmessage-length=0 -fno-builtin -ffunction-sections -mcpu=cortex-m3 -mthumb -D__REDLIB__ -specs=redlib.specs -MMD -MP -MF"src/lpc17xx_emac.d" -MT"src/lpc17xx_emac.o" -MT"src/lpc17xx_emac.d" -o "src/lpc17xx_emac.o" "../src/lpc17xx_emac.c"
Finished building: ../src/lpc17xx_emac.c
 
Building file: ../src/lpc17xx_exti.c
Invoking: MCU C Compiler
arm-none-eabi-gcc -D__REDLIB__ -DDEBUG -D__CODE_RED -I"C:\Users\Debajyoti Maitra\Documents\LPCXpresso_8.2.2_650\workspace\Lib_MCU\inc" -I"C:\Users\Debajyoti Maitra\Documents\LPCXpresso_8.2.2_650\workspace\CMSISv2p00_LPC17xx\inc" -O0 -g3 -Wall -c -fmessage-length=0 -fno-builtin -ffunction-sections -mcpu=cortex-m3 -mthumb -D__REDLIB__ -specs=redlib.specs -MMD -MP -MF"src/lpc17xx_exti.d" -MT"src/lpc17xx_exti.o" -MT"src/lpc17xx_exti.d" -o "src/lpc17xx_exti.o" "../src/lpc17xx_exti.c"
Finished building: ../src/lpc17xx_exti.c
 
Building file: ../src/lpc17xx_gpdma.c
Invoking: MCU C Compiler
arm-none-eabi-gcc -D__REDLIB__ -DDEBUG -D__CODE_RED -I"C:\Users\Debajyoti Maitra\Documents\LPCXpresso_8.2.2_650\workspace\Lib_MCU\inc" -I"C:\Users\Debajyoti Maitra\Documents\LPCXpresso_8.2.2_650\workspace\CMSISv2p00_LPC17xx\inc" -O0 -g3 -Wall -c -fmessage-length=0 -fno-builtin -ffunction-sections -mcpu=cortex-m3 -mthumb -D__REDLIB__ -specs=redlib.specs -MMD -MP -MF"src/lpc17xx_gpdma.d" -MT"src/lpc17xx_gpdma.o" -MT"src/lpc17xx_gpdma.d" -o "src/lpc17xx_gpdma.o" "../src/lpc17xx_gpdma.c"
Finished building: ../src/lpc17xx_gpdma.c
 
Building file: ../src/lpc17xx_gpio.c
Invoking: MCU C Compiler
arm-none-eabi-gcc -D__REDLIB__ -DDEBUG -D__CODE_RED -I"C:\Users\Debajyoti Maitra\Documents\LPCXpresso_8.2.2_650\workspace\Lib_MCU\inc" -I"C:\Users\Debajyoti Maitra\Documents\LPCXpresso_8.2.2_650\workspace\CMSISv2p00_LPC17xx\inc" -O0 -g3 -Wall -c -fmessage-length=0 -fno-builtin -ffunction-sections -mcpu=cortex-m3 -mthumb -D__REDLIB__ -specs=redlib.specs -MMD -MP -MF"src/lpc17xx_gpio.d" -MT"src/lpc17xx_gpio.o" -MT"src/lpc17xx_gpio.d" -o "src/lpc17xx_gpio.o" "../src/lpc17xx_gpio.c"
Finished building: ../src/lpc17xx_gpio.c
 
Building file: ../src/lpc17xx_i2c.c
Invoking: MCU C Compiler
arm-none-eabi-gcc -D__REDLIB__ -DDEBUG -D__CODE_RED -I"C:\Users\Debajyoti Maitra\Documents\LPCXpresso_8.2.2_650\workspace\Lib_MCU\inc" -I"C:\Users\Debajyoti Maitra\Documents\LPCXpresso_8.2.2_650\workspace\CMSISv2p00_LPC17xx\inc" -O0 -g3 -Wall -c -fmessage-length=0 -fno-builtin -ffunction-sections -mcpu=cortex-m3 -mthumb -D__REDLIB__ -specs=redlib.specs -MMD -MP -MF"src/lpc17xx_i2c.d" -MT"src/lpc17xx_i2c.o" -MT"src/lpc17xx_i2c.d" -o "src/lpc17xx_i2c.o" "../src/lpc17xx_i2c.c"
Finished building: ../src/lpc17xx_i2c.c
 
Building file: ../src/lpc17xx_i2s.c
Invoking: MCU C Compiler
arm-none-eabi-gcc -D__REDLIB__ -DDEBUG -D__CODE_RED -I"C:\Users\Debajyoti Maitra\Documents\LPCXpresso_8.2.2_650\workspace\Lib_MCU\inc" -I"C:\Users\Debajyoti Maitra\Documents\LPCXpresso_8.2.2_650\workspace\CMSISv2p00_LPC17xx\inc" -O0 -g3 -Wall -c -fmessage-length=0 -fno-builtin -ffunction-sections -mcpu=cortex-m3 -mthumb -D__REDLIB__ -specs=redlib.specs -MMD -MP -MF"src/lpc17xx_i2s.d" -MT"src/lpc17xx_i2s.o" -MT"src/lpc17xx_i2s.d" -o "src/lpc17xx_i2s.o" "../src/lpc17xx_i2s.c"
Finished building: ../src/lpc17xx_i2s.c
 
Building file: ../src/lpc17xx_libcfg_default.c
Invoking: MCU C Compiler
arm-none-eabi-gcc -D__REDLIB__ -DDEBUG -D__CODE_RED -I"C:\Users\Debajyoti Maitra\Documents\LPCXpresso_8.2.2_650\workspace\Lib_MCU\inc" -I"C:\Users\Debajyoti Maitra\Documents\LPCXpresso_8.2.2_650\workspace\CMSISv2p00_LPC17xx\inc" -O0 -g3 -Wall -c -fmessage-length=0 -fno-builtin -ffunction-sections -mcpu=cortex-m3 -mthumb -D__REDLIB__ -specs=redlib.specs -MMD -MP -MF"src/lpc17xx_libcfg_default.d" -MT"src/lpc17xx_libcfg_default.o" -MT"src/lpc17xx_libcfg_default.d" -o "src/lpc17xx_libcfg_default.o" "../src/lpc17xx_libcfg_default.c"
Finished building: ../src/lpc17xx_libcfg_default.c
 
Building file: ../src/lpc17xx_mcpwm.c
Invoking: MCU C Compiler
arm-none-eabi-gcc -D__REDLIB__ -DDEBUG -D__CODE_RED -I"C:\Users\Debajyoti Maitra\Documents\LPCXpresso_8.2.2_650\workspace\Lib_MCU\inc" -I"C:\Users\Debajyoti Maitra\Documents\LPCXpresso_8.2.2_650\workspace\CMSISv2p00_LPC17xx\inc" -O0 -g3 -Wall -c -fmessage-length=0 -fno-builtin -ffunction-sections -mcpu=cortex-m3 -mthumb -D__REDLIB__ -specs=redlib.specs -MMD -MP -MF"src/lpc17xx_mcpwm.d" -MT"src/lpc17xx_mcpwm.o" -MT"src/lpc17xx_mcpwm.d" -o "src/lpc17xx_mcpwm.o" "../src/lpc17xx_mcpwm.c"
Finished building: ../src/lpc17xx_mcpwm.c
 
Building file: ../src/lpc17xx_nvic.c
Invoking: MCU C Compiler
arm-none-eabi-gcc -D__REDLIB__ -DDEBUG -D__CODE_RED -I"C:\Users\Debajyoti Maitra\Documents\LPCXpresso_8.2.2_650\workspace\Lib_MCU\inc" -I"C:\Users\Debajyoti Maitra\Documents\LPCXpresso_8.2.2_650\workspace\CMSISv2p00_LPC17xx\inc" -O0 -g3 -Wall -c -fmessage-length=0 -fno-builtin -ffunction-sections -mcpu=cortex-m3 -mthumb -D__REDLIB__ -specs=redlib.specs -MMD -MP -MF"src/lpc17xx_nvic.d" -MT"src/lpc17xx_nvic.o" -MT"src/lpc17xx_nvic.d" -o "src/lpc17xx_nvic.o" "../src/lpc17xx_nvic.c"
Finished building: ../src/lpc17xx_nvic.c
 
Building file: ../src/lpc17xx_pinsel.c
Invoking: MCU C Compiler
arm-none-eabi-gcc -D__REDLIB__ -DDEBUG -D__CODE_RED -I"C:\Users\Debajyoti Maitra\Documents\LPCXpresso_8.2.2_650\workspace\Lib_MCU\inc" -I"C:\Users\Debajyoti Maitra\Documents\LPCXpresso_8.2.2_650\workspace\CMSISv2p00_LPC17xx\inc" -O0 -g3 -Wall -c -fmessage-length=0 -fno-builtin -ffunction-sections -mcpu=cortex-m3 -mthumb -D__REDLIB__ -specs=redlib.specs -MMD -MP -MF"src/lpc17xx_pinsel.d" -MT"src/lpc17xx_pinsel.o" -MT"src/lpc17xx_pinsel.d" -o "src/lpc17xx_pinsel.o" "../src/lpc17xx_pinsel.c"
Finished building: ../src/lpc17xx_pinsel.c
 
Building file: ../src/lpc17xx_pwm.c
Invoking: MCU C Compiler
arm-none-eabi-gcc -D__REDLIB__ -DDEBUG -D__CODE_RED -I"C:\Users\Debajyoti Maitra\Documents\LPCXpresso_8.2.2_650\workspace\Lib_MCU\inc" -I"C:\Users\Debajyoti Maitra\Documents\LPCXpresso_8.2.2_650\workspace\CMSISv2p00_LPC17xx\inc" -O0 -g3 -Wall -c -fmessage-length=0 -fno-builtin -ffunction-sections -mcpu=cortex-m3 -mthumb -D__REDLIB__ -specs=redlib.specs -MMD -MP -MF"src/lpc17xx_pwm.d" -MT"src/lpc17xx_pwm.o" -MT"src/lpc17xx_pwm.d" -o "src/lpc17xx_pwm.o" "../src/lpc17xx_pwm.c"
Finished building: ../src/lpc17xx_pwm.c
 
Building file: ../src/lpc17xx_qei.c
Invoking: MCU C Compiler
arm-none-eabi-gcc -D__REDLIB__ -DDEBUG -D__CODE_RED -I"C:\Users\Debajyoti Maitra\Documents\LPCXpresso_8.2.2_650\workspace\Lib_MCU\inc" -I"C:\Users\Debajyoti Maitra\Documents\LPCXpresso_8.2.2_650\workspace\CMSISv2p00_LPC17xx\inc" -O0 -g3 -Wall -c -fmessage-length=0 -fno-builtin -ffunction-sections -mcpu=cortex-m3 -mthumb -D__REDLIB__ -specs=redlib.specs -MMD -MP -MF"src/lpc17xx_qei.d" -MT"src/lpc17xx_qei.o" -MT"src/lpc17xx_qei.d" -o "src/lpc17xx_qei.o" "../src/lpc17xx_qei.c"
Finished building: ../src/lpc17xx_qei.c
 
Building file: ../src/lpc17xx_rit.c
Invoking: MCU C Compiler
arm-none-eabi-gcc -D__REDLIB__ -DDEBUG -D__CODE_RED -I"C:\Users\Debajyoti Maitra\Documents\LPCXpresso_8.2.2_650\workspace\Lib_MCU\inc" -I"C:\Users\Debajyoti Maitra\Documents\LPCXpresso_8.2.2_650\workspace\CMSISv2p00_LPC17xx\inc" -O0 -g3 -Wall -c -fmessage-length=0 -fno-builtin -ffunction-sections -mcpu=cortex-m3 -mthumb -D__REDLIB__ -specs=redlib.specs -MMD -MP -MF"src/lpc17xx_rit.d" -MT"src/lpc17xx_rit.o" -MT"src/lpc17xx_rit.d" -o "src/lpc17xx_rit.o" "../src/lpc17xx_rit.c"
Finished building: ../src/lpc17xx_rit.c
 
Building file: ../src/lpc17xx_rtc.c
Invoking: MCU C Compiler
arm-none-eabi-gcc -D__REDLIB__ -DDEBUG -D__CODE_RED -I"C:\Users\Debajyoti Maitra\Documents\LPCXpresso_8.2.2_650\workspace\Lib_MCU\inc" -I"C:\Users\Debajyoti Maitra\Documents\LPCXpresso_8.2.2_650\workspace\CMSISv2p00_LPC17xx\inc" -O0 -g3 -Wall -c -fmessage-length=0 -fno-builtin -ffunction-sections -mcpu=cortex-m3 -mthumb -D__REDLIB__ -specs=redlib.specs -MMD -MP -MF"src/lpc17xx_rtc.d" -MT"src/lpc17xx_rtc.o" -MT"src/lpc17xx_rtc.d" -o "src/lpc17xx_rtc.o" "../src/lpc17xx_rtc.c"
Finished building: ../src/lpc17xx_rtc.c
 
Building file: ../src/lpc17xx_spi.c
Invoking: MCU C Compiler
arm-none-eabi-gcc -D__REDLIB__ -DDEBUG -D__CODE_RED -I"C:\Users\Debajyoti Maitra\Documents\LPCXpresso_8.2.2_650\workspace\Lib_MCU\inc" -I"C:\Users\Debajyoti Maitra\Documents\LPCXpresso_8.2.2_650\workspace\CMSISv2p00_LPC17xx\inc" -O0 -g3 -Wall -c -fmessage-length=0 -fno-builtin -ffunction-sections -mcpu=cortex-m3 -mthumb -D__REDLIB__ -specs=redlib.specs -MMD -MP -MF"src/lpc17xx_spi.d" -MT"src/lpc17xx_spi.o" -MT"src/lpc17xx_spi.d" -o "src/lpc17xx_spi.o" "../src/lpc17xx_spi.c"
Finished building: ../src/lpc17xx_spi.c
 
Building file: ../src/lpc17xx_ssp.c
Invoking: MCU C Compiler
arm-none-eabi-gcc -D__REDLIB__ -DDEBUG -D__CODE_RED -I"C:\Users\Debajyoti Maitra\Documents\LPCXpresso_8.2.2_650\workspace\Lib_MCU\inc" -I"C:\Users\Debajyoti Maitra\Documents\LPCXpresso_8.2.2_650\workspace\CMSISv2p00_LPC17xx\inc" -O0 -g3 -Wall -c -fmessage-length=0 -fno-builtin -ffunction-sections -mcpu=cortex-m3 -mthumb -D__REDLIB__ -specs=redlib.specs -MMD -MP -MF"src/lpc17xx_ssp.d" -MT"src/lpc17xx_ssp.o" -MT"src/lpc17xx_ssp.d" -o "src/lpc17xx_ssp.o" "../src/lpc17xx_ssp.c"
Finished building: ../src/lpc17xx_ssp.c
 
Building file: ../src/lpc17xx_systick.c
Invoking: MCU C Compiler
arm-none-eabi-gcc -D__REDLIB__ -DDEBUG -D__CODE_RED -I"C:\Users\Debajyoti Maitra\Documents\LPCXpresso_8.2.2_650\workspace\Lib_MCU\inc" -I"C:\Users\Debajyoti Maitra\Documents\LPCXpresso_8.2.2_650\workspace\CMSISv2p00_LPC17xx\inc" -O0 -g3 -Wall -c -fmessage-length=0 -fno-builtin -ffunction-sections -mcpu=cortex-m3 -mthumb -D__REDLIB__ -specs=redlib.specs -MMD -MP -MF"src/lpc17xx_systick.d" -MT"src/lpc17xx_systick.o" -MT"src/lpc17xx_systick.d" -o "src/lpc17xx_systick.o" "../src/lpc17xx_systick.c"
Finished building: ../src/lpc17xx_systick.c
 
Building file: ../src/lpc17xx_timer.c
Invoking: MCU C Compiler
arm-none-eabi-gcc -D__REDLIB__ -DDEBUG -D__CODE_RED -I"C:\Users\Debajyoti Maitra\Documents\LPCXpresso_8.2.2_650\workspace\Lib_MCU\inc" -I"C:\Users\Debajyoti Maitra\Documents\LPCXpresso_8.2.2_650\workspace\CMSISv2p00_LPC17xx\inc" -O0 -g3 -Wall -c -fmessage-length=0 -fno-builtin -ffunction-sections -mcpu=cortex-m3 -mthumb -D__REDLIB__ -specs=redlib.specs -MMD -MP -MF"src/lpc17xx_timer.d" -MT"src/lpc17xx_timer.o" -MT"src/lpc17xx_timer.d" -o "src/lpc17xx_timer.o" "../src/lpc17xx_timer.c"
Finished building: ../src/lpc17xx_timer.c
 
Building file: ../src/lpc17xx_uart.c
Invoking: MCU C Compiler
arm-none-eabi-gcc -D__REDLIB__ -DDEBUG -D__CODE_RED -I"C:\Users\Debajyoti Maitra\Documents\LPCXpresso_8.2.2_650\workspace\Lib_MCU\inc" -I"C:\Users\Debajyoti Maitra\Documents\LPCXpresso_8.2.2_650\workspace\CMSISv2p00_LPC17xx\inc" -O0 -g3 -Wall -c -fmessage-length=0 -fno-builtin -ffunction-sections -mcpu=cortex-m3 -mthumb -D__REDLIB__ -specs=redlib.specs -MMD -MP -MF"src/lpc17xx_uart.d" -MT"src/lpc17xx_uart.o" -MT"src/lpc17xx_uart.d" -o "src/lpc17xx_uart.o" "../src/lpc17xx_uart.c"
Finished building: ../src/lpc17xx_uart.c
 
Building file: ../src/lpc17xx_wdt.c
Invoking: MCU C Compiler
arm-none-eabi-gcc -D__REDLIB__ -DDEBUG -D__CODE_RED -I"C:\Users\Debajyoti Maitra\Documents\LPCXpresso_8.2.2_650\workspace\Lib_MCU\inc" -I"C:\Users\Debajyoti Maitra\Documents\LPCXpresso_8.2.2_650\workspace\CMSISv2p00_LPC17xx\inc" -O0 -g3 -Wall -c -fmessage-length=0 -fno-builtin -ffunction-sections -mcpu=cortex-m3 -mthumb -D__REDLIB__ -specs=redlib.specs -MMD -MP -MF"src/lpc17xx_wdt.d" -MT"src/lpc17xx_wdt.o" -MT"src/lpc17xx_wdt.d" -o "src/lpc17xx_wdt.o" "../src/lpc17xx_wdt.c"
Finished building: ../src/lpc17xx_wdt.c
 
Building target: libLib_MCU.a
Invoking: MCU Archiver
arm-none-eabi-ar -r  "libLib_MCU.a"  ./src/lpc17xx_adc.o ./src/lpc17xx_can.o ./src/lpc17xx_clkpwr.o ./src/lpc17xx_dac.o ./src/lpc17xx_emac.o ./src/lpc17xx_exti.o ./src/lpc17xx_gpdma.o ./src/lpc17xx_gpio.o ./src/lpc17xx_i2c.o ./src/lpc17xx_i2s.o ./src/lpc17xx_libcfg_default.o ./src/lpc17xx_mcpwm.o ./src/lpc17xx_nvic.o ./src/lpc17xx_pinsel.o ./src/lpc17xx_pwm.o ./src/lpc17xx_qei.o ./src/lpc17xx_rit.o ./src/lpc17xx_rtc.o ./src/lpc17xx_spi.o ./src/lpc17xx_ssp.o ./src/lpc17xx_systick.o ./src/lpc17xx_timer.o ./src/lpc17xx_uart.o ./src/lpc17xx_wdt.o   
c:\nxp\LPCXpresso_8.2.2_650\lpcxpresso\tools\bin\arm-none-eabi-ar.exe: creating libLib_MCU.a
Finished building target: libLib_MCU.a
 
make --no-print-directory post-build
Performing post-build steps
arm-none-eabi-size libLib_MCU.a ; # arm-none-eabi-objdump -h -S libLib_MCU.a >libLib_MCU.lss
   text	   data	    bss	    dec	    hex	filename
   1257	      0	      0	   1257	    4e9	lpc17xx_adc.o (ex libLib_MCU.a)
  11133	      0	     10	  11143	   2b87	lpc17xx_can.o (ex libLib_MCU.a)
    536	      0	      0	    536	    218	lpc17xx_clkpwr.o (ex libLib_MCU.a)
    381	      0	      0	    381	    17d	lpc17xx_dac.o (ex libLib_MCU.a)
   2659	      0	  10852	  13511	   34c7	lpc17xx_emac.o (ex libLib_MCU.a)
    344	      0	      0	    344	    158	lpc17xx_exti.o (ex libLib_MCU.a)
   1551	     32	      0	   1583	    62f	lpc17xx_gpdma.o (ex libLib_MCU.a)
   2144	      0	      0	   2144	    860	lpc17xx_gpio.o (ex libLib_MCU.a)
   4485	      0	     52	   4537	   11b9	lpc17xx_i2c.o (ex libLib_MCU.a)
   2753	      0	      0	   2753	    ac1	lpc17xx_i2s.o (ex libLib_MCU.a)
     12	      0	      0	     12	      c	lpc17xx_libcfg_default.o (ex libLib_MCU.a)
   1820	      0	      0	   1820	    71c	lpc17xx_mcpwm.o (ex libLib_MCU.a)
    232	      0	      0	    232	     e8	lpc17xx_nvic.o (ex libLib_MCU.a)
    564	      0	      0	    564	    234	lpc17xx_pinsel.o (ex libLib_MCU.a)
   2765	      0	      0	   2765	    acd	lpc17xx_pwm.o (ex libLib_MCU.a)
   2145	      0	      0	   2145	    861	lpc17xx_qei.o (ex libLib_MCU.a)
    557	      0	      0	    557	    22d	lpc17xx_rit.o (ex libLib_MCU.a)
   3913	      0	      0	   3913	    f49	lpc17xx_rtc.o (ex libLib_MCU.a)
   1365	      0	      0	   1365	    555	lpc17xx_spi.o (ex libLib_MCU.a)
   2609	      0	      0	   2609	    a31	lpc17xx_ssp.o (ex libLib_MCU.a)
    497	      0	      0	    497	    1f1	lpc17xx_systick.o (ex libLib_MCU.a)
   2787	      0	      0	   2787	    ae3	lpc17xx_timer.o (ex libLib_MCU.a)
   5502	      0	      0	   5502	   157e	lpc17xx_uart.o (ex libLib_MCU.a)
    705	      0	      0	    705	    2c1	lpc17xx_wdt.o (ex libLib_MCU.a)
 
18:26:25 **** Build of configuration Debug for project FreeRTOS_Library ****
make -r all 
Building file: ../portable/heap_2.c
Invoking: MCU C Compiler
arm-none-eabi-gcc -D__REDLIB__ -I"C:\Users\Debajyoti Maitra\Documents\LPCXpresso_8.2.2_650\workspace\FreeRTOS_Library\include" -I"C:\Users\Debajyoti Maitra\Documents\LPCXpresso_8.2.2_650\workspace\CMSISv2p00_LPC17xx" -I"C:\Users\Debajyoti Maitra\Documents\LPCXpresso_8.2.2_650\workspace\FreeRTOS_Library\portable" -I"C:\Users\Debajyoti Maitra\Documents\LPCXpresso_8.2.2_650\workspace\FreeRTOS_Library\demo_code" -O1 -g3 -Wall -c -fmessage-length=0 -mcpu=cortex-m3 -mthumb -D__REDLIB__ -specs=redlib.specs -MMD -MP -MF"portable/heap_2.d" -MT"portable/heap_2.o" -MT"portable/heap_2.d" -o "portable/heap_2.o" "../portable/heap_2.c"
In file included from C:\Users\Debajyoti Maitra\Documents\LPCXpresso_8.2.2_650\workspace\FreeRTOS_Library\include/FreeRTOS.h:67:0,
                 from ../portable/heap_2.c:69:
C:\Users\Debajyoti Maitra\Documents\LPCXpresso_8.2.2_650\workspace\FreeRTOS_Library\include/FreeRTOSConfig.h:42:21: fatal error: LPC17xx.h: No such file or directory
compilation terminated.
make: *** [portable/heap_2.o] Error 1
18:26:26 **** Build of configuration Debug for project Example01_eq_prio ****
make -r all 
Building file: ../cr_startup_lpc17.c
Invoking: MCU C Compiler
[...]
Invoking: MCU C Compiler
arm-none-eabi-gcc -DDEBUG -D__CODE_RED -D__REDLIB__ -I"C:\Users\Debajyoti Maitra\Documents\LPCXpresso_8.2.2_650\workspace\CMSISv1p30_LPC17xx\inc" -O0 -g3 -Wall -c -fmessage-length=0 -fno-builtin -ffunction-sections -mcpu=cortex-m3 -mthumb -D__REDLIB__ -specs=redlib.specs -MMD -MP -MF"src/core_cm3.d" -MT"src/core_cm3.o" -MT"src/core_cm3.d" -o "src/core_cm3.o" "../src/core_cm3.c"
C:\Users\DEBAJY~1\AppData\Local\Temp\ccjfajRR.s: Assembler messages:
C:\Users\DEBAJY~1\AppData\Local\Temp\ccjfajRR.s:874: Error: registers may not be the same -- `strexb r3,r2,[r3]'
C:\Users\DEBAJY~1\AppData\Local\Temp\ccjfajRR.s:926: Error: registers may not be the same -- `strexh r3,r2,[r3]'
make: *** [src/core_cm3.o] Error 1
23:22:00 **** Incremental Build of configuration Debug for project CMSISv2p00_LPC17xx ****
make -r all 
make: Nothing to be done for `all'.
23:22:00 **** Build of configuration Debug for project Lib_MCU ****
make -r all 
Building file: ../src/lpc17xx_adc.c
Invoking: MCU C Compiler
arm-none-eabi-gcc -D__REDLIB__ -DDEBUG -D__CODE_RED -I"C:\Users\Debajyoti Maitra\Documents\LPCXpresso_8.2.2_650\workspace\Lib_MCU\inc" -I"C:\Users\Debajyoti Maitra\Documents\LPCXpresso_8.2.2_650\workspace\CMSISv2p00_LPC17xx\inc" -O0 -g3 -Wall -c -fmessage-length=0 -fno-builtin -ffunction-sections -mcpu=cortex-m3 -mthumb -D__REDLIB__ -specs=redlib.specs -MMD -MP -MF"src/lpc17xx_adc.d" -MT"src/lpc17xx_adc.o" -MT"src/lpc17xx_adc.d" -o "src/lpc17xx_adc.o" "../src/lpc17xx_adc.c"
Finished building: ../src/lpc17xx_adc.c
 
Building file: ../src/lpc17xx_can.c
Invoking: MCU C Compiler
arm-none-eabi-gcc -D__REDLIB__ -DDEBUG -D__CODE_RED -I"C:\Users\Debajyoti Maitra\Documents\LPCXpresso_8.2.2_650\workspace\Lib_MCU\inc" -I"C:\Users\Debajyoti Maitra\Documents\LPCXpresso_8.2.2_650\workspace\CMSISv2p00_LPC17xx\inc" -O0 -g3 -Wall -c -fmessage-length=0 -fno-builtin -ffunction-sections -mcpu=cortex-m3 -mthumb -D__REDLIB__ -specs=redlib.specs -MMD -MP -MF"src/lpc17xx_can.d" -MT"src/lpc17xx_can.o" -MT"src/lpc17xx_can.d" -o "src/lpc17xx_can.o" "../src/lpc17xx_can.c"
Finished building: ../src/lpc17xx_can.c
 
Building file: ../src/lpc17xx_clkpwr.c
Invoking: MCU C Compiler
arm-none-eabi-gcc -D__REDLIB__ -DDEBUG -D__CODE_RED -I"C:\Users\Debajyoti Maitra\Documents\LPCXpresso_8.2.2_650\workspace\Lib_MCU\inc" -I"C:\Users\Debajyoti Maitra\Documents\LPCXpresso_8.2.2_650\workspace\CMSISv2p00_LPC17xx\inc" -O0 -g3 -Wall -c -fmessage-length=0 -fno-builtin -ffunction-sections -mcpu=cortex-m3 -mthumb -D__REDLIB__ -specs=redlib.specs -MMD -MP -MF"src/lpc17xx_clkpwr.d" -MT"src/lpc17xx_clkpwr.o" -MT"src/lpc17xx_clkpwr.d" -o "src/lpc17xx_clkpwr.o" "../src/lpc17xx_clkpwr.c"
Finished building: ../src/lpc17xx_clkpwr.c
 
Building file: ../src/lpc17xx_dac.c
Invoking: MCU C Compiler
arm-none-eabi-gcc -D__REDLIB__ -DDEBUG -D__CODE_RED -I"C:\Users\Debajyoti Maitra\Documents\LPCXpresso_8.2.2_650\workspace\Lib_MCU\inc" -I"C:\Users\Debajyoti Maitra\Documents\LPCXpresso_8.2.2_650\workspace\CMSISv2p00_LPC17xx\inc" -O0 -g3 -Wall -c -fmessage-length=0 -fno-builtin -ffunction-sections -mcpu=cortex-m3 -mthumb -D__REDLIB__ -specs=redlib.specs -MMD -MP -MF"src/lpc17xx_dac.d" -MT"src/lpc17xx_dac.o" -MT"src/lpc17xx_dac.d" -o "src/lpc17xx_dac.o" "../src/lpc17xx_dac.c"
Finished building: ../src/lpc17xx_dac.c
 
Building file: ../src/lpc17xx_emac.c
Invoking: MCU C Compiler
arm-none-eabi-gcc -D__REDLIB__ -DDEBUG -D__CODE_RED -I"C:\Users\Debajyoti Maitra\Documents\LPCXpresso_8.2.2_650\workspace\Lib_MCU\inc" -I"C:\Users\Debajyoti Maitra\Documents\LPCXpresso_8.2.2_650\workspace\CMSISv2p00_LPC17xx\inc" -O0 -g3 -Wall -c -fmessage-length=0 -fno-builtin -ffunction-sections -mcpu=cortex-m3 -mthumb -D__REDLIB__ -specs=redlib.specs -MMD -MP -MF"src/lpc17xx_emac.d" -MT"src/lpc17xx_emac.o" -MT"src/lpc17xx_emac.d" -o "src/lpc17xx_emac.o" "../src/lpc17xx_emac.c"
Finished building: ../src/lpc17xx_emac.c
 
Building file: ../src/lpc17xx_exti.c
Invoking: MCU C Compiler
arm-none-eabi-gcc -D__REDLIB__ -DDEBUG -D__CODE_RED -I"C:\Users\Debajyoti Maitra\Documents\LPCXpresso_8.2.2_650\workspace\Lib_MCU\inc" -I"C:\Users\Debajyoti Maitra\Documents\LPCXpresso_8.2.2_650\workspace\CMSISv2p00_LPC17xx\inc" -O0 -g3 -Wall -c -fmessage-length=0 -fno-builtin -ffunction-sections -mcpu=cortex-m3 -mthumb -D__REDLIB__ -specs=redlib.specs -MMD -MP -MF"src/lpc17xx_exti.d" -MT"src/lpc17xx_exti.o" -MT"src/lpc17xx_exti.d" -o "src/lpc17xx_exti.o" "../src/lpc17xx_exti.c"
Finished building: ../src/lpc17xx_exti.c
 
Building file: ../src/lpc17xx_gpdma.c
Invoking: MCU C Compiler
arm-none-eabi-gcc -D__REDLIB__ -DDEBUG -D__CODE_RED -I"C:\Users\Debajyoti Maitra\Documents\LPCXpresso_8.2.2_650\workspace\Lib_MCU\inc" -I"C:\Users\Debajyoti Maitra\Documents\LPCXpresso_8.2.2_650\workspace\CMSISv2p00_LPC17xx\inc" -O0 -g3 -Wall -c -fmessage-length=0 -fno-builtin -ffunction-sections -mcpu=cortex-m3 -mthumb -D__REDLIB__ -specs=redlib.specs -MMD -MP -MF"src/lpc17xx_gpdma.d" -MT"src/lpc17xx_gpdma.o" -MT"src/lpc17xx_gpdma.d" -o "src/lpc17xx_gpdma.o" "../src/lpc17xx_gpdma.c"
Finished building: ../src/lpc17xx_gpdma.c
 
Building file: ../src/lpc17xx_gpio.c
Invoking: MCU C Compiler
arm-none-eabi-gcc -D__REDLIB__ -DDEBUG -D__CODE_RED -I"C:\Users\Debajyoti Maitra\Documents\LPCXpresso_8.2.2_650\workspace\Lib_MCU\inc" -I"C:\Users\Debajyoti Maitra\Documents\LPCXpresso_8.2.2_650\workspace\CMSISv2p00_LPC17xx\inc" -O0 -g3 -Wall -c -fmessage-length=0 -fno-builtin -ffunction-sections -mcpu=cortex-m3 -mthumb -D__REDLIB__ -specs=redlib.specs -MMD -MP -MF"src/lpc17xx_gpio.d" -MT"src/lpc17xx_gpio.o" -MT"src/lpc17xx_gpio.d" -o "src/lpc17xx_gpio.o" "../src/lpc17xx_gpio.c"
Finished building: ../src/lpc17xx_gpio.c
 
Building file: ../src/lpc17xx_i2c.c
Invoking: MCU C Compiler
arm-none-eabi-gcc -D__REDLIB__ -DDEBUG -D__CODE_RED -I"C:\Users\Debajyoti Maitra\Documents\LPCXpresso_8.2.2_650\workspace\Lib_MCU\inc" -I"C:\Users\Debajyoti Maitra\Documents\LPCXpresso_8.2.2_650\workspace\CMSISv2p00_LPC17xx\inc" -O0 -g3 -Wall -c -fmessage-length=0 -fno-builtin -ffunction-sections -mcpu=cortex-m3 -mthumb -D__REDLIB__ -specs=redlib.specs -MMD -MP -MF"src/lpc17xx_i2c.d" -MT"src/lpc17xx_i2c.o" -MT"src/lpc17xx_i2c.d" -o "src/lpc17xx_i2c.o" "../src/lpc17xx_i2c.c"
Finished building: ../src/lpc17xx_i2c.c
 
Building file: ../src/lpc17xx_i2s.c
Invoking: MCU C Compiler
arm-none-eabi-gcc -D__REDLIB__ -DDEBUG -D__CODE_RED -I"C:\Users\Debajyoti Maitra\Documents\LPCXpresso_8.2.2_650\workspace\Lib_MCU\inc" -I"C:\Users\Debajyoti Maitra\Documents\LPCXpresso_8.2.2_650\workspace\CMSISv2p00_LPC17xx\inc" -O0 -g3 -Wall -c -fmessage-length=0 -fno-builtin -ffunction-sections -mcpu=cortex-m3 -mthumb -D__REDLIB__ -specs=redlib.specs -MMD -MP -MF"src/lpc17xx_i2s.d" -MT"src/lpc17xx_i2s.o" -MT"src/lpc17xx_i2s.d" -o "src/lpc17xx_i2s.o" "../src/lpc17xx_i2s.c"
Finished building: ../src/lpc17xx_i2s.c
 
Building file: ../src/lpc17xx_libcfg_default.c
Invoking: MCU C Compiler
arm-none-eabi-gcc -D__REDLIB__ -DDEBUG -D__CODE_RED -I"C:\Users\Debajyoti Maitra\Documents\LPCXpresso_8.2.2_650\workspace\Lib_MCU\inc" -I"C:\Users\Debajyoti Maitra\Documents\LPCXpresso_8.2.2_650\workspace\CMSISv2p00_LPC17xx\inc" -O0 -g3 -Wall -c -fmessage-length=0 -fno-builtin -ffunction-sections -mcpu=cortex-m3 -mthumb -D__REDLIB__ -specs=redlib.specs -MMD -MP -MF"src/lpc17xx_libcfg_default.d" -MT"src/lpc17xx_libcfg_default.o" -MT"src/lpc17xx_libcfg_default.d" -o "src/lpc17xx_libcfg_default.o" "../src/lpc17xx_libcfg_default.c"
Finished building: ../src/lpc17xx_libcfg_default.c
 
Building file: ../src/lpc17xx_mcpwm.c
Invoking: MCU C Compiler
arm-none-eabi-gcc -D__REDLIB__ -DDEBUG -D__CODE_RED -I"C:\Users\Debajyoti Maitra\Documents\LPCXpresso_8.2.2_650\workspace\Lib_MCU\inc" -I"C:\Users\Debajyoti Maitra\Documents\LPCXpresso_8.2.2_650\workspace\CMSISv2p00_LPC17xx\inc" -O0 -g3 -Wall -c -fmessage-length=0 -fno-builtin -ffunction-sections -mcpu=cortex-m3 -mthumb -D__REDLIB__ -specs=redlib.specs -MMD -MP -MF"src/lpc17xx_mcpwm.d" -MT"src/lpc17xx_mcpwm.o" -MT"src/lpc17xx_mcpwm.d" -o "src/lpc17xx_mcpwm.o" "../src/lpc17xx_mcpwm.c"
Finished building: ../src/lpc17xx_mcpwm.c
 
Building file: ../src/lpc17xx_nvic.c
Invoking: MCU C Compiler
arm-none-eabi-gcc -D__REDLIB__ -DDEBUG -D__CODE_RED -I"C:\Users\Debajyoti Maitra\Documents\LPCXpresso_8.2.2_650\workspace\Lib_MCU\inc" -I"C:\Users\Debajyoti Maitra\Documents\LPCXpresso_8.2.2_650\workspace\CMSISv2p00_LPC17xx\inc" -O0 -g3 -Wall -c -fmessage-length=0 -fno-builtin -ffunction-sections -mcpu=cortex-m3 -mthumb -D__REDLIB__ -specs=redlib.specs -MMD -MP -MF"src/lpc17xx_nvic.d" -MT"src/lpc17xx_nvic.o" -MT"src/lpc17xx_nvic.d" -o "src/lpc17xx_nvic.o" "../src/lpc17xx_nvic.c"
Finished building: ../src/lpc17xx_nvic.c
 
Building file: ../src/lpc17xx_pinsel.c
Invoking: MCU C Compiler
arm-none-eabi-gcc -D__REDLIB__ -DDEBUG -D__CODE_RED -I"C:\Users\Debajyoti Maitra\Documents\LPCXpresso_8.2.2_650\workspace\Lib_MCU\inc" -I"C:\Users\Debajyoti Maitra\Documents\LPCXpresso_8.2.2_650\workspace\CMSISv2p00_LPC17xx\inc" -O0 -g3 -Wall -c -fmessage-length=0 -fno-builtin -ffunction-sections -mcpu=cortex-m3 -mthumb -D__REDLIB__ -specs=redlib.specs -MMD -MP -MF"src/lpc17xx_pinsel.d" -MT"src/lpc17xx_pinsel.o" -MT"src/lpc17xx_pinsel.d" -o "src/lpc17xx_pinsel.o" "../src/lpc17xx_pinsel.c"
Finished building: ../src/lpc17xx_pinsel.c
 
Building file: ../src/lpc17xx_pwm.c
Invoking: MCU C Compiler
arm-none-eabi-gcc -D__REDLIB__ -DDEBUG -D__CODE_RED -I"C:\Users\Debajyoti Maitra\Documents\LPCXpresso_8.2.2_650\workspace\Lib_MCU\inc" -I"C:\Users\Debajyoti Maitra\Documents\LPCXpresso_8.2.2_650\workspace\CMSISv2p00_LPC17xx\inc" -O0 -g3 -Wall -c -fmessage-length=0 -fno-builtin -ffunction-sections -mcpu=cortex-m3 -mthumb -D__REDLIB__ -specs=redlib.specs -MMD -MP -MF"src/lpc17xx_pwm.d" -MT"src/lpc17xx_pwm.o" -MT"src/lpc17xx_pwm.d" -o "src/lpc17xx_pwm.o" "../src/lpc17xx_pwm.c"
Finished building: ../src/lpc17xx_pwm.c
 
Building file: ../src/lpc17xx_qei.c
Invoking: MCU C Compiler
arm-none-eabi-gcc -D__REDLIB__ -DDEBUG -D__CODE_RED -I"C:\Users\Debajyoti Maitra\Documents\LPCXpresso_8.2.2_650\workspace\Lib_MCU\inc" -I"C:\Users\Debajyoti Maitra\Documents\LPCXpresso_8.2.2_650\workspace\CMSISv2p00_LPC17xx\inc" -O0 -g3 -Wall -c -fmessage-length=0 -fno-builtin -ffunction-sections -mcpu=cortex-m3 -mthumb -D__REDLIB__ -specs=redlib.specs -MMD -MP -MF"src/lpc17xx_qei.d" -MT"src/lpc17xx_qei.o" -MT"src/lpc17xx_qei.d" -o "src/lpc17xx_qei.o" "../src/lpc17xx_qei.c"
Finished building: ../src/lpc17xx_qei.c
 
Building file: ../src/lpc17xx_rit.c
Invoking: MCU C Compiler
arm-none-eabi-gcc -D__REDLIB__ -DDEBUG -D__CODE_RED -I"C:\Users\Debajyoti Maitra\Documents\LPCXpresso_8.2.2_650\workspace\Lib_MCU\inc" -I"C:\Users\Debajyoti Maitra\Documents\LPCXpresso_8.2.2_650\workspace\CMSISv2p00_LPC17xx\inc" -O0 -g3 -Wall -c -fmessage-length=0 -fno-builtin -ffunction-sections -mcpu=cortex-m3 -mthumb -D__REDLIB__ -specs=redlib.specs -MMD -MP -MF"src/lpc17xx_rit.d" -MT"src/lpc17xx_rit.o" -MT"src/lpc17xx_rit.d" -o "src/lpc17xx_rit.o" "../src/lpc17xx_rit.c"
Finished building: ../src/lpc17xx_rit.c
 
Building file: ../src/lpc17xx_rtc.c
Invoking: MCU C Compiler
arm-none-eabi-gcc -D__REDLIB__ -DDEBUG -D__CODE_RED -I"C:\Users\Debajyoti Maitra\Documents\LPCXpresso_8.2.2_650\workspace\Lib_MCU\inc" -I"C:\Users\Debajyoti Maitra\Documents\LPCXpresso_8.2.2_650\workspace\CMSISv2p00_LPC17xx\inc" -O0 -g3 -Wall -c -fmessage-length=0 -fno-builtin -ffunction-sections -mcpu=cortex-m3 -mthumb -D__REDLIB__ -specs=redlib.specs -MMD -MP -MF"src/lpc17xx_rtc.d" -MT"src/lpc17xx_rtc.o" -MT"src/lpc17xx_rtc.d" -o "src/lpc17xx_rtc.o" "../src/lpc17xx_rtc.c"
Finished building: ../src/lpc17xx_rtc.c
 
Building file: ../src/lpc17xx_spi.c
Invoking: MCU C Compiler
arm-none-eabi-gcc -D__REDLIB__ -DDEBUG -D__CODE_RED -I"C:\Users\Debajyoti Maitra\Documents\LPCXpresso_8.2.2_650\workspace\Lib_MCU\inc" -I"C:\Users\Debajyoti Maitra\Documents\LPCXpresso_8.2.2_650\workspace\CMSISv2p00_LPC17xx\inc" -O0 -g3 -Wall -c -fmessage-length=0 -fno-builtin -ffunction-sections -mcpu=cortex-m3 -mthumb -D__REDLIB__ -specs=redlib.specs -MMD -MP -MF"src/lpc17xx_spi.d" -MT"src/lpc17xx_spi.o" -MT"src/lpc17xx_spi.d" -o "src/lpc17xx_spi.o" "../src/lpc17xx_spi.c"
Finished building: ../src/lpc17xx_spi.c
 
Building file: ../src/lpc17xx_ssp.c
Invoking: MCU C Compiler
arm-none-eabi-gcc -D__REDLIB__ -DDEBUG -D__CODE_RED -I"C:\Users\Debajyoti Maitra\Documents\LPCXpresso_8.2.2_650\workspace\Lib_MCU\inc" -I"C:\Users\Debajyoti Maitra\Documents\LPCXpresso_8.2.2_650\workspace\CMSISv2p00_LPC17xx\inc" -O0 -g3 -Wall -c -fmessage-length=0 -fno-builtin -ffunction-sections -mcpu=cortex-m3 -mthumb -D__REDLIB__ -specs=redlib.specs -MMD -MP -MF"src/lpc17xx_ssp.d" -MT"src/lpc17xx_ssp.o" -MT"src/lpc17xx_ssp.d" -o "src/lpc17xx_ssp.o" "../src/lpc17xx_ssp.c"
Finished building: ../src/lpc17xx_ssp.c
 
Building file: ../src/lpc17xx_systick.c
Invoking: MCU C Compiler
arm-none-eabi-gcc -D__REDLIB__ -DDEBUG -D__CODE_RED -I"C:\Users\Debajyoti Maitra\Documents\LPCXpresso_8.2.2_650\workspace\Lib_MCU\inc" -I"C:\Users\Debajyoti Maitra\Documents\LPCXpresso_8.2.2_650\workspace\CMSISv2p00_LPC17xx\inc" -O0 -g3 -Wall -c -fmessage-length=0 -fno-builtin -ffunction-sections -mcpu=cortex-m3 -mthumb -D__REDLIB__ -specs=redlib.specs -MMD -MP -MF"src/lpc17xx_systick.d" -MT"src/lpc17xx_systick.o" -MT"src/lpc17xx_systick.d" -o "src/lpc17xx_systick.o" "../src/lpc17xx_systick.c"
Finished building: ../src/lpc17xx_systick.c
 
Building file: ../src/lpc17xx_timer.c
Invoking: MCU C Compiler
arm-none-eabi-gcc -D__REDLIB__ -DDEBUG -D__CODE_RED -I"C:\Users\Debajyoti Maitra\Documents\LPCXpresso_8.2.2_650\workspace\Lib_MCU\inc" -I"C:\Users\Debajyoti Maitra\Documents\LPCXpresso_8.2.2_650\workspace\CMSISv2p00_LPC17xx\inc" -O0 -g3 -Wall -c -fmessage-length=0 -fno-builtin -ffunction-sections -mcpu=cortex-m3 -mthumb -D__REDLIB__ -specs=redlib.specs -MMD -MP -MF"src/lpc17xx_timer.d" -MT"src/lpc17xx_timer.o" -MT"src/lpc17xx_timer.d" -o "src/lpc17xx_timer.o" "../src/lpc17xx_timer.c"
Finished building: ../src/lpc17xx_timer.c
 
Building file: ../src/lpc17xx_uart.c
Invoking: MCU C Compiler
arm-none-eabi-gcc -D__REDLIB__ -DDEBUG -D__CODE_RED -I"C:\Users\Debajyoti Maitra\Documents\LPCXpresso_8.2.2_650\workspace\Lib_MCU\inc" -I"C:\Users\Debajyoti Maitra\Documents\LPCXpresso_8.2.2_650\workspace\CMSISv2p00_LPC17xx\inc" -O0 -g3 -Wall -c -fmessage-length=0 -fno-builtin -ffunction-sections -mcpu=cortex-m3 -mthumb -D__REDLIB__ -specs=redlib.specs -MMD -MP -MF"src/lpc17xx_uart.d" -MT"src/lpc17xx_uart.o" -MT"src/lpc17xx_uart.d" -o "src/lpc17xx_uart.o" "../src/lpc17xx_uart.c"
Finished building: ../src/lpc17xx_uart.c
 
Building file: ../src/lpc17xx_wdt.c
Invoking: MCU C Compiler
arm-none-eabi-gcc -D__REDLIB__ -DDEBUG -D__CODE_RED -I"C:\Users\Debajyoti Maitra\Documents\LPCXpresso_8.2.2_650\workspace\Lib_MCU\inc" -I"C:\Users\Debajyoti Maitra\Documents\LPCXpresso_8.2.2_650\workspace\CMSISv2p00_LPC17xx\inc" -O0 -g3 -Wall -c -fmessage-length=0 -fno-builtin -ffunction-sections -mcpu=cortex-m3 -mthumb -D__REDLIB__ -specs=redlib.specs -MMD -MP -MF"src/lpc17xx_wdt.d" -MT"src/lpc17xx_wdt.o" -MT"src/lpc17xx_wdt.d" -o "src/lpc17xx_wdt.o" "../src/lpc17xx_wdt.c"
Finished building: ../src/lpc17xx_wdt.c
 
Building target: libLib_MCU.a
Invoking: MCU Archiver
arm-none-eabi-ar -r  "libLib_MCU.a"  ./src/lpc17xx_adc.o ./src/lpc17xx_can.o ./src/lpc17xx_clkpwr.o ./src/lpc17xx_dac.o ./src/lpc17xx_emac.o ./src/lpc17xx_exti.o ./src/lpc17xx_gpdma.o ./src/lpc17xx_gpio.o ./src/lpc17xx_i2c.o ./src/lpc17xx_i2s.o ./src/lpc17xx_libcfg_default.o ./src/lpc17xx_mcpwm.o ./src/lpc17xx_nvic.o ./src/lpc17xx_pinsel.o ./src/lpc17xx_pwm.o ./src/lpc17xx_qei.o ./src/lpc17xx_rit.o ./src/lpc17xx_rtc.o ./src/lpc17xx_spi.o ./src/lpc17xx_ssp.o ./src/lpc17xx_systick.o ./src/lpc17xx_timer.o ./src/lpc17xx_uart.o ./src/lpc17xx_wdt.o   
c:\nxp\LPCXpresso_8.2.2_650\lpcxpresso\tools\bin\arm-none-eabi-ar.exe: creating libLib_MCU.a
Finished building target: libLib_MCU.a
 
make --no-print-directory post-build
Performing post-build steps
arm-none-eabi-size libLib_MCU.a ; # arm-none-eabi-objdump -h -S libLib_MCU.a >libLib_MCU.lss
   text	   data	    bss	    dec	    hex	filename
   1257	      0	      0	   1257	    4e9	lpc17xx_adc.o (ex libLib_MCU.a)
  11133	      0	     10	  11143	   2b87	lpc17xx_can.o (ex libLib_MCU.a)
    536	      0	      0	    536	    218	lpc17xx_clkpwr.o (ex libLib_MCU.a)
    381	      0	      0	    381	    17d	lpc17xx_dac.o (ex libLib_MCU.a)
   2659	      0	  10852	  13511	   34c7	lpc17xx_emac.o (ex libLib_MCU.a)
    344	      0	      0	    344	    158	lpc17xx_exti.o (ex libLib_MCU.a)
   1551	     32	      0	   1583	    62f	lpc17xx_gpdma.o (ex libLib_MCU.a)
   2144	      0	      0	   2144	    860	lpc17xx_gpio.o (ex libLib_MCU.a)
   4485	      0	     52	   4537	   11b9	lpc17xx_i2c.o (ex libLib_MCU.a)
   2753	      0	      0	   2753	    ac1	lpc17xx_i2s.o (ex libLib_MCU.a)
     12	      0	      0	     12	      c	lpc17xx_libcfg_default.o (ex libLib_MCU.a)
   1820	      0	      0	   1820	    71c	lpc17xx_mcpwm.o (ex libLib_MCU.a)
    232	      0	      0	    232	     e8	lpc17xx_nvic.o (ex libLib_MCU.a)
    564	      0	      0	    564	    234	lpc17xx_pinsel.o (ex libLib_MCU.a)
   2765	      0	      0	   2765	    acd	lpc17xx_pwm.o (ex libLib_MCU.a)
   2145	      0	      0	   2145	    861	lpc17xx_qei.o (ex libLib_MCU.a)
    557	      0	      0	    557	    22d	lpc17xx_rit.o (ex libLib_MCU.a)
   3913	      0	      0	   3913	    f49	lpc17xx_rtc.o (ex libLib_MCU.a)
   1365	      0	      0	   1365	    555	lpc17xx_spi.o (ex libLib_MCU.a)
   2609	      0	      0	   2609	    a31	lpc17xx_ssp.o (ex libLib_MCU.a)
    497	      0	      0	    497	    1f1	lpc17xx_systick.o (ex libLib_MCU.a)
   2787	      0	      0	   2787	    ae3	lpc17xx_timer.o (ex libLib_MCU.a)
   5502	      0	      0	   5502	   157e	lpc17xx_uart.o (ex libLib_MCU.a)
    705	      0	      0	    705	    2c1	lpc17xx_wdt.o (ex libLib_MCU.a)
 
23:22:05 **** Build of configuration Debug for project FreeRTOS_Library ****
make -r all 
Building file: ../portable/heap_2.c
Invoking: MCU C Compiler
arm-none-eabi-gcc -D__REDLIB__ -I"C:\Users\Debajyoti Maitra\Documents\LPCXpresso_8.2.2_650\workspace\FreeRTOS_Library\include" -I"C:\Users\Debajyoti Maitra\Documents\LPCXpresso_8.2.2_650\workspace\CMSISv1p30_LPC17xx" -I"C:\Users\Debajyoti Maitra\Documents\LPCXpresso_8.2.2_650\workspace\FreeRTOS_Library\portable" -I"C:\Users\Debajyoti Maitra\Documents\LPCXpresso_8.2.2_650\workspace\FreeRTOS_Library\demo_code" -O1 -g3 -Wall -c -fmessage-length=0 -mcpu=cortex-m3 -mthumb -D__REDLIB__ -specs=redlib.specs -MMD -MP -MF"portable/heap_2.d" -MT"portable/heap_2.o" -MT"portable/heap_2.d" -o "portable/heap_2.o" "../portable/heap_2.c"
In file included from C:\Users\Debajyoti Maitra\Documents\LPCXpresso_8.2.2_650\workspace\FreeRTOS_Library\include/FreeRTOS.h:67:0,
                 from ../portable/heap_2.c:69:
C:\Users\Debajyoti Maitra\Documents\LPCXpresso_8.2.2_650\workspace\FreeRTOS_Library\include/FreeRTOSConfig.h:42:21: fatal error: LPC17xx.h: No such file or directory
compilation terminated.
make: *** [portable/heap_2.o] Error 1
23:22:05 **** Incremental Build of configuration Debug for project Example08_unequ_prio_preemptions ****
make -r all 
Building target: Example08_unequ_prio_preemptions.axf
Invoking: MCU Linker
arm-none-eabi-gcc -nostdlib -L"C:\Users\Debajyoti Maitra\Documents\LPCXpresso_8.2.2_650\workspace\CMSISv2p00_LPC17xx\Debug" -L"C:\Users\Debajyoti Maitra\Documents\LPCXpresso_8.2.2_650\workspace\FreeRTOS_Library\Debug" -Xlinker --gc-sections -Xlinker -Map=Example08_unequ_prio_preemptions.map -mcpu=cortex-m3 -mthumb -T "Example08_unequ_prio_preemptions_Debug.ld" -o "Example08_unequ_prio_preemptions.axf"  ./cr_startup_lpc17.o ./main.o   -lCMSISv2p00_LPC17xx -lFreeRTOS_Library
c:/nxp/lpcxpresso_8.2.2_650/lpcxpresso/tools/bin/../lib/gcc/arm-none-eabi/5.4.1/../../../../arm-none-eabi/bin/ld.exe: cannot find -lFreeRTOS_Library
collect2.exe: error: ld returned 1 exit status
make: *** [Example08_unequ_prio_preemptions.axf] Error 1
